Archive member included to satisfy reference by file (symbol)

c:/progra~1/raspbe~1/picosd~1.1/gcc-ar~1/bin/../lib/gcc/arm-none-eabi/10.3.1/thumb/v6-m/nofp\libgcc.a(_dvmd_tls.o)
                              CMakeFiles/Robot_Arm_2.dir/ae783cfadb10a0055c655bcf0b179659/pico-sdk/src/rp2_common/pico_divider/divider.S.obj (__aeabi_idiv0)
c:/progra~1/raspbe~1/picosd~1.1/gcc-ar~1/bin/../lib/gcc/arm-none-eabi/10.3.1/../../../../arm-none-eabi/lib/thumb/v6-m/nofp\libg.a(lib_a-calloc.o)
                              CMakeFiles/Robot_Arm_2.dir/ae783cfadb10a0055c655bcf0b179659/pico-sdk/src/rp2_common/pico_malloc/pico_malloc.c.obj (calloc)
c:/progra~1/raspbe~1/picosd~1.1/gcc-ar~1/bin/../lib/gcc/arm-none-eabi/10.3.1/../../../../arm-none-eabi/lib/thumb/v6-m/nofp\libg.a(lib_a-callocr.o)
                              c:/progra~1/raspbe~1/picosd~1.1/gcc-ar~1/bin/../lib/gcc/arm-none-eabi/10.3.1/../../../../arm-none-eabi/lib/thumb/v6-m/nofp\libg.a(lib_a-calloc.o) (_calloc_r)
c:/progra~1/raspbe~1/picosd~1.1/gcc-ar~1/bin/../lib/gcc/arm-none-eabi/10.3.1/../../../../arm-none-eabi/lib/thumb/v6-m/nofp\libg.a(lib_a-errno.o)
                              c:/progra~1/raspbe~1/picosd~1.1/gcc-ar~1/bin/../lib/gcc/arm-none-eabi/10.3.1/../../../../arm-none-eabi/lib/thumb/v6-m/nofp\libg.a(lib_a-callocr.o) (__errno)
c:/progra~1/raspbe~1/picosd~1.1/gcc-ar~1/bin/../lib/gcc/arm-none-eabi/10.3.1/../../../../arm-none-eabi/lib/thumb/v6-m/nofp\libg.a(lib_a-impure.o)
                              c:/progra~1/raspbe~1/picosd~1.1/gcc-ar~1/bin/../lib/gcc/arm-none-eabi/10.3.1/../../../../arm-none-eabi/lib/thumb/v6-m/nofp\libg.a(lib_a-calloc.o) (_impure_ptr)
c:/progra~1/raspbe~1/picosd~1.1/gcc-ar~1/bin/../lib/gcc/arm-none-eabi/10.3.1/../../../../arm-none-eabi/lib/thumb/v6-m/nofp\libg.a(lib_a-init.o)
                              c:/progra~1/raspbe~1/picosd~1.1/gcc-ar~1/bin/../lib/gcc/arm-none-eabi/10.3.1/../../../../arm-none-eabi/lib/thumb/v6-m/nofp/crt0.o (__libc_init_array)
c:/progra~1/raspbe~1/picosd~1.1/gcc-ar~1/bin/../lib/gcc/arm-none-eabi/10.3.1/../../../../arm-none-eabi/lib/thumb/v6-m/nofp\libg.a(lib_a-malloc.o)
                              CMakeFiles/Robot_Arm_2.dir/ae783cfadb10a0055c655bcf0b179659/pico-sdk/src/rp2_common/pico_malloc/pico_malloc.c.obj (malloc)
c:/progra~1/raspbe~1/picosd~1.1/gcc-ar~1/bin/../lib/gcc/arm-none-eabi/10.3.1/../../../../arm-none-eabi/lib/thumb/v6-m/nofp\libg.a(lib_a-mallocr.o)
                              c:/progra~1/raspbe~1/picosd~1.1/gcc-ar~1/bin/../lib/gcc/arm-none-eabi/10.3.1/../../../../arm-none-eabi/lib/thumb/v6-m/nofp\libg.a(lib_a-callocr.o) (_malloc_r)
c:/progra~1/raspbe~1/picosd~1.1/gcc-ar~1/bin/../lib/gcc/arm-none-eabi/10.3.1/../../../../arm-none-eabi/lib/thumb/v6-m/nofp\libg.a(lib_a-mlock.o)
                              c:/progra~1/raspbe~1/picosd~1.1/gcc-ar~1/bin/../lib/gcc/arm-none-eabi/10.3.1/../../../../arm-none-eabi/lib/thumb/v6-m/nofp\libg.a(lib_a-mallocr.o) (__malloc_lock)
c:/progra~1/raspbe~1/picosd~1.1/gcc-ar~1/bin/../lib/gcc/arm-none-eabi/10.3.1/../../../../arm-none-eabi/lib/thumb/v6-m/nofp\libg.a(lib_a-realloc.o)
                              CMakeFiles/Robot_Arm_2.dir/ae783cfadb10a0055c655bcf0b179659/pico-sdk/src/rp2_common/pico_malloc/pico_malloc.c.obj (realloc)
c:/progra~1/raspbe~1/picosd~1.1/gcc-ar~1/bin/../lib/gcc/arm-none-eabi/10.3.1/../../../../arm-none-eabi/lib/thumb/v6-m/nofp\libg.a(lib_a-reallocr.o)
                              c:/progra~1/raspbe~1/picosd~1.1/gcc-ar~1/bin/../lib/gcc/arm-none-eabi/10.3.1/../../../../arm-none-eabi/lib/thumb/v6-m/nofp\libg.a(lib_a-realloc.o) (_realloc_r)
c:/progra~1/raspbe~1/picosd~1.1/gcc-ar~1/bin/../lib/gcc/arm-none-eabi/10.3.1/../../../../arm-none-eabi/lib/thumb/v6-m/nofp\libg.a(lib_a-sbrkr.o)
                              c:/progra~1/raspbe~1/picosd~1.1/gcc-ar~1/bin/../lib/gcc/arm-none-eabi/10.3.1/../../../../arm-none-eabi/lib/thumb/v6-m/nofp\libg.a(lib_a-mallocr.o) (_sbrk_r)
c:/progra~1/raspbe~1/picosd~1.1/gcc-ar~1/bin/../lib/gcc/arm-none-eabi/10.3.1/../../../../arm-none-eabi/lib/thumb/v6-m/nofp\libg.a(lib_a-strlen-stub.o)
                              CMakeFiles/Robot_Arm_2.dir/ae783cfadb10a0055c655bcf0b179659/pico-sdk/src/rp2_common/pico_stdio/stdio.c.obj (strlen)
c:/progra~1/raspbe~1/picosd~1.1/gcc-ar~1/bin/../lib/gcc/arm-none-eabi/10.3.1/../../../../arm-none-eabi/lib/thumb/v6-m/nofp\libg.a(lib_a-freer.o)
                              c:/progra~1/raspbe~1/picosd~1.1/gcc-ar~1/bin/../lib/gcc/arm-none-eabi/10.3.1/../../../../arm-none-eabi/lib/thumb/v6-m/nofp\libg.a(lib_a-malloc.o) (_free_r)
c:/progra~1/raspbe~1/picosd~1.1/gcc-ar~1/bin/../lib/gcc/arm-none-eabi/10.3.1/../../../../arm-none-eabi/lib/thumb/v6-m/nofp\libg.a(lib_a-lock.o)
                              c:/progra~1/raspbe~1/picosd~1.1/gcc-ar~1/bin/../lib/gcc/arm-none-eabi/10.3.1/../../../../arm-none-eabi/lib/thumb/v6-m/nofp\libg.a(lib_a-mlock.o) (__retarget_lock_acquire_recursive)
[...]
Memory Configuration

Name             Origin             Length             Attributes
FLASH            0x10000000         0x00200000         xr
RAM              0x20000000         0x00040000         xrw
SCRATCH_X        0x20040000         0x00001000         xrw
SCRATCH_Y        0x20041000         0x00001000         xrw
*default*        0x00000000         0xffffffff

Linker script and memory map

LOAD c:/progra~1/raspbe~1/picosd~1.1/gcc-ar~1/bin/../lib/gcc/arm-none-eabi/10.3.1/thumb/v6-m/nofp/crti.o
LOAD c:/progra~1/raspbe~1/picosd~1.1/gcc-ar~1/bin/../lib/gcc/arm-none-eabi/10.3.1/thumb/v6-m/nofp/crtbegin.o
LOAD c:/progra~1/raspbe~1/picosd~1.1/gcc-ar~1/bin/../lib/gcc/arm-none-eabi/10.3.1/../../../../arm-none-eabi/lib/thumb/v6-m/nofp/crt0.o

.flash_begin    0x10000000        0x0
                0x10000000                __flash_binary_start = .

.boot2          0x10000000      0x100
                0x10000000                __boot2_start__ = .
 *(.boot2)
 .boot2         0x10000000      0x100 C:\Users\Lachlan\AppData\Local\Temp\ccwP7NDJ.o
                0x10000100                __boot2_end__ = .
                0x00000001                ASSERT (((__boot2_end__ - __boot2_start__) == 0x100), ERROR: Pico second stage bootloader must be 256 bytes in size)

.text           0x10000100     0x6a68
                0x10000100                __logical_binary_start = .
 *(.vectors)
 .vectors       0x10000100       0xd4 CMakeFiles/Robot_Arm_2.dir/ae783cfadb10a0055c655bcf0b179659/pico-sdk/src/rp2_common/pico_standard_link/crt0.S.obj
                0x10000100                __VECTOR_TABLE
                0x10000100                __vectors
                0x100001c0                isr_invalid
                0x100001c0                __default_isrs_start
                0x100001c2                isr_nmi
                0x100001c4                isr_hardfault
                0x100001c6                isr_svcall
                0x100001c8                isr_pendsv
                0x100001ca                isr_systick
                0x100001cc                isr_irq23
                0x100001cc                isr_irq18
                0x100001cc                isr_irq11
                0x100001cc                isr_irq28
                0x100001cc                isr_irq19
                0x100001cc                isr_irq0
                0x100001cc                isr_irq6
                0x100001cc                isr_irq5
                0x100001cc                isr_irq12
                0x100001cc                isr_irq22
                0x100001cc                isr_irq31
                0x100001cc                isr_irq17
                0x100001cc                isr_irq27
                0x100001cc                isr_irq30
                0x100001cc                isr_irq2
                0x100001cc                isr_irq10
                0x100001cc                isr_irq8
                0x100001cc                isr_irq24
                0x100001cc                isr_irq1
                0x100001cc                isr_irq7
                0x100001cc                isr_irq21
                0x100001cc                isr_irq20
                0x100001cc                isr_irq15
                0x100001cc                isr_irq25
                0x100001cc                isr_irq13
                0x100001cc                __unhandled_user_irq
                0x100001cc                isr_irq4
                0x100001cc                isr_irq16
                0x100001cc                isr_irq29
                0x100001cc                isr_irq26
                0x100001cc                __default_isrs_end
                0x100001cc                isr_irq3
                0x100001cc                isr_irq14
                0x100001cc                isr_irq9
                0x100001d2                unhandled_user_irq_num_in_r0
 *(.binary_info_header)
 .binary_info_header
                0x100001d4       0x14 CMakeFiles/Robot_Arm_2.dir/ae783cfadb10a0055c655bcf0b179659/pico-sdk/src/rp2_common/pico_standard_link/crt0.S.obj
                0x100001e8                __binary_info_header_end = .
 *(.reset)
 .reset         0x100001e8       0xa0 CMakeFiles/Robot_Arm_2.dir/ae783cfadb10a0055c655bcf0b179659/pico-sdk/src/rp2_common/pico_standard_link/crt0.S.obj
                0x100001e8                _entry_point
 .reset         0x10000288       0x30 CMakeFiles/Robot_Arm_2.dir/734ab788d52071b7ec936fd1cf9a593e/src/rp2_common/pico_standard_link/binary_info.c.obj
 *(.init)
 .init          0x100002b8        0x4 c:/progra~1/raspbe~1/picosd~1.1/gcc-ar~1/bin/../lib/gcc/arm-none-eabi/10.3.1/thumb/v6-m/nofp/crti.o
                0x100002b8                _init
 *(EXCLUDE_FILE(*libm.a: *libc.a:*lib_a-mem*.o *libgcc.a:) .text*)
 .text          0x100002bc       0x48 c:/progra~1/raspbe~1/picosd~1.1/gcc-ar~1/bin/../lib/gcc/arm-none-eabi/10.3.1/thumb/v6-m/nofp/crtbegin.o
 .text._Z41__static_initialization_and_destruction_0ii
                0x10000304       0x30 CMakeFiles/Robot_Arm_2.dir/src/main.cpp.obj
 .text.main     0x10000334       0x98 CMakeFiles/Robot_Arm_2.dir/src/main.cpp.obj
                0x10000334                main
 .text._GLOBAL__sub_I_PI
                0x100003cc       0x10 CMakeFiles/Robot_Arm_2.dir/src/main.cpp.obj
 .text._Z41__static_initialization_and_destruction_0ii
                0x100003dc       0x44 CMakeFiles/Robot_Arm_2.dir/src/SensorFusion/LSM9DS1_driver.cpp.obj
 .text._ZN13LSM9DS1DriverC2Ehhhh
                0x10000420       0x10 CMakeFiles/Robot_Arm_2.dir/src/SensorFusion/LSM9DS1_driver.cpp.obj
                0x10000420                LSM9DS1Driver::LSM9DS1Driver(unsigned char, unsigned char, unsigned char, unsigned char)
                0x10000420                LSM9DS1Driver::LSM9DS1Driver(unsigned char, unsigned char, unsigned char, unsigned char)
 .text._ZN13LSM9DS1Driver14initialise_I2CEv
                0x10000430       0x58 CMakeFiles/Robot_Arm_2.dir/src/SensorFusion/LSM9DS1_driver.cpp.obj
                0x10000430                LSM9DS1Driver::initialise_I2C()
 .text._ZN13LSM9DS1Driver16readRegisters_AGEhPht
                0x10000488       0x48 CMakeFiles/Robot_Arm_2.dir/src/SensorFusion/LSM9DS1_driver.cpp.obj
                0x10000488                LSM9DS1Driver::readRegisters_AG(unsigned char, unsigned char*, unsigned short)
 .text._ZN13LSM9DS1Driver17writeRegisters_AGEhh
                0x100004d0       0x28 CMakeFiles/Robot_Arm_2.dir/src/SensorFusion/LSM9DS1_driver.cpp.obj
                0x100004d0                LSM9DS1Driver::writeRegisters_AG(unsigned char, unsigned char)
 .text._ZN13LSM9DS1Driver15readRegisters_MEhPht
                0x100004f8       0x48 CMakeFiles/Robot_Arm_2.dir/src/SensorFusion/LSM9DS1_driver.cpp.obj
                0x100004f8                LSM9DS1Driver::readRegisters_M(unsigned char, unsigned char*, unsigned short)
 .text._ZN13LSM9DS1Driver16writeRegisters_MEhh
                0x10000540       0x28 CMakeFiles/Robot_Arm_2.dir/src/SensorFusion/LSM9DS1_driver.cpp.obj
                0x10000540                LSM9DS1Driver::writeRegisters_M(unsigned char, unsigned char)
 .text._ZN13LSM9DS1Driver11readByte_AGEhh
                0x10000568       0x50 CMakeFiles/Robot_Arm_2.dir/src/SensorFusion/LSM9DS1_driver.cpp.obj
                0x10000568                LSM9DS1Driver::readByte_AG(unsigned char, unsigned char)
 .text._ZN13LSM9DS1Driver17WHO_AM_I_CHECK_AGEv
                0x100005b8       0x24 CMakeFiles/Robot_Arm_2.dir/src/SensorFusion/LSM9DS1_driver.cpp.obj
                0x100005b8                LSM9DS1Driver::WHO_AM_I_CHECK_AG()
 .text._ZN13LSM9DS1Driver16WHO_AM_I_CHECK_MEv
                0x100005dc       0x24 CMakeFiles/Robot_Arm_2.dir/src/SensorFusion/LSM9DS1_driver.cpp.obj
                0x100005dc                LSM9DS1Driver::WHO_AM_I_CHECK_M()
 .text._ZN13LSM9DS1Driver16configurelsm9ds1Ev
                0x10000600       0xf8 CMakeFiles/Robot_Arm_2.dir/src/SensorFusion/LSM9DS1_driver.cpp.obj
                0x10000600                LSM9DS1Driver::configurelsm9ds1()
 .text._ZN13LSM9DS1Driver25accelgyrocalibrateLSM9DS1EPfS0_
                0x100006f8      0x380 CMakeFiles/Robot_Arm_2.dir/src/SensorFusion/LSM9DS1_driver.cpp.obj
                0x100006f8                LSM9DS1Driver::accelgyrocalibrateLSM9DS1(float*, float*)
 .text._ZN13LSM9DS1Driver15selftestLSM9DS1Ev
                0x10000a78      0x1e8 CMakeFiles/Robot_Arm_2.dir/src/SensorFusion/LSM9DS1_driver.cpp.obj
                0x10000a78                LSM9DS1Driver::selftestLSM9DS1()
 .text._ZN13LSM9DS1Driver13magcalLSM9DS1EPf
                0x10000c60      0x1e0 CMakeFiles/Robot_Arm_2.dir/src/SensorFusion/LSM9DS1_driver.cpp.obj
                0x10000c60                LSM9DS1Driver::magcalLSM9DS1(float*)
 .text._ZN13LSM9DS1Driver13readAccelDataEPs
                0x10000e40       0x38 CMakeFiles/Robot_Arm_2.dir/src/SensorFusion/LSM9DS1_driver.cpp.obj
                0x10000e40                LSM9DS1Driver::readAccelData(short*)
 .text._ZN13LSM9DS1Driver12readGyroDataEPs
                0x10000e78       0x38 CMakeFiles/Robot_Arm_2.dir/src/SensorFusion/LSM9DS1_driver.cpp.obj
                0x10000e78                LSM9DS1Driver::readGyroData(short*)
 .text._ZN13LSM9DS1Driver11readMagDataEPs
                0x10000eb0       0x38 CMakeFiles/Robot_Arm_2.dir/src/SensorFusion/LSM9DS1_driver.cpp.obj
                0x10000eb0                LSM9DS1Driver::readMagData(short*)
 .text._ZN13LSM9DS1Driver7getMresEv
                0x10000ee8       0x48 CMakeFiles/Robot_Arm_2.dir/src/SensorFusion/LSM9DS1_driver.cpp.obj
                0x10000ee8                LSM9DS1Driver::getMres()
 .text._ZN13LSM9DS1Driver7getGresEv
                0x10000f30       0x40 CMakeFiles/Robot_Arm_2.dir/src/SensorFusion/LSM9DS1_driver.cpp.obj
                0x10000f30                LSM9DS1Driver::getGres()
 .text._ZN13LSM9DS1Driver7getAresEv
                0x10000f70       0x48 CMakeFiles/Robot_Arm_2.dir/src/SensorFusion/LSM9DS1_driver.cpp.obj
                0x10000f70                LSM9DS1Driver::getAres()
 .text._ZN13LSM9DS1Driver12CalibrateIMUEv
                0x10000fb8      0x214 CMakeFiles/Robot_Arm_2.dir/src/SensorFusion/LSM9DS1_driver.cpp.obj
                0x10000fb8                LSM9DS1Driver::CalibrateIMU()
 .text._Z24MadgwickQuaternionUpdatefffffffff
                0x100011cc      0x9a8 CMakeFiles/Robot_Arm_2.dir/src/SensorFusion/LSM9DS1_driver.cpp.obj
                0x100011cc                MadgwickQuaternionUpdate(float, float, float, float, float, float, float, float, float)
 .text._ZN13LSM9DS1Driver7getdataEv
                0x10001b74      0x520 CMakeFiles/Robot_Arm_2.dir/src/SensorFusion/LSM9DS1_driver.cpp.obj
                0x10001b74                LSM9DS1Driver::getdata()
 .text._GLOBAL__sub_I_LSM9DS1_ADDR_AG
                0x10002094       0x10 CMakeFiles/Robot_Arm_2.dir/src/SensorFusion/LSM9DS1_driver.cpp.obj
 .text.gpio_set_function
                0x100020a4       0x30 CMakeFiles/Robot_Arm_2.dir/ae783cfadb10a0055c655bcf0b179659/pico-sdk/src/rp2_common/hardware_gpio/gpio.c.obj
                0x100020a4                gpio_set_function
 .text.gpio_set_pulls
                0x100020d4       0x34 CMakeFiles/Robot_Arm_2.dir/ae783cfadb10a0055c655bcf0b179659/pico-sdk/src/rp2_common/hardware_gpio/gpio.c.obj
                0x100020d4                gpio_set_pulls
 .text.gpio_init
                0x10002108       0x16 CMakeFiles/Robot_Arm_2.dir/ae783cfadb10a0055c655bcf0b179659/pico-sdk/src/rp2_common/hardware_gpio/gpio.c.obj
                0x10002108                gpio_init
 *fill*         0x1000211e        0x2 
 .text.running_on_fpga
                0x10002120       0x14 CMakeFiles/Robot_Arm_2.dir/ae783cfadb10a0055c655bcf0b179659/pico-sdk/src/rp2_common/pico_platform/platform.c.obj
                0x10002120                running_on_fpga
 .text.hw_claim_lock
                0x10002134       0x18 CMakeFiles/Robot_Arm_2.dir/ae783cfadb10a0055c655bcf0b179659/pico-sdk/src/rp2_common/hardware_claim/claim.c.obj
                0x10002134                hw_claim_lock
 .text.hw_claim_unlock
                0x1000214c       0x14 CMakeFiles/Robot_Arm_2.dir/ae783cfadb10a0055c655bcf0b179659/pico-sdk/src/rp2_common/hardware_claim/claim.c.obj
                0x1000214c                hw_claim_unlock
 .text.hw_claim_or_assert
                0x10002160       0x32 CMakeFiles/Robot_Arm_2.dir/ae783cfadb10a0055c655bcf0b179659/pico-sdk/src/rp2_common/hardware_claim/claim.c.obj
                0x10002160                hw_claim_or_assert
 *fill*         0x10002192        0x2 
 .text.spin_locks_reset
                0x10002194       0x20 CMakeFiles/Robot_Arm_2.dir/ae783cfadb10a0055c655bcf0b179659/pico-sdk/src/rp2_common/hardware_sync/sync.c.obj
                0x10002194                spin_locks_reset
 .text.next_striped_spin_lock_num
                0x100021b4       0x1c CMakeFiles/Robot_Arm_2.dir/ae783cfadb10a0055c655bcf0b179659/pico-sdk/src/rp2_common/hardware_sync/sync.c.obj
                0x100021b4                next_striped_spin_lock_num
 .text.set_raw_irq_handler_and_unlock
                0x100021d0       0x28 CMakeFiles/Robot_Arm_2.dir/ae783cfadb10a0055c655bcf0b179659/pico-sdk/src/rp2_common/hardware_irq/irq.c.obj
 .text.make_branch
                0x100021f8       0x48 CMakeFiles/Robot_Arm_2.dir/ae783cfadb10a0055c655bcf0b179659/pico-sdk/src/rp2_common/hardware_irq/irq.c.obj
 .text.insert_branch_and_link
                0x10002240       0x40 CMakeFiles/Robot_Arm_2.dir/ae783cfadb10a0055c655bcf0b179659/pico-sdk/src/rp2_common/hardware_irq/irq.c.obj
 .text.irq_is_enabled
                0x10002280       0x18 CMakeFiles/Robot_Arm_2.dir/ae783cfadb10a0055c655bcf0b179659/pico-sdk/src/rp2_common/hardware_irq/irq.c.obj
                0x10002280                irq_is_enabled
 .text.irq_set_mask_enabled
                0x10002298       0x20 CMakeFiles/Robot_Arm_2.dir/ae783cfadb10a0055c655bcf0b179659/pico-sdk/src/rp2_common/hardware_irq/irq.c.obj
                0x10002298                irq_set_mask_enabled
 .text.irq_set_enabled
                0x100022b8        0xe CMakeFiles/Robot_Arm_2.dir/ae783cfadb10a0055c655bcf0b179659/pico-sdk/src/rp2_common/hardware_irq/irq.c.obj
                0x100022b8                irq_set_enabled
 *fill*         0x100022c6        0x2 
 .text.irq_get_vtable_handler
                0x100022c8       0x10 CMakeFiles/Robot_Arm_2.dir/ae783cfadb10a0055c655bcf0b179659/pico-sdk/src/rp2_common/hardware_irq/irq.c.obj
                0x100022c8                irq_get_vtable_handler
 .text.irq_set_exclusive_handler
                0x100022d8       0x54 CMakeFiles/Robot_Arm_2.dir/ae783cfadb10a0055c655bcf0b179659/pico-sdk/src/rp2_common/hardware_irq/irq.c.obj
                0x100022d8                irq_set_exclusive_handler
 .text.irq_remove_handler
                0x1000232c      0x1ac CMakeFiles/Robot_Arm_2.dir/ae783cfadb10a0055c655bcf0b179659/pico-sdk/src/rp2_common/hardware_irq/irq.c.obj
                0x1000232c                irq_remove_handler
 .text.irq_add_tail_to_free_list
                0x100024d8       0xf0 CMakeFiles/Robot_Arm_2.dir/ae783cfadb10a0055c655bcf0b179659/pico-sdk/src/rp2_common/hardware_irq/irq.c.obj
                0x100024d8                irq_add_tail_to_free_list
 .text.irq_init_priorities
                0x100025c8       0x1c CMakeFiles/Robot_Arm_2.dir/ae783cfadb10a0055c655bcf0b179659/pico-sdk/src/rp2_common/hardware_irq/irq.c.obj
                0x100025c8                irq_init_priorities
 .text.lock_init
                0x100025e4       0x10 CMakeFiles/Robot_Arm_2.dir/C_/Program_Files/Raspberry_Pi/Pico_SDK_v1.5.1/pico-sdk/src/common/pico_sync/lock_core.c.obj
                0x100025e4                lock_init
 .text.mutex_init
                0x100025f4       0x1a CMakeFiles/Robot_Arm_2.dir/C_/Program_Files/Raspberry_Pi/Pico_SDK_v1.5.1/pico-sdk/src/common/pico_sync/mutex.c.obj
                0x100025f4                mutex_init
 .text.recursive_mutex_init
                0x1000260e       0x1e CMakeFiles/Robot_Arm_2.dir/C_/Program_Files/Raspberry_Pi/Pico_SDK_v1.5.1/pico-sdk/src/common/pico_sync/mutex.c.obj
                0x1000260e                recursive_mutex_init
 .text.alarm_pool_post_alloc_init
                0x1000262c       0x40 CMakeFiles/Robot_Arm_2.dir/C_/Program_Files/Raspberry_Pi/Pico_SDK_v1.5.1/pico-sdk/src/common/pico_time/time.c.obj
 .text.sleep_until_callback
                0x1000266c       0x30 CMakeFiles/Robot_Arm_2.dir/C_/Program_Files/Raspberry_Pi/Pico_SDK_v1.5.1/pico-sdk/src/common/pico_time/time.c.obj
 .text.timer_pool_entry_comparator
                0x1000269c       0x7c CMakeFiles/Robot_Arm_2.dir/C_/Program_Files/Raspberry_Pi/Pico_SDK_v1.5.1/pico-sdk/src/common/pico_time/time.c.obj
                0x1000269c                timer_pool_entry_comparator
 .text.ph_add_child_node
                0x10002718       0xa4 CMakeFiles/Robot_Arm_2.dir/C_/Program_Files/Raspberry_Pi/Pico_SDK_v1.5.1/pico-sdk/src/common/pico_time/time.c.obj
 .text.ph_merge_nodes
                0x100027bc       0x3e CMakeFiles/Robot_Arm_2.dir/C_/Program_Files/Raspberry_Pi/Pico_SDK_v1.5.1/pico-sdk/src/common/pico_time/time.c.obj
 *fill*         0x100027fa        0x2 
 .text.add_alarm_under_lock
                0x100027fc      0x174 CMakeFiles/Robot_Arm_2.dir/C_/Program_Files/Raspberry_Pi/Pico_SDK_v1.5.1/pico-sdk/src/common/pico_time/time.c.obj
 .text.alarm_pool_alarm_callback
                0x10002970      0x33c CMakeFiles/Robot_Arm_2.dir/C_/Program_Files/Raspberry_Pi/Pico_SDK_v1.5.1/pico-sdk/src/common/pico_time/time.c.obj
 .text.alarm_pool_init_default
                0x10002cac       0x40 CMakeFiles/Robot_Arm_2.dir/C_/Program_Files/Raspberry_Pi/Pico_SDK_v1.5.1/pico-sdk/src/common/pico_time/time.c.obj
                0x10002cac                alarm_pool_init_default
 .text.alarm_pool_get_default
                0x10002cec       0x2c CMakeFiles/Robot_Arm_2.dir/C_/Program_Files/Raspberry_Pi/Pico_SDK_v1.5.1/pico-sdk/src/common/pico_time/time.c.obj
                0x10002cec                alarm_pool_get_default
 .text.alarm_pool_add_alarm_at
                0x10002d18      0x168 CMakeFiles/Robot_Arm_2.dir/C_/Program_Files/Raspberry_Pi/Pico_SDK_v1.5.1/pico-sdk/src/common/pico_time/time.c.obj
                0x10002d18                alarm_pool_add_alarm_at
 .text.alarm_pool_cancel_alarm
                0x10002e80       0xf8 CMakeFiles/Robot_Arm_2.dir/C_/Program_Files/Raspberry_Pi/Pico_SDK_v1.5.1/pico-sdk/src/common/pico_time/time.c.obj
                0x10002e80                alarm_pool_cancel_alarm
 .text.sleep_until
                0x10002f78       0xfc CMakeFiles/Robot_Arm_2.dir/C_/Program_Files/Raspberry_Pi/Pico_SDK_v1.5.1/pico-sdk/src/common/pico_time/time.c.obj
                0x10002f78                sleep_until
 .text.sleep_us
                0x10003074       0x58 CMakeFiles/Robot_Arm_2.dir/C_/Program_Files/Raspberry_Pi/Pico_SDK_v1.5.1/pico-sdk/src/common/pico_time/time.c.obj
                0x10003074                sleep_us
 .text.sleep_ms
                0x100030cc       0x14 CMakeFiles/Robot_Arm_2.dir/C_/Program_Files/Raspberry_Pi/Pico_SDK_v1.5.1/pico-sdk/src/common/pico_time/time.c.obj
                0x100030cc                sleep_ms
 .text.best_effort_wfe_or_timeout
                0x100030e0       0xac CMakeFiles/Robot_Arm_2.dir/C_/Program_Files/Raspberry_Pi/Pico_SDK_v1.5.1/pico-sdk/src/common/pico_time/time.c.obj
                0x100030e0                best_effort_wfe_or_timeout
 .text.hardware_alarm_irq_handler
                0x1000318c       0x90 CMakeFiles/Robot_Arm_2.dir/ae783cfadb10a0055c655bcf0b179659/pico-sdk/src/rp2_common/hardware_timer/timer.c.obj
 .text.hardware_alarm_claim
                0x1000321c       0x18 CMakeFiles/Robot_Arm_2.dir/ae783cfadb10a0055c655bcf0b179659/pico-sdk/src/rp2_common/hardware_timer/timer.c.obj
                0x1000321c                hardware_alarm_claim
 .text.time_us_64
                0x10003234       0x18 CMakeFiles/Robot_Arm_2.dir/ae783cfadb10a0055c655bcf0b179659/pico-sdk/src/rp2_common/hardware_timer/timer.c.obj
                0x10003234                time_us_64
 .text.busy_wait_until
                0x1000324c       0x28 CMakeFiles/Robot_Arm_2.dir/ae783cfadb10a0055c655bcf0b179659/pico-sdk/src/rp2_common/hardware_timer/timer.c.obj
                0x1000324c                busy_wait_until
 .text.busy_wait_us
                0x10003274       0x48 CMakeFiles/Robot_Arm_2.dir/ae783cfadb10a0055c655bcf0b179659/pico-sdk/src/rp2_common/hardware_timer/timer.c.obj
                0x10003274                busy_wait_us
 .text.hardware_alarm_set_callback
                0x100032bc       0x90 CMakeFiles/Robot_Arm_2.dir/ae783cfadb10a0055c655bcf0b179659/pico-sdk/src/rp2_common/hardware_timer/timer.c.obj
                0x100032bc                hardware_alarm_set_callback
 .text.hardware_alarm_set_target
                0x1000334c       0xe8 CMakeFiles/Robot_Arm_2.dir/ae783cfadb10a0055c655bcf0b179659/pico-sdk/src/rp2_common/hardware_timer/timer.c.obj
                0x1000334c                hardware_alarm_set_target
 .text.hardware_alarm_cancel
                0x10003434       0x40 CMakeFiles/Robot_Arm_2.dir/ae783cfadb10a0055c655bcf0b179659/pico-sdk/src/rp2_common/hardware_timer/timer.c.obj
                0x10003434                hardware_alarm_cancel
 .text.ph_add_child_node
                0x10003474       0xa4 CMakeFiles/Robot_Arm_2.dir/C_/Program_Files/Raspberry_Pi/Pico_SDK_v1.5.1/pico-sdk/src/common/pico_util/pheap.c.obj
 .text.ph_merge_nodes
                0x10003518       0x3e CMakeFiles/Robot_Arm_2.dir/C_/Program_Files/Raspberry_Pi/Pico_SDK_v1.5.1/pico-sdk/src/common/pico_util/pheap.c.obj
 *fill*         0x10003556        0x2 
 .text.ph_clear
                0x10003558       0x70 CMakeFiles/Robot_Arm_2.dir/C_/Program_Files/Raspberry_Pi/Pico_SDK_v1.5.1/pico-sdk/src/common/pico_util/pheap.c.obj
                0x10003558                ph_clear
 .text.ph_post_alloc_init
                0x100035c8        0xe CMakeFiles/Robot_Arm_2.dir/C_/Program_Files/Raspberry_Pi/Pico_SDK_v1.5.1/pico-sdk/src/common/pico_util/pheap.c.obj
                0x100035c8                ph_post_alloc_init
 *fill*         0x100035d6        0x2 
 .text.ph_merge_two_pass
                0x100035d8       0xa8 CMakeFiles/Robot_Arm_2.dir/C_/Program_Files/Raspberry_Pi/Pico_SDK_v1.5.1/pico-sdk/src/common/pico_util/pheap.c.obj
                0x100035d8                ph_merge_two_pass
 .text.ph_remove_any_head
                0x10003680      0x128 CMakeFiles/Robot_Arm_2.dir/C_/Program_Files/Raspberry_Pi/Pico_SDK_v1.5.1/pico-sdk/src/common/pico_util/pheap.c.obj
 .text.ph_remove_head
                0x100037a8       0x14 CMakeFiles/Robot_Arm_2.dir/C_/Program_Files/Raspberry_Pi/Pico_SDK_v1.5.1/pico-sdk/src/common/pico_util/pheap.c.obj
                0x100037a8                ph_remove_head
 .text.ph_remove_and_free_node
                0x100037bc       0xf8 CMakeFiles/Robot_Arm_2.dir/C_/Program_Files/Raspberry_Pi/Pico_SDK_v1.5.1/pico-sdk/src/common/pico_util/pheap.c.obj
                0x100037bc                ph_remove_and_free_node
 .text.uart_disable_before_lcr_write
                0x100038b4       0x48 CMakeFiles/Robot_Arm_2.dir/ae783cfadb10a0055c655bcf0b179659/pico-sdk/src/rp2_common/hardware_uart/uart.c.obj
 .text.uart_write_lcr_bits_masked
                0x100038fc       0x22 CMakeFiles/Robot_Arm_2.dir/ae783cfadb10a0055c655bcf0b179659/pico-sdk/src/rp2_common/hardware_uart/uart.c.obj
 *fill*         0x1000391e        0x2 
 .text.uart_set_baudrate
                0x10003920       0x5c CMakeFiles/Robot_Arm_2.dir/ae783cfadb10a0055c655bcf0b179659/pico-sdk/src/rp2_common/hardware_uart/uart.c.obj
                0x10003920                uart_set_baudrate
 .text.uart_set_format
                0x1000397c       0x2c CMakeFiles/Robot_Arm_2.dir/ae783cfadb10a0055c655bcf0b179659/pico-sdk/src/rp2_common/hardware_uart/uart.c.obj
                0x1000397c                uart_set_format
 .text.uart_set_translate_crlf
                0x100039a8       0x28 CMakeFiles/Robot_Arm_2.dir/ae783cfadb10a0055c655bcf0b179659/pico-sdk/src/rp2_common/hardware_uart/uart.c.obj
                0x100039a8                uart_set_translate_crlf
 .text.uart_init
                0x100039d0       0x80 CMakeFiles/Robot_Arm_2.dir/ae783cfadb10a0055c655bcf0b179659/pico-sdk/src/rp2_common/hardware_uart/uart.c.obj
                0x100039d0                uart_init
 .text.clock_configure
                0x10003a50      0x108 CMakeFiles/Robot_Arm_2.dir/ae783cfadb10a0055c655bcf0b179659/pico-sdk/src/rp2_common/hardware_clocks/clocks.c.obj
                0x10003a50                clock_configure
 .text.clocks_init
                0x10003b58      0x100 CMakeFiles/Robot_Arm_2.dir/ae783cfadb10a0055c655bcf0b179659/pico-sdk/src/rp2_common/hardware_clocks/clocks.c.obj
                0x10003b58                clocks_init
 .text.clock_get_hz
                0x10003c58        0xc CMakeFiles/Robot_Arm_2.dir/ae783cfadb10a0055c655bcf0b179659/pico-sdk/src/rp2_common/hardware_clocks/clocks.c.obj
                0x10003c58                clock_get_hz
 .text.pll_init
                0x10003c64      0x120 CMakeFiles/Robot_Arm_2.dir/ae783cfadb10a0055c655bcf0b179659/pico-sdk/src/rp2_common/hardware_pll/pll.c.obj
                0x10003c64                pll_init
 .text.watchdog_start_tick
                0x10003d84       0x10 CMakeFiles/Robot_Arm_2.dir/ae783cfadb10a0055c655bcf0b179659/pico-sdk/src/rp2_common/hardware_watchdog/watchdog.c.obj
                0x10003d84                watchdog_start_tick
 .text.xosc_init
                0x10003d94       0x2c CMakeFiles/Robot_Arm_2.dir/ae783cfadb10a0055c655bcf0b179659/pico-sdk/src/rp2_common/hardware_xosc/xosc.c.obj
                0x10003d94                xosc_init
 .text._exit    0x10003dc0        0x4 CMakeFiles/Robot_Arm_2.dir/ae783cfadb10a0055c655bcf0b179659/pico-sdk/src/rp2_common/pico_runtime/runtime.c.obj
                0x10003dc0                _exit
 .text.exit     0x10003dc4        0x6 CMakeFiles/Robot_Arm_2.dir/ae783cfadb10a0055c655bcf0b179659/pico-sdk/src/rp2_common/pico_runtime/runtime.c.obj
                0x10003dc4                exit
 *fill*         0x10003dca        0x2 
 .text.__assert_func
                0x10003dcc       0x3c CMakeFiles/Robot_Arm_2.dir/ae783cfadb10a0055c655bcf0b179659/pico-sdk/src/rp2_common/pico_runtime/runtime.c.obj
                0x10003dcc                __assert_func
 .text.runtime_init
                0x10003e08       0xf8 CMakeFiles/Robot_Arm_2.dir/ae783cfadb10a0055c655bcf0b179659/pico-sdk/src/rp2_common/pico_runtime/runtime.c.obj
                0x10003e08                runtime_init
 .text.panic    0x10003f00       0x30 CMakeFiles/Robot_Arm_2.dir/ae783cfadb10a0055c655bcf0b179659/pico-sdk/src/rp2_common/pico_runtime/runtime.c.obj
                0x10003f00                panic
 .text._out_null
                0x10003f30        0x2 CMakeFiles/Robot_Arm_2.dir/ae783cfadb10a0055c655bcf0b179659/pico-sdk/src/rp2_common/pico_printf/printf.c.obj
 .text._out_fct
                0x10003f32        0xe CMakeFiles/Robot_Arm_2.dir/ae783cfadb10a0055c655bcf0b179659/pico-sdk/src/rp2_common/pico_printf/printf.c.obj
 .text._atoi    0x10003f40       0x24 CMakeFiles/Robot_Arm_2.dir/ae783cfadb10a0055c655bcf0b179659/pico-sdk/src/rp2_common/pico_printf/printf.c.obj
 .text._out_rev
                0x10003f64       0xae CMakeFiles/Robot_Arm_2.dir/ae783cfadb10a0055c655bcf0b179659/pico-sdk/src/rp2_common/pico_printf/printf.c.obj
 .text._ntoa_format
                0x10004012      0x112 CMakeFiles/Robot_Arm_2.dir/ae783cfadb10a0055c655bcf0b179659/pico-sdk/src/rp2_common/pico_printf/printf.c.obj
 .text._ntoa_long
                0x10004124       0xbc CMakeFiles/Robot_Arm_2.dir/ae783cfadb10a0055c655bcf0b179659/pico-sdk/src/rp2_common/pico_printf/printf.c.obj
 .text._ntoa_long_long
                0x100041e0       0xe2 CMakeFiles/Robot_Arm_2.dir/ae783cfadb10a0055c655bcf0b179659/pico-sdk/src/rp2_common/pico_printf/printf.c.obj
 *fill*         0x100042c2        0x2 
 .text._etoa    0x100042c4      0x414 CMakeFiles/Robot_Arm_2.dir/ae783cfadb10a0055c655bcf0b179659/pico-sdk/src/rp2_common/pico_printf/printf.c.obj
 .text._ftoa    0x100046d8      0x354 CMakeFiles/Robot_Arm_2.dir/ae783cfadb10a0055c655bcf0b179659/pico-sdk/src/rp2_common/pico_printf/printf.c.obj
 .text._vsnprintf
                0x10004a2c      0x624 CMakeFiles/Robot_Arm_2.dir/ae783cfadb10a0055c655bcf0b179659/pico-sdk/src/rp2_common/pico_printf/printf.c.obj
 .text.vfctprintf
                0x10005050       0x20 CMakeFiles/Robot_Arm_2.dir/ae783cfadb10a0055c655bcf0b179659/pico-sdk/src/rp2_common/pico_printf/printf.c.obj
                0x10005050                vfctprintf
 .text          0x10005070       0x10 CMakeFiles/Robot_Arm_2.dir/ae783cfadb10a0055c655bcf0b179659/pico-sdk/src/rp2_common/pico_bit_ops/bit_ops_aeabi.S.obj
 .text.rom_func_lookup
                0x10005080       0x10 CMakeFiles/Robot_Arm_2.dir/ae783cfadb10a0055c655bcf0b179659/pico-sdk/src/rp2_common/pico_bootrom/bootrom.c.obj
                0x10005080                rom_func_lookup
 .text.rom_data_lookup
                0x10005090       0x10 CMakeFiles/Robot_Arm_2.dir/ae783cfadb10a0055c655bcf0b179659/pico-sdk/src/rp2_common/pico_bootrom/bootrom.c.obj
                0x10005090                rom_data_lookup
 .text.rom_funcs_lookup
                0x100050a0       0x36 CMakeFiles/Robot_Arm_2.dir/ae783cfadb10a0055c655bcf0b179659/pico-sdk/src/rp2_common/pico_bootrom/bootrom.c.obj
                0x100050a0                rom_funcs_lookup
 *fill*         0x100050d6        0x2 
 .text.__wrap___aeabi_idiv
                0x100050d8       0x50 CMakeFiles/Robot_Arm_2.dir/ae783cfadb10a0055c655bcf0b179659/pico-sdk/src/rp2_common/pico_divider/divider.S.obj
                0x100050d8                __wrap___aeabi_idivmod
                0x100050d8                divmod_s32s32
                0x100050d8                div_s32s32
                0x100050d8                __wrap___aeabi_idiv
                0x100050e0                divmod_s32s32_unsafe
                0x1000510c                divmod_s32s32_savestate
 .text.__wrap___aeabi_uidiv
                0x10005128       0x4c CMakeFiles/Robot_Arm_2.dir/ae783cfadb10a0055c655bcf0b179659/pico-sdk/src/rp2_common/pico_divider/divider.S.obj
                0x10005128                __wrap___aeabi_uidiv
                0x10005128                __wrap___aeabi_uidivmod
                0x10005128                div_u32u32
                0x10005128                divmod_u32u32
                0x10005130                divmod_u32u32_unsafe
                0x10005158                divmod_u32u32_savestate
 .text.__wrap___aeabi_ldiv
                0x10005174      0x424 CMakeFiles/Robot_Arm_2.dir/ae783cfadb10a0055c655bcf0b179659/pico-sdk/src/rp2_common/pico_divider/divider.S.obj
                0x10005174                div_s64s64
                0x10005174                divmod_s64s64
                0x10005174                __wrap___aeabi_ldivmod
                0x100051a4                divmod_u64u64
                0x100051a4                div_u64u64
                0x100051a4                __wrap___aeabi_uldivmod
                0x100051b4                divmod_u64u64_savestate
                0x100051d4                divmod_s64s64_unsafe
                0x1000525c                divmod_u64u64_unsafe
 .text.__wrap___aeabi_darithmetic
                0x10005598       0x80 CMakeFiles/Robot_Arm_2.dir/ae783cfadb10a0055c655bcf0b179659/pico-sdk/src/rp2_common/pico_double/double_aeabi.S.obj
                0x10005598                __wrap___aeabi_drsub
                0x1000559e                __wrap___aeabi_dsub
                0x100055b0                __wrap___aeabi_dadd
                0x100055c2                __wrap___aeabi_ddiv
                0x100055fe                __wrap___aeabi_dmul
 .text.__wrap___aeabi_cdcmple
                0x10005618       0x6c CMakeFiles/Robot_Arm_2.dir/ae783cfadb10a0055c655bcf0b179659/pico-sdk/src/rp2_common/pico_double/double_aeabi.S.obj
                0x10005618                __wrap___aeabi_cdrcmple
                0x10005628                __wrap___aeabi_cdcmpeq
                0x10005628                __wrap___aeabi_cdcmple
 .text.__wrap___aeabi_dcmplt
                0x10005684        0xc CMakeFiles/Robot_Arm_2.dir/ae783cfadb10a0055c655bcf0b179659/pico-sdk/src/rp2_common/pico_double/double_aeabi.S.obj
                0x10005684                __wrap___aeabi_dcmplt
 .text.__wrap___aeabi_dcmple
                0x10005690       0x10 CMakeFiles/Robot_Arm_2.dir/ae783cfadb10a0055c655bcf0b179659/pico-sdk/src/rp2_common/pico_double/double_aeabi.S.obj
                0x10005690                __wrap___aeabi_dcmple
 .text.__wrap___aeabi_dcmpge
                0x100056a0       0x10 CMakeFiles/Robot_Arm_2.dir/ae783cfadb10a0055c655bcf0b179659/pico-sdk/src/rp2_common/pico_double/double_aeabi.S.obj
                0x100056a0                __wrap___aeabi_dcmpge
 .text.__wrap___aeabi_dcmpgt
                0x100056b0        0xa CMakeFiles/Robot_Arm_2.dir/ae783cfadb10a0055c655bcf0b179659/pico-sdk/src/rp2_common/pico_double/double_aeabi.S.obj
                0x100056b0                __wrap___aeabi_dcmpgt
 .text.__wrap___aeabi_dcmpun
                0x100056ba       0x1c CMakeFiles/Robot_Arm_2.dir/ae783cfadb10a0055c655bcf0b179659/pico-sdk/src/rp2_common/pico_double/double_aeabi.S.obj
                0x100056ba                __wrap___aeabi_dcmpun
 *fill*         0x100056d6        0x2 
 .text.__wrap___aeabi_i2d
                0x100056d8       0x38 CMakeFiles/Robot_Arm_2.dir/ae783cfadb10a0055c655bcf0b179659/pico-sdk/src/rp2_common/pico_double/double_aeabi.S.obj
                0x100056d8                __wrap___aeabi_ui2d
                0x100056e0                __wrap___aeabi_i2d
 .text.__wrap___aeabi_d2iz
                0x10005710       0x48 CMakeFiles/Robot_Arm_2.dir/ae783cfadb10a0055c655bcf0b179659/pico-sdk/src/rp2_common/pico_double/double_aeabi.S.obj
                0x10005710                double2int_z
                0x10005710                __wrap___aeabi_d2iz
 .text.__wrap___aeabi_d2uiz
                0x10005758       0x18 CMakeFiles/Robot_Arm_2.dir/ae783cfadb10a0055c655bcf0b179659/pico-sdk/src/rp2_common/pico_double/double_aeabi.S.obj
                0x10005758                __wrap___aeabi_d2uiz
                0x10005758                double2uint
 .text.__wrap___aeabi_d2f
                0x10005770       0x18 CMakeFiles/Robot_Arm_2.dir/ae783cfadb10a0055c655bcf0b179659/pico-sdk/src/rp2_common/pico_double/double_aeabi.S.obj
                0x10005770                __wrap___aeabi_d2f
 .text.__aeabi_double_init
                0x10005788       0xc8 CMakeFiles/Robot_Arm_2.dir/ae783cfadb10a0055c655bcf0b179659/pico-sdk/src/rp2_common/pico_double/double_init_rom.c.obj
                0x10005788                __aeabi_double_init
 .text.double_table_shim_on_use_helper
                0x10005850       0x34 CMakeFiles/Robot_Arm_2.dir/734ab788d52071b7ec936fd1cf9a593e/src/rp2_common/pico_double/double_v1_rom_shim.S.obj
                0x10005850                double_table_shim_on_use_helper
 .text.__wrap___aeabi_dsub
                0x10005884       0x10 CMakeFiles/Robot_Arm_2.dir/734ab788d52071b7ec936fd1cf9a593e/src/rp2_common/pico_double/double_v1_rom_shim.S.obj
                0x10005884                drsub_shim
                0x1000588a                dsub_shim
 .text.dadd_shim
                0x10005894      0x15c CMakeFiles/Robot_Arm_2.dir/734ab788d52071b7ec936fd1cf9a593e/src/rp2_common/pico_double/double_v1_rom_shim.S.obj
                0x10005894                dadd_shim
 .text.dmul_shim
                0x100059f0      0x15c CMakeFiles/Robot_Arm_2.dir/734ab788d52071b7ec936fd1cf9a593e/src/rp2_common/pico_double/double_v1_rom_shim.S.obj
                0x100059f0                dmul_shim
 .text.ddiv_shim
                0x10005b4c      0x1b0 CMakeFiles/Robot_Arm_2.dir/734ab788d52071b7ec936fd1cf9a593e/src/rp2_common/pico_double/double_v1_rom_shim.S.obj
                0x10005b4c                ddiv_shim
 .text.double2uint_shim
                0x10005cfc        0xe CMakeFiles/Robot_Arm_2.dir/734ab788d52071b7ec936fd1cf9a593e/src/rp2_common/pico_double/double_v1_rom_shim.S.obj
                0x10005cfc                double2uint_shim
                0x10005cfe                double2ufix_shim
 *fill*         0x10005d0a        0x2 
 .text.double2uint64_shim
                0x10005d0c       0x70 CMakeFiles/Robot_Arm_2.dir/734ab788d52071b7ec936fd1cf9a593e/src/rp2_common/pico_double/double_v1_rom_shim.S.obj
                0x10005d0c                double2uint64_shim
                0x10005d0e                double2ufix64_shim
                0x10005d2e                d2fix_a
 .text.double2float_shim
                0x10005d7c       0x5c CMakeFiles/Robot_Arm_2.dir/734ab788d52071b7ec936fd1cf9a593e/src/rp2_common/pico_double/double_v1_rom_shim.S.obj
                0x10005d7c                double2float_shim
 .text.dunpacks
                0x10005dd8       0x3c CMakeFiles/Robot_Arm_2.dir/734ab788d52071b7ec936fd1cf9a593e/src/rp2_common/pico_double/double_v1_rom_shim.S.obj
                0x10005dd8                dunpacks
 .text.__aeabi_lmul
                0x10005e14       0x32 CMakeFiles/Robot_Arm_2.dir/734ab788d52071b7ec936fd1cf9a593e/src/rp2_common/pico_int64_ops/pico_int64_ops_aeabi.S.obj
                0x10005e14                __wrap___aeabi_lmul
 *fill*         0x10005e46        0x2 
 .text.__wrap___aeabi_farithmetic
                0x10005e48       0x58 CMakeFiles/Robot_Arm_2.dir/ae783cfadb10a0055c655bcf0b179659/pico-sdk/src/rp2_common/pico_float/float_aeabi.S.obj
                0x10005e48                __wrap___aeabi_frsub
                0x10005e4e                __wrap___aeabi_fsub
                0x10005e58                __wrap___aeabi_fadd
                0x10005e62                __wrap___aeabi_fdiv
                0x10005e8e                __wrap___aeabi_fmul
 .text.__wrap___aeabi_cfcmple
                0x10005ea0       0x50 CMakeFiles/Robot_Arm_2.dir/ae783cfadb10a0055c655bcf0b179659/pico-sdk/src/rp2_common/pico_float/float_aeabi.S.obj
                0x10005ea0                __wrap___aeabi_cfrcmple
                0x10005eac                __wrap___aeabi_cfcmple
                0x10005eac                __wrap___aeabi_cfcmpeq
 .text.__wrap___aeabi_fcmpeq
                0x10005ef0       0x10 CMakeFiles/Robot_Arm_2.dir/ae783cfadb10a0055c655bcf0b179659/pico-sdk/src/rp2_common/pico_float/float_aeabi.S.obj
                0x10005ef0                __wrap___aeabi_fcmpeq
 .text.__wrap___aeabi_ui2f
                0x10005f00        0xa CMakeFiles/Robot_Arm_2.dir/ae783cfadb10a0055c655bcf0b179659/pico-sdk/src/rp2_common/pico_float/float_aeabi.S.obj
                0x10005f00                __wrap___aeabi_ui2f
 *fill*         0x10005f0a        0x2 
 .text.__wrap___aeabi_i2f
                0x10005f0c       0x44 CMakeFiles/Robot_Arm_2.dir/ae783cfadb10a0055c655bcf0b179659/pico-sdk/src/rp2_common/pico_float/float_aeabi.S.obj
                0x10005f0c                __wrap___aeabi_i2f
 .text.__wrap___aeabi_ul2f
                0x10005f50       0x20 CMakeFiles/Robot_Arm_2.dir/ae783cfadb10a0055c655bcf0b179659/pico-sdk/src/rp2_common/pico_float/float_aeabi.S.obj
                0x10005f54                __wrap___aeabi_ul2f
 .text.__wrap___aeabi_f2d
                0x10005f70       0x14 CMakeFiles/Robot_Arm_2.dir/ae783cfadb10a0055c655bcf0b179659/pico-sdk/src/rp2_common/pico_float/float_aeabi.S.obj
                0x10005f70                __wrap___aeabi_f2d
 .text.__wrap_sqrtf
                0x10005f84       0x24 CMakeFiles/Robot_Arm_2.dir/ae783cfadb10a0055c655bcf0b179659/pico-sdk/src/rp2_common/pico_float/float_aeabi.S.obj
                0x10005f84                __wrap_sqrtf
 .text.__wrap_atan2f
                0x10005fa8       0x14 CMakeFiles/Robot_Arm_2.dir/ae783cfadb10a0055c655bcf0b179659/pico-sdk/src/rp2_common/pico_float/float_aeabi.S.obj
                0x10005fa8                __wrap_atan2f
 .text.__aeabi_float_init
                0x10005fbc       0xfc CMakeFiles/Robot_Arm_2.dir/ae783cfadb10a0055c655bcf0b179659/pico-sdk/src/rp2_common/pico_float/float_init_rom.c.obj
                0x10005fbc                __aeabi_float_init
 .text.__wrap_asinf
                0x100060b8       0x42 CMakeFiles/Robot_Arm_2.dir/ae783cfadb10a0055c655bcf0b179659/pico-sdk/src/rp2_common/pico_float/float_math.c.obj
                0x100060b8                __wrap_asinf
 *fill*         0x100060fa        0x2 
 .text.float_table_shim_on_use_helper
                0x100060fc       0x34 CMakeFiles/Robot_Arm_2.dir/ae783cfadb10a0055c655bcf0b179659/pico-sdk/src/rp2_common/pico_float/float_v1_rom_shim.S.obj
                0x100060fc                float_table_shim_on_use_helper
 .text.642float_shims
                0x10006130       0x44 CMakeFiles/Robot_Arm_2.dir/ae783cfadb10a0055c655bcf0b179659/pico-sdk/src/rp2_common/pico_float/float_v1_rom_shim.S.obj
                0x10006130                uint642float_shim
                0x10006132                ufix642float_shim
                0x10006142                int642float_shim
                0x10006144                fix642float_shim
 .text.fatan2_shim
                0x10006174       0x88 CMakeFiles/Robot_Arm_2.dir/ae783cfadb10a0055c655bcf0b179659/pico-sdk/src/rp2_common/pico_float/float_v1_rom_shim.S.obj
                0x10006174                fatan2_shim
 .text.float2double_shim
                0x100061fc       0x30 CMakeFiles/Robot_Arm_2.dir/ae783cfadb10a0055c655bcf0b179659/pico-sdk/src/rp2_common/pico_float/float_v1_rom_shim.S.obj
                0x100061fc                float2double_shim
 .text          0x1000622c       0x10 CMakeFiles/Robot_Arm_2.dir/ae783cfadb10a0055c655bcf0b179659/pico-sdk/src/rp2_common/pico_mem_ops/mem_ops_aeabi.S.obj
                0x1000622c                __aeabi_mem_init
 .text.memcpy   0x1000623c        0xc CMakeFiles/Robot_Arm_2.dir/ae783cfadb10a0055c655bcf0b179659/pico-sdk/src/rp2_common/pico_mem_ops/mem_ops_aeabi.S.obj
                0x1000623c                __wrap_memcpy
                0x1000623c                __wrap___aeabi_memcpy
 .text.stdio_out_chars_no_crlf
                0x10006248        0xe CMakeFiles/Robot_Arm_2.dir/ae783cfadb10a0055c655bcf0b179659/pico-sdk/src/rp2_common/pico_stdio/stdio.c.obj
 *fill*         0x10006256        0x2 
 .text.stdio_out_chars_crlf
                0x10006258       0x80 CMakeFiles/Robot_Arm_2.dir/ae783cfadb10a0055c655bcf0b179659/pico-sdk/src/rp2_common/pico_stdio/stdio.c.obj
 .text.stdio_stack_buffer_flush
                0x100062d8       0x44 CMakeFiles/Robot_Arm_2.dir/ae783cfadb10a0055c655bcf0b179659/pico-sdk/src/rp2_common/pico_stdio/stdio.c.obj
 .text.stdio_buffered_printer
                0x1000631c       0x20 CMakeFiles/Robot_Arm_2.dir/ae783cfadb10a0055c655bcf0b179659/pico-sdk/src/rp2_common/pico_stdio/stdio.c.obj
 .text.stdout_serialize_begin
                0x1000633c       0x5c CMakeFiles/Robot_Arm_2.dir/ae783cfadb10a0055c655bcf0b179659/pico-sdk/src/rp2_common/pico_stdio/stdio.c.obj
                0x1000633c                stdout_serialize_begin
 .text.stdout_serialize_end
                0x10006398       0x10 CMakeFiles/Robot_Arm_2.dir/ae783cfadb10a0055c655bcf0b179659/pico-sdk/src/rp2_common/pico_stdio/stdio.c.obj
                0x10006398                stdout_serialize_end
 .text.stdio_put_string
                0x100063a8       0x98 CMakeFiles/Robot_Arm_2.dir/ae783cfadb10a0055c655bcf0b179659/pico-sdk/src/rp2_common/pico_stdio/stdio.c.obj
 .text.stdio_set_driver_enabled
                0x10006440       0x2c CMakeFiles/Robot_Arm_2.dir/ae783cfadb10a0055c655bcf0b179659/pico-sdk/src/rp2_common/pico_stdio/stdio.c.obj
                0x10006440                stdio_set_driver_enabled
 .text.stdio_flush
                0x1000646c       0x20 CMakeFiles/Robot_Arm_2.dir/ae783cfadb10a0055c655bcf0b179659/pico-sdk/src/rp2_common/pico_stdio/stdio.c.obj
                0x1000646c                stdio_flush
 .text.__wrap_puts
                0x1000648c       0x1e CMakeFiles/Robot_Arm_2.dir/ae783cfadb10a0055c655bcf0b179659/pico-sdk/src/rp2_common/pico_stdio/stdio.c.obj
                0x1000648c                __wrap_puts
 *fill*         0x100064aa        0x2 
 .text.__wrap_vprintf
                0x100064ac       0x40 CMakeFiles/Robot_Arm_2.dir/ae783cfadb10a0055c655bcf0b179659/pico-sdk/src/rp2_common/pico_stdio/stdio.c.obj
                0x100064ac                __wrap_vprintf
 .text.__wrap_printf
                0x100064ec       0x18 CMakeFiles/Robot_Arm_2.dir/ae783cfadb10a0055c655bcf0b179659/pico-sdk/src/rp2_common/pico_stdio/stdio.c.obj
                0x100064ec                __wrap_printf
 .text.stdio_init_all
                0x10006504        0xa CMakeFiles/Robot_Arm_2.dir/ae783cfadb10a0055c655bcf0b179659/pico-sdk/src/rp2_common/pico_stdio/stdio.c.obj
                0x10006504                stdio_init_all
 *fill*         0x1000650e        0x2 
 .text.stdio_uart_out_chars
                0x10006510       0x74 CMakeFiles/Robot_Arm_2.dir/ae783cfadb10a0055c655bcf0b179659/pico-sdk/src/rp2_common/pico_stdio_uart/stdio_uart.c.obj
 .text.stdio_uart_in_chars
                0x10006584       0x80 CMakeFiles/Robot_Arm_2.dir/ae783cfadb10a0055c655bcf0b179659/pico-sdk/src/rp2_common/pico_stdio_uart/stdio_uart.c.obj
                0x10006584                stdio_uart_in_chars
 .text.on_uart_rx
                0x10006604       0x28 CMakeFiles/Robot_Arm_2.dir/ae783cfadb10a0055c655bcf0b179659/pico-sdk/src/rp2_common/pico_stdio_uart/stdio_uart.c.obj
 .text.stdio_uart_set_chars_available_callback
                0x1000662c       0x8c CMakeFiles/Robot_Arm_2.dir/ae783cfadb10a0055c655bcf0b179659/pico-sdk/src/rp2_common/pico_stdio_uart/stdio_uart.c.obj
 .text.stdio_uart_init_full
                0x100066b8       0x44 CMakeFiles/Robot_Arm_2.dir/ae783cfadb10a0055c655bcf0b179659/pico-sdk/src/rp2_common/pico_stdio_uart/stdio_uart.c.obj
                0x100066b8                stdio_uart_init_full
 .text.stdio_uart_init
                0x100066fc       0x28 CMakeFiles/Robot_Arm_2.dir/ae783cfadb10a0055c655bcf0b179659/pico-sdk/src/rp2_common/pico_stdio_uart/stdio_uart.c.obj
                0x100066fc                stdio_uart_init
 .text.i2c_write_blocking_internal
                0x10006724      0x140 CMakeFiles/Robot_Arm_2.dir/ae783cfadb10a0055c655bcf0b179659/pico-sdk/src/rp2_common/hardware_i2c/i2c.c.obj
 .text.i2c_read_blocking_internal
                0x10006864       0xe6 CMakeFiles/Robot_Arm_2.dir/ae783cfadb10a0055c655bcf0b179659/pico-sdk/src/rp2_common/hardware_i2c/i2c.c.obj
 *fill*         0x1000694a        0x2 
 .text.i2c_set_baudrate
                0x1000694c       0xf0 CMakeFiles/Robot_Arm_2.dir/ae783cfadb10a0055c655bcf0b179659/pico-sdk/src/rp2_common/hardware_i2c/i2c.c.obj
                0x1000694c                i2c_set_baudrate
 .text.i2c_init
                0x10006a3c       0x58 CMakeFiles/Robot_Arm_2.dir/ae783cfadb10a0055c655bcf0b179659/pico-sdk/src/rp2_common/hardware_i2c/i2c.c.obj
                0x10006a3c                i2c_init
 .text.i2c_write_blocking
                0x10006a94       0x18 CMakeFiles/Robot_Arm_2.dir/ae783cfadb10a0055c655bcf0b179659/pico-sdk/src/rp2_common/hardware_i2c/i2c.c.obj
                0x10006a94                i2c_write_blocking
 .text.i2c_read_blocking
                0x10006aac       0x18 CMakeFiles/Robot_Arm_2.dir/ae783cfadb10a0055c655bcf0b179659/pico-sdk/src/rp2_common/hardware_i2c/i2c.c.obj
                0x10006aac                i2c_read_blocking
 .text.strlen   0x10006ac4       0x5c c:/progra~1/raspbe~1/picosd~1.1/gcc-ar~1/bin/../lib/gcc/arm-none-eabi/10.3.1/../../../../arm-none-eabi/lib/thumb/v6-m/nofp\libg.a(lib_a-strlen-stub.o)
                0x10006ac4                strlen
 *(.fini)
 .fini          0x10006b20        0x4 c:/progra~1/raspbe~1/picosd~1.1/gcc-ar~1/bin/../lib/gcc/arm-none-eabi/10.3.1/thumb/v6-m/nofp/crti.o
                0x10006b20                _fini
 *fill*         0x10006b24        0x4 
 .fini.__stub   0x10006b28       0x40 linker stubs
 *crtbegin.o(.ctors)
 *crtbegin?.o(.ctors)
 *(EXCLUDE_FILE(*crtend.o *crtend?.o) .ctors)
 *(SORT_BY_NAME(.ctors.*))
 *(.ctors)
 *crtbegin.o(.dtors)
 *crtbegin?.o(.dtors)
 *(EXCLUDE_FILE(*crtend.o *crtend?.o) .dtors)
 *(SORT_BY_NAME(.dtors.*))
 *(.dtors)
 *(.eh_frame*)
 .eh_frame      0x10006b68        0x0 c:/progra~1/raspbe~1/picosd~1.1/gcc-ar~1/bin/../lib/gcc/arm-none-eabi/10.3.1/thumb/v6-m/nofp/crtbegin.o
                0x10006b68                . = ALIGN (0x4)

.glue_7         0x10006b68        0x0
 .glue_7        0x10006b68        0x0 linker stubs

.glue_7t        0x10006b68        0x0
 .glue_7t       0x10006b68        0x0 linker stubs

.vfp11_veneer   0x10006b68        0x0
 .vfp11_veneer  0x10006b68        0x0 linker stubs

.v4_bx          0x10006b68        0x0
 .v4_bx         0x10006b68        0x0 linker stubs

.iplt           0x10006b68        0x0
 .iplt          0x10006b68        0x0 c:/progra~1/raspbe~1/picosd~1.1/gcc-ar~1/bin/../lib/gcc/arm-none-eabi/10.3.1/thumb/v6-m/nofp/crtbegin.o

.rodata         0x10006b68     0x13c8
 *(EXCLUDE_FILE(*libm.a: *libc.a:*lib_a-mem*.o *libgcc.a:) .rodata*)
 .rodata.main.str1.4
                0x10006b68       0x24 CMakeFiles/Robot_Arm_2.dir/src/main.cpp.obj
 .rodata._ZN13LSM9DS1Driver17WHO_AM_I_CHECK_AGEv.str1.4
                0x10006b8c       0x15 CMakeFiles/Robot_Arm_2.dir/src/SensorFusion/LSM9DS1_driver.cpp.obj
 *fill*         0x10006ba1        0x3 
 .rodata._ZN13LSM9DS1Driver16WHO_AM_I_CHECK_MEv.str1.4
                0x10006ba4       0x16 CMakeFiles/Robot_Arm_2.dir/src/SensorFusion/LSM9DS1_driver.cpp.obj
 *fill*         0x10006bba        0x2 
 .rodata._ZN13LSM9DS1Driver16configurelsm9ds1Ev.str1.4
                0x10006bbc       0x15 CMakeFiles/Robot_Arm_2.dir/src/SensorFusion/LSM9DS1_driver.cpp.obj
 *fill*         0x10006bd1        0x3 
 .rodata._ZN13LSM9DS1Driver15selftestLSM9DS1Ev.str1.4
                0x10006bd4       0xba CMakeFiles/Robot_Arm_2.dir/src/SensorFusion/LSM9DS1_driver.cpp.obj
 *fill*         0x10006c8e        0x2 
 .rodata._ZN13LSM9DS1Driver13magcalLSM9DS1EPf.str1.4
                0x10006c90       0x52 CMakeFiles/Robot_Arm_2.dir/src/SensorFusion/LSM9DS1_driver.cpp.obj
 *fill*         0x10006ce2        0x2 
 .rodata._ZN13LSM9DS1Driver12CalibrateIMUEv.str1.4
                0x10006ce4      0x109 CMakeFiles/Robot_Arm_2.dir/src/SensorFusion/LSM9DS1_driver.cpp.obj
 *fill*         0x10006ded        0x3 
 .rodata        0x10006df0        0x6 CMakeFiles/Robot_Arm_2.dir/src/SensorFusion/LSM9DS1_driver.cpp.obj
 *fill*         0x10006df6        0x2 
 .rodata.make_branch.str1.4
                0x10006df8       0x89 CMakeFiles/Robot_Arm_2.dir/ae783cfadb10a0055c655bcf0b179659/pico-sdk/src/rp2_common/hardware_irq/irq.c.obj
 *fill*         0x10006e81        0x3 
 .rodata.insert_branch_and_link.str1.4
                0x10006e84       0x10 CMakeFiles/Robot_Arm_2.dir/ae783cfadb10a0055c655bcf0b179659/pico-sdk/src/rp2_common/hardware_irq/irq.c.obj
 .rodata.irq_set_exclusive_handler.str1.4
                0x10006e94       0x36 CMakeFiles/Robot_Arm_2.dir/ae783cfadb10a0055c655bcf0b179659/pico-sdk/src/rp2_common/hardware_irq/irq.c.obj
 *fill*         0x10006eca        0x2 
 .rodata.irq_add_shared_handler.str1.4
                0x10006ecc       0xd9 CMakeFiles/Robot_Arm_2.dir/ae783cfadb10a0055c655bcf0b179659/pico-sdk/src/rp2_common/hardware_irq/irq.c.obj
 *fill*         0x10006fa5        0x3 
 .rodata.irq_remove_handler.str1.4
                0x10006fa8       0x3a CMakeFiles/Robot_Arm_2.dir/ae783cfadb10a0055c655bcf0b179659/pico-sdk/src/rp2_common/hardware_irq/irq.c.obj
 *fill*         0x10006fe2        0x2 
 .rodata.irq_add_tail_to_free_list.str1.4
                0x10006fe4       0x3a CMakeFiles/Robot_Arm_2.dir/ae783cfadb10a0055c655bcf0b179659/pico-sdk/src/rp2_common/hardware_irq/irq.c.obj
 *fill*         0x1000701e        0x2 
 .rodata.__func__.0
                0x10007020       0x1a CMakeFiles/Robot_Arm_2.dir/ae783cfadb10a0055c655bcf0b179659/pico-sdk/src/rp2_common/hardware_irq/irq.c.obj
 *fill*         0x1000703a        0x2 
 .rodata.__func__.1
                0x1000703c       0x17 CMakeFiles/Robot_Arm_2.dir/ae783cfadb10a0055c655bcf0b179659/pico-sdk/src/rp2_common/hardware_irq/irq.c.obj
 *fill*         0x10007053        0x1 
 .rodata.__func__.2
                0x10007054       0x13 CMakeFiles/Robot_Arm_2.dir/ae783cfadb10a0055c655bcf0b179659/pico-sdk/src/rp2_common/hardware_irq/irq.c.obj
 *fill*         0x10007067        0x1 
 .rodata.__func__.3
                0x10007068        0xc CMakeFiles/Robot_Arm_2.dir/ae783cfadb10a0055c655bcf0b179659/pico-sdk/src/rp2_common/hardware_irq/irq.c.obj
 .rodata.__func__.4
                0x10007074        0xf CMakeFiles/Robot_Arm_2.dir/ae783cfadb10a0055c655bcf0b179659/pico-sdk/src/rp2_common/hardware_irq/irq.c.obj
 *fill*         0x10007083        0x1 
 .rodata.__func__.6
                0x10007084       0x1a CMakeFiles/Robot_Arm_2.dir/ae783cfadb10a0055c655bcf0b179659/pico-sdk/src/rp2_common/hardware_irq/irq.c.obj
 *fill*         0x1000709e        0x2 
 .rodata.str1.4
                0x100070a0      0x125 CMakeFiles/Robot_Arm_2.dir/C_/Program_Files/Raspberry_Pi/Pico_SDK_v1.5.1/pico-sdk/src/common/pico_sync/mutex.c.obj
 *fill*         0x100071c5        0x3 
 .rodata.__func__.1
                0x100071c8        0xb CMakeFiles/Robot_Arm_2.dir/C_/Program_Files/Raspberry_Pi/Pico_SDK_v1.5.1/pico-sdk/src/common/pico_sync/mutex.c.obj
 *fill*         0x100071d3        0x1 
 .rodata.__func__.3
                0x100071d4       0x18 CMakeFiles/Robot_Arm_2.dir/C_/Program_Files/Raspberry_Pi/Pico_SDK_v1.5.1/pico-sdk/src/common/pico_sync/mutex.c.obj
 .rodata.repeating_timer_callback.str1.4
                0x100071ec       0x67 CMakeFiles/Robot_Arm_2.dir/C_/Program_Files/Raspberry_Pi/Pico_SDK_v1.5.1/pico-sdk/src/common/pico_time/time.c.obj
 *fill*         0x10007253        0x1 
 .rodata.timer_pool_entry_comparator.str1.4
                0x10007254       0x22 CMakeFiles/Robot_Arm_2.dir/C_/Program_Files/Raspberry_Pi/Pico_SDK_v1.5.1/pico-sdk/src/common/pico_time/time.c.obj
 *fill*         0x10007276        0x2 
 .rodata.ph_add_child_node.str1.4
                0x10007278       0xb2 CMakeFiles/Robot_Arm_2.dir/C_/Program_Files/Raspberry_Pi/Pico_SDK_v1.5.1/pico-sdk/src/common/pico_time/time.c.obj
 *fill*         0x1000732a        0x2 
 .rodata.add_alarm_under_lock.str1.4
                0x1000732c       0x28 CMakeFiles/Robot_Arm_2.dir/C_/Program_Files/Raspberry_Pi/Pico_SDK_v1.5.1/pico-sdk/src/common/pico_time/time.c.obj
                                 0x2b (size before relaxing)
 .rodata.alarm_pool_alarm_callback.str1.4
                0x10007354       0x98 CMakeFiles/Robot_Arm_2.dir/C_/Program_Files/Raspberry_Pi/Pico_SDK_v1.5.1/pico-sdk/src/common/pico_time/time.c.obj
                                0x118 (size before relaxing)
 .rodata.alarm_pool_get_default.str1.4
                0x100073ec       0x21 CMakeFiles/Robot_Arm_2.dir/C_/Program_Files/Raspberry_Pi/Pico_SDK_v1.5.1/pico-sdk/src/common/pico_time/time.c.obj
 *fill*         0x1000740d        0x3 
 .rodata.alarm_pool_cancel_alarm.str1.4
                0x10007410       0x27 CMakeFiles/Robot_Arm_2.dir/C_/Program_Files/Raspberry_Pi/Pico_SDK_v1.5.1/pico-sdk/src/common/pico_time/time.c.obj
 *fill*         0x10007437        0x1 
 .rodata.sleep_until.str1.4
                0x10007438       0x4d CMakeFiles/Robot_Arm_2.dir/C_/Program_Files/Raspberry_Pi/Pico_SDK_v1.5.1/pico-sdk/src/common/pico_time/time.c.obj
 *fill*         0x10007485        0x3 
 .rodata.__func__.1
                0x10007488       0x18 CMakeFiles/Robot_Arm_2.dir/C_/Program_Files/Raspberry_Pi/Pico_SDK_v1.5.1/pico-sdk/src/common/pico_time/time.c.obj
 .rodata.__func__.10
                0x100074a0       0x15 CMakeFiles/Robot_Arm_2.dir/C_/Program_Files/Raspberry_Pi/Pico_SDK_v1.5.1/pico-sdk/src/common/pico_time/time.c.obj
 *fill*         0x100074b5        0x3 
 .rodata.__func__.11
                0x100074b8       0x1a CMakeFiles/Robot_Arm_2.dir/C_/Program_Files/Raspberry_Pi/Pico_SDK_v1.5.1/pico-sdk/src/common/pico_time/time.c.obj
 *fill*         0x100074d2        0x2 
 .rodata.__func__.12
                0x100074d4        0xa CMakeFiles/Robot_Arm_2.dir/C_/Program_Files/Raspberry_Pi/Pico_SDK_v1.5.1/pico-sdk/src/common/pico_time/time.c.obj
 *fill*         0x100074de        0x2 
 .rodata.__func__.3
                0x100074e0       0x17 CMakeFiles/Robot_Arm_2.dir/C_/Program_Files/Raspberry_Pi/Pico_SDK_v1.5.1/pico-sdk/src/common/pico_time/time.c.obj
 *fill*         0x100074f7        0x1 
 .rodata.__func__.4
                0x100074f8       0x12 CMakeFiles/Robot_Arm_2.dir/C_/Program_Files/Raspberry_Pi/Pico_SDK_v1.5.1/pico-sdk/src/common/pico_time/time.c.obj
 *fill*         0x1000750a        0x2 
 .rodata.__func__.5
                0x1000750c        0xd CMakeFiles/Robot_Arm_2.dir/C_/Program_Files/Raspberry_Pi/Pico_SDK_v1.5.1/pico-sdk/src/common/pico_time/time.c.obj
 *fill*         0x10007519        0x3 
 .rodata.__func__.6
                0x1000751c       0x12 CMakeFiles/Robot_Arm_2.dir/C_/Program_Files/Raspberry_Pi/Pico_SDK_v1.5.1/pico-sdk/src/common/pico_time/time.c.obj
 *fill*         0x1000752e        0x2 
 .rodata.__func__.7
                0x10007530        0xf CMakeFiles/Robot_Arm_2.dir/C_/Program_Files/Raspberry_Pi/Pico_SDK_v1.5.1/pico-sdk/src/common/pico_time/time.c.obj
 *fill*         0x1000753f        0x1 
 .rodata.__func__.8
                0x10007540        0xc CMakeFiles/Robot_Arm_2.dir/C_/Program_Files/Raspberry_Pi/Pico_SDK_v1.5.1/pico-sdk/src/common/pico_time/time.c.obj
 .rodata.__func__.9
                0x1000754c       0x15 CMakeFiles/Robot_Arm_2.dir/C_/Program_Files/Raspberry_Pi/Pico_SDK_v1.5.1/pico-sdk/src/common/pico_time/time.c.obj
 *fill*         0x10007561        0x3 
 .rodata.hardware_alarm_claim.str1.4
                0x10007564       0x22 CMakeFiles/Robot_Arm_2.dir/ae783cfadb10a0055c655bcf0b179659/pico-sdk/src/rp2_common/hardware_timer/timer.c.obj
 .rodata.busy_wait_us.str1.4
                0x10007586       0x7d CMakeFiles/Robot_Arm_2.dir/ae783cfadb10a0055c655bcf0b179659/pico-sdk/src/rp2_common/hardware_timer/timer.c.obj
 *fill*         0x10007586        0x2 
 .rodata.hardware_alarm_set_target.str1.4
                0x10007588       0x81 CMakeFiles/Robot_Arm_2.dir/ae783cfadb10a0055c655bcf0b179659/pico-sdk/src/rp2_common/hardware_timer/timer.c.obj
 *fill*         0x10007609        0x3 
 .rodata.__func__.0
                0x1000760c       0x1a CMakeFiles/Robot_Arm_2.dir/ae783cfadb10a0055c655bcf0b179659/pico-sdk/src/rp2_common/hardware_timer/timer.c.obj
 *fill*         0x10007626        0x2 
 .rodata.__func__.1
                0x10007628       0x15 CMakeFiles/Robot_Arm_2.dir/ae783cfadb10a0055c655bcf0b179659/pico-sdk/src/rp2_common/hardware_timer/timer.c.obj
 .rodata.ph_add_child_node.str1.4
                0x1000763d       0xb2 CMakeFiles/Robot_Arm_2.dir/C_/Program_Files/Raspberry_Pi/Pico_SDK_v1.5.1/pico-sdk/src/common/pico_util/pheap.c.obj
 *fill*         0x1000763d        0x3 
 .rodata.ph_remove_any_head.str1.4
                0x10007640       0xa8 CMakeFiles/Robot_Arm_2.dir/C_/Program_Files/Raspberry_Pi/Pico_SDK_v1.5.1/pico-sdk/src/common/pico_util/pheap.c.obj
                                 0xbc (size before relaxing)
 .rodata.ph_remove_and_free_node.str1.4
                0x100076e8       0x1e CMakeFiles/Robot_Arm_2.dir/C_/Program_Files/Raspberry_Pi/Pico_SDK_v1.5.1/pico-sdk/src/common/pico_util/pheap.c.obj
                                 0x26 (size before relaxing)
 *fill*         0x10007706        0x2 
 .rodata.__func__.0
                0x10007708       0x18 CMakeFiles/Robot_Arm_2.dir/C_/Program_Files/Raspberry_Pi/Pico_SDK_v1.5.1/pico-sdk/src/common/pico_util/pheap.c.obj
 .rodata.__func__.1
                0x10007720       0x13 CMakeFiles/Robot_Arm_2.dir/C_/Program_Files/Raspberry_Pi/Pico_SDK_v1.5.1/pico-sdk/src/common/pico_util/pheap.c.obj
 *fill*         0x10007733        0x1 
 .rodata.__func__.2
                0x10007734       0x12 CMakeFiles/Robot_Arm_2.dir/C_/Program_Files/Raspberry_Pi/Pico_SDK_v1.5.1/pico-sdk/src/common/pico_util/pheap.c.obj
 *fill*         0x10007746        0x2 
 .rodata.__func__.3
                0x10007748        0xc CMakeFiles/Robot_Arm_2.dir/C_/Program_Files/Raspberry_Pi/Pico_SDK_v1.5.1/pico-sdk/src/common/pico_util/pheap.c.obj
 .rodata.clock_configure.str1.4
                0x10007754       0x73 CMakeFiles/Robot_Arm_2.dir/ae783cfadb10a0055c655bcf0b179659/pico-sdk/src/rp2_common/hardware_clocks/clocks.c.obj
 *fill*         0x100077c7        0x1 
 .rodata.__func__.1
                0x100077c8       0x10 CMakeFiles/Robot_Arm_2.dir/ae783cfadb10a0055c655bcf0b179659/pico-sdk/src/rp2_common/hardware_clocks/clocks.c.obj
 .rodata.pll_init.str1.4
                0x100077d8      0x140 CMakeFiles/Robot_Arm_2.dir/ae783cfadb10a0055c655bcf0b179659/pico-sdk/src/rp2_common/hardware_pll/pll.c.obj
 .rodata.__func__.0
                0x10007918        0x9 CMakeFiles/Robot_Arm_2.dir/ae783cfadb10a0055c655bcf0b179659/pico-sdk/src/rp2_common/hardware_pll/pll.c.obj
 *fill*         0x10007921        0x3 
 .rodata.__assert_func.str1.4
                0x10007924       0x3f CMakeFiles/Robot_Arm_2.dir/ae783cfadb10a0055c655bcf0b179659/pico-sdk/src/rp2_common/pico_runtime/runtime.c.obj
                                 0x43 (size before relaxing)
 *fill*         0x10007963        0x1 
 .rodata.runtime_init.str1.4
                0x10007964       0x7d CMakeFiles/Robot_Arm_2.dir/ae783cfadb10a0055c655bcf0b179659/pico-sdk/src/rp2_common/pico_runtime/runtime.c.obj
 *fill*         0x100079e1        0x3 
 .rodata.panic.str1.4
                0x100079e4       0x10 CMakeFiles/Robot_Arm_2.dir/ae783cfadb10a0055c655bcf0b179659/pico-sdk/src/rp2_common/pico_runtime/runtime.c.obj
                                 0x12 (size before relaxing)
 .rodata.__func__.2
                0x100079f4        0xd CMakeFiles/Robot_Arm_2.dir/ae783cfadb10a0055c655bcf0b179659/pico-sdk/src/rp2_common/pico_runtime/runtime.c.obj
 *fill*         0x10007a01        0x3 
 .rodata._ftoa.str1.4
                0x10007a04       0x15 CMakeFiles/Robot_Arm_2.dir/ae783cfadb10a0055c655bcf0b179659/pico-sdk/src/rp2_common/pico_printf/printf.c.obj
 *fill*         0x10007a19        0x3 
 .rodata._vsnprintf
                0x10007a1c      0x1e0 CMakeFiles/Robot_Arm_2.dir/ae783cfadb10a0055c655bcf0b179659/pico-sdk/src/rp2_common/pico_printf/printf.c.obj
 *fill*         0x10007bfc        0x4 
 .rodata.pow10.0
                0x10007c00       0x50 CMakeFiles/Robot_Arm_2.dir/ae783cfadb10a0055c655bcf0b179659/pico-sdk/src/rp2_common/pico_printf/printf.c.obj
 .rodata.__aeabi_double_init.str1.4
                0x10007c50       0xb8 CMakeFiles/Robot_Arm_2.dir/ae783cfadb10a0055c655bcf0b179659/pico-sdk/src/rp2_common/pico_double/double_init_rom.c.obj
 .rodata.__func__.0
                0x10007d08       0x14 CMakeFiles/Robot_Arm_2.dir/ae783cfadb10a0055c655bcf0b179659/pico-sdk/src/rp2_common/pico_double/double_init_rom.c.obj
 .rodata.__aeabi_float_init.str1.4
                0x10007d1c       0x96 CMakeFiles/Robot_Arm_2.dir/ae783cfadb10a0055c655bcf0b179659/pico-sdk/src/rp2_common/pico_float/float_init_rom.c.obj
                                 0x9a (size before relaxing)
 *fill*         0x10007db2        0x2 
 .rodata.__func__.0
                0x10007db4       0x13 CMakeFiles/Robot_Arm_2.dir/ae783cfadb10a0055c655bcf0b179659/pico-sdk/src/rp2_common/pico_float/float_init_rom.c.obj
 *fill*         0x10007dc7        0x1 
 .rodata.str1.4
                0x10007dc8       0x4c CMakeFiles/Robot_Arm_2.dir/734ab788d52071b7ec936fd1cf9a593e/src/rp2_common/pico_standard_link/binary_info.c.obj
 .rodata.__bi_44
                0x10007e14        0xc CMakeFiles/Robot_Arm_2.dir/734ab788d52071b7ec936fd1cf9a593e/src/rp2_common/pico_standard_link/binary_info.c.obj
 .rodata.__bi_56
                0x10007e20        0xc CMakeFiles/Robot_Arm_2.dir/734ab788d52071b7ec936fd1cf9a593e/src/rp2_common/pico_standard_link/binary_info.c.obj
 .rodata.__bi_75
                0x10007e2c        0xc CMakeFiles/Robot_Arm_2.dir/734ab788d52071b7ec936fd1cf9a593e/src/rp2_common/pico_standard_link/binary_info.c.obj
 .rodata.__bi_81
                0x10007e38        0xc CMakeFiles/Robot_Arm_2.dir/734ab788d52071b7ec936fd1cf9a593e/src/rp2_common/pico_standard_link/binary_info.c.obj
 .rodata.stdout_serialize_begin.str1.4
                0x10007e44       0x7d CMakeFiles/Robot_Arm_2.dir/ae783cfadb10a0055c655bcf0b179659/pico-sdk/src/rp2_common/pico_stdio/stdio.c.obj
 .rodata.__func__.3
                0x10007e44       0x15 CMakeFiles/Robot_Arm_2.dir/ae783cfadb10a0055c655bcf0b179659/pico-sdk/src/rp2_common/pico_stdio/stdio.c.obj
 *fill*         0x10007e59        0x3 
 .rodata.crlf_str.2
                0x10007e5c        0x2 CMakeFiles/Robot_Arm_2.dir/ae783cfadb10a0055c655bcf0b179659/pico-sdk/src/rp2_common/pico_stdio/stdio.c.obj
 *fill*         0x10007e5e        0x2 
 .rodata.str1.4
                0x10007e60       0x2c CMakeFiles/Robot_Arm_2.dir/ae783cfadb10a0055c655bcf0b179659/pico-sdk/src/rp2_common/pico_stdio_uart/stdio_uart.c.obj
 .rodata.__bi_33.4
                0x10007e8c        0xc CMakeFiles/Robot_Arm_2.dir/ae783cfadb10a0055c655bcf0b179659/pico-sdk/src/rp2_common/pico_stdio_uart/stdio_uart.c.obj
 .rodata.__bi_34.5
                0x10007e98        0x8 CMakeFiles/Robot_Arm_2.dir/ae783cfadb10a0055c655bcf0b179659/pico-sdk/src/rp2_common/pico_stdio_uart/stdio_uart.c.obj
 .rodata.i2c_set_baudrate.str1.4
                0x10007ea0       0x79 CMakeFiles/Robot_Arm_2.dir/ae783cfadb10a0055c655bcf0b179659/pico-sdk/src/rp2_common/hardware_i2c/i2c.c.obj
 *fill*         0x10007f19        0x3 
 .rodata.__func__.0
                0x10007f1c       0x11 CMakeFiles/Robot_Arm_2.dir/ae783cfadb10a0055c655bcf0b179659/pico-sdk/src/rp2_common/hardware_i2c/i2c.c.obj
                0x10007f30                . = ALIGN (0x4)
 *fill*         0x10007f2d        0x3 
 *(SORT_BY_ALIGNMENT(SORT_BY_NAME(.flashdata*)))
                0x10007f30                . = ALIGN (0x4)

.ARM.extab
 *(.ARM.extab* .gnu.linkonce.armextab.*)
                0x10007f30                __exidx_start = .

.ARM.exidx
 *(.ARM.exidx* .gnu.linkonce.armexidx.*)
                0x10007f30                __exidx_end = .
                0x10007f30                . = ALIGN (0x4)
                0x10007f30                __binary_info_start = .

.binary_info    0x10007f30       0x28
 *(.binary_info.keep.*)
 .binary_info.keep.__bi_ptr22
                0x10007f30        0x4 CMakeFiles/Robot_Arm_2.dir/734ab788d52071b7ec936fd1cf9a593e/src/rp2_common/pico_standard_link/binary_info.c.obj
 .binary_info.keep.__bi_ptr30
                0x10007f34        0x4 CMakeFiles/Robot_Arm_2.dir/734ab788d52071b7ec936fd1cf9a593e/src/rp2_common/pico_standard_link/binary_info.c.obj
 .binary_info.keep.__bi_ptr38
                0x10007f38        0x4 CMakeFiles/Robot_Arm_2.dir/734ab788d52071b7ec936fd1cf9a593e/src/rp2_common/pico_standard_link/binary_info.c.obj
 .binary_info.keep.__bi_ptr44
                0x10007f3c        0x4 CMakeFiles/Robot_Arm_2.dir/734ab788d52071b7ec936fd1cf9a593e/src/rp2_common/pico_standard_link/binary_info.c.obj
 .binary_info.keep.__bi_ptr50
                0x10007f40        0x4 CMakeFiles/Robot_Arm_2.dir/734ab788d52071b7ec936fd1cf9a593e/src/rp2_common/pico_standard_link/binary_info.c.obj
 .binary_info.keep.__bi_ptr56
                0x10007f44        0x4 CMakeFiles/Robot_Arm_2.dir/734ab788d52071b7ec936fd1cf9a593e/src/rp2_common/pico_standard_link/binary_info.c.obj
 .binary_info.keep.__bi_ptr75
                0x10007f48        0x4 CMakeFiles/Robot_Arm_2.dir/734ab788d52071b7ec936fd1cf9a593e/src/rp2_common/pico_standard_link/binary_info.c.obj
 .binary_info.keep.__bi_ptr81
                0x10007f4c        0x4 CMakeFiles/Robot_Arm_2.dir/734ab788d52071b7ec936fd1cf9a593e/src/rp2_common/pico_standard_link/binary_info.c.obj
 *(.binary_info.*)
 .binary_info.__bi_ptr33
                0x10007f50        0x4 CMakeFiles/Robot_Arm_2.dir/ae783cfadb10a0055c655bcf0b179659/pico-sdk/src/rp2_common/pico_stdio_uart/stdio_uart.c.obj
 .binary_info.__bi_ptr34
                0x10007f54        0x4 CMakeFiles/Robot_Arm_2.dir/ae783cfadb10a0055c655bcf0b179659/pico-sdk/src/rp2_common/pico_stdio_uart/stdio_uart.c.obj
                0x10007f58                __binary_info_end = .

.rel.dyn        0x10007f58        0x0
 .rel.iplt      0x10007f58        0x0 c:/progra~1/raspbe~1/picosd~1.1/gcc-ar~1/bin/../lib/gcc/arm-none-eabi/10.3.1/thumb/v6-m/nofp/crtbegin.o
                0x10007f58                . = ALIGN (0x4)

.ram_vector_table
                0x20000000       0xc0
 *(.ram_vector_table)
 .ram_vector_table
                0x20000000       0xc0 CMakeFiles/Robot_Arm_2.dir/ae783cfadb10a0055c655bcf0b179659/pico-sdk/src/rp2_common/pico_runtime/runtime.c.obj
                0x20000000                ram_vector_table

.data           0x200000c0      0x27c load address 0x10007f58
                0x200000c0                __data_start__ = .
 *(vtable)
 *(.time_critical*)
 .time_critical.mutex_try_enter
                0x200000c0       0x46 CMakeFiles/Robot_Arm_2.dir/C_/Program_Files/Raspberry_Pi/Pico_SDK_v1.5.1/pico-sdk/src/common/pico_sync/mutex.c.obj
                0x200000c0                mutex_try_enter
 *fill*         0x20000106        0x2 
 .time_critical.mutex_enter_block_until
                0x20000108       0x8c CMakeFiles/Robot_Arm_2.dir/C_/Program_Files/Raspberry_Pi/Pico_SDK_v1.5.1/pico-sdk/src/common/pico_sync/mutex.c.obj
                0x20000108                mutex_enter_block_until
 .time_critical.mutex_try_enter_block_until
                0x20000194       0x34 CMakeFiles/Robot_Arm_2.dir/C_/Program_Files/Raspberry_Pi/Pico_SDK_v1.5.1/pico-sdk/src/common/pico_sync/mutex.c.obj
                0x20000194                mutex_try_enter_block_until
 .time_critical.mutex_exit
                0x200001c8       0x4c CMakeFiles/Robot_Arm_2.dir/C_/Program_Files/Raspberry_Pi/Pico_SDK_v1.5.1/pico-sdk/src/common/pico_sync/mutex.c.obj
                0x200001c8                mutex_exit
 *(.text*)
 .text          0x20000214        0x4 c:/progra~1/raspbe~1/picosd~1.1/gcc-ar~1/bin/../lib/gcc/arm-none-eabi/10.3.1/thumb/v6-m/nofp\libgcc.a(_dvmd_tls.o)
                0x20000214                __aeabi_idiv0
                0x20000214                __aeabi_ldiv0
 .text.__stub   0x20000218       0x20 linker stubs
                0x20000238                . = ALIGN (0x4)
 *(.rodata*)
                0x20000238                . = ALIGN (0x4)
 *(.data*)
 .data.PI       0x20000238        0x4 CMakeFiles/Robot_Arm_2.dir/src/main.cpp.obj
                0x20000238                PI
 .data.Abw      0x2000023c        0x1 CMakeFiles/Robot_Arm_2.dir/src/SensorFusion/LSM9DS1_driver.cpp.obj
                0x2000023c                Abw
 .data.Aodr     0x2000023d        0x1 CMakeFiles/Robot_Arm_2.dir/src/SensorFusion/LSM9DS1_driver.cpp.obj
                0x2000023d                Aodr
 .data.Gbw      0x2000023e        0x1 CMakeFiles/Robot_Arm_2.dir/src/SensorFusion/LSM9DS1_driver.cpp.obj
                0x2000023e                Gbw
 .data.Godr     0x2000023f        0x1 CMakeFiles/Robot_Arm_2.dir/src/SensorFusion/LSM9DS1_driver.cpp.obj
                0x2000023f                Godr
 .data.GyroMeasError
                0x20000240        0x4 CMakeFiles/Robot_Arm_2.dir/src/SensorFusion/LSM9DS1_driver.cpp.obj
                0x20000240                GyroMeasError
 .data.LSM9DS1_ADDR_AG
                0x20000244        0x1 CMakeFiles/Robot_Arm_2.dir/src/SensorFusion/LSM9DS1_driver.cpp.obj
                0x20000244                LSM9DS1_ADDR_AG
 .data.LSM9DS1_ADDR_M
                0x20000245        0x1 CMakeFiles/Robot_Arm_2.dir/src/SensorFusion/LSM9DS1_driver.cpp.obj
                0x20000245                LSM9DS1_ADDR_M
 .data.Mmode    0x20000246        0x1 CMakeFiles/Robot_Arm_2.dir/src/SensorFusion/LSM9DS1_driver.cpp.obj
                0x20000246                Mmode
 .data.Modr     0x20000247        0x1 CMakeFiles/Robot_Arm_2.dir/src/SensorFusion/LSM9DS1_driver.cpp.obj
                0x20000247                Modr
 .data.q        0x20000248       0x10 CMakeFiles/Robot_Arm_2.dir/src/SensorFusion/LSM9DS1_driver.cpp.obj
                0x20000248                q
 .data.striped_spin_lock_num
                0x20000258        0x1 CMakeFiles/Robot_Arm_2.dir/ae783cfadb10a0055c655bcf0b179659/pico-sdk/src/rp2_common/hardware_sync/sync.c.obj
 *fill*         0x20000259        0x3 
 .data          0x2000025c       0x48 CMakeFiles/Robot_Arm_2.dir/734ab788d52071b7ec936fd1cf9a593e/src/rp2_common/hardware_irq/irq_handler_chain.S.obj
                0x2000025c                irq_handler_chain_slots
                0x2000028c                irq_handler_chain_first_slot
                0x20000296                irq_handler_chain_remove_tail
 .data.default_alarm_pool
                0x200002a4       0x18 CMakeFiles/Robot_Arm_2.dir/C_/Program_Files/Raspberry_Pi/Pico_SDK_v1.5.1/pico-sdk/src/common/pico_time/time.c.obj
 .data.default_alarm_pool_heap
                0x200002bc       0x10 CMakeFiles/Robot_Arm_2.dir/C_/Program_Files/Raspberry_Pi/Pico_SDK_v1.5.1/pico-sdk/src/common/pico_time/time.c.obj
 *fill*         0x200002cc        0x4 
 .data.aeabi_bits_funcs
                0x200002d0       0x10 CMakeFiles/Robot_Arm_2.dir/ae783cfadb10a0055c655bcf0b179659/pico-sdk/src/rp2_common/pico_bit_ops/bit_ops_aeabi.S.obj
                0x200002d0                aeabi_bits_funcs
                0x200002e0                aeabi_bits_funcs_end
 .data.aeabi_mem_funcs
                0x200002e0       0x10 CMakeFiles/Robot_Arm_2.dir/ae783cfadb10a0055c655bcf0b179659/pico-sdk/src/rp2_common/pico_mem_ops/mem_ops_aeabi.S.obj
                0x200002e0                aeabi_mem_funcs
                0x200002f0                aeabi_mem_funcs_end
 .data.stdio_uart
                0x200002f0       0x18 CMakeFiles/Robot_Arm_2.dir/ae783cfadb10a0055c655bcf0b179659/pico-sdk/src/rp2_common/pico_stdio_uart/stdio_uart.c.obj
                0x200002f0                stdio_uart
 .data.i2c0_inst
                0x20000308        0x8 CMakeFiles/Robot_Arm_2.dir/ae783cfadb10a0055c655bcf0b179659/pico-sdk/src/rp2_common/hardware_i2c/i2c.c.obj
                0x20000308                i2c0_inst
 .data.i2c1_inst
                0x20000310        0x8 CMakeFiles/Robot_Arm_2.dir/ae783cfadb10a0055c655bcf0b179659/pico-sdk/src/rp2_common/hardware_i2c/i2c.c.obj
                0x20000310                i2c1_inst
                0x20000318                . = ALIGN (0x4)
 *(.after_data.*)
                0x20000318                . = ALIGN (0x4)
                0x20000318                PROVIDE (__mutex_array_start = .)
 *(SORT_BY_NAME(.mutex_array.*))
 *(.mutex_array)
 .mutex_array   0x20000318        0x8 CMakeFiles/Robot_Arm_2.dir/ae783cfadb10a0055c655bcf0b179659/pico-sdk/src/rp2_common/pico_stdio/stdio.c.obj
                0x20000320                PROVIDE (__mutex_array_end = .)
                0x20000320                . = ALIGN (0x4)
                0x20000320                PROVIDE (__preinit_array_start = .)
 *(SORT_BY_NAME(.preinit_array.*))
 .preinit_array.00001
                0x20000320        0x4 CMakeFiles/Robot_Arm_2.dir/ae783cfadb10a0055c655bcf0b179659/pico-sdk/src/rp2_common/pico_mem_ops/mem_ops_aeabi.S.obj
 .preinit_array.00010
                0x20000324        0x4 CMakeFiles/Robot_Arm_2.dir/ae783cfadb10a0055c655bcf0b179659/pico-sdk/src/rp2_common/pico_bit_ops/bit_ops_aeabi.S.obj
 .preinit_array.00020
                0x20000328        0x4 CMakeFiles/Robot_Arm_2.dir/ae783cfadb10a0055c655bcf0b179659/pico-sdk/src/rp2_common/pico_double/double_aeabi.S.obj
 .preinit_array.00020
                0x2000032c        0x4 CMakeFiles/Robot_Arm_2.dir/ae783cfadb10a0055c655bcf0b179659/pico-sdk/src/rp2_common/pico_float/float_aeabi.S.obj
 *(.preinit_array)
                0x20000330                PROVIDE (__preinit_array_end = .)
                0x20000330                . = ALIGN (0x4)
                0x20000330                PROVIDE (__init_array_start = .)
 *(SORT_BY_NAME(.init_array.*))
 *(.init_array)
 .init_array    0x20000330        0x4 c:/progra~1/raspbe~1/picosd~1.1/gcc-ar~1/bin/../lib/gcc/arm-none-eabi/10.3.1/thumb/v6-m/nofp/crtbegin.o
 .init_array    0x20000334        0x4 CMakeFiles/Robot_Arm_2.dir/src/main.cpp.obj
 .init_array    0x20000338        0x4 CMakeFiles/Robot_Arm_2.dir/src/SensorFusion/LSM9DS1_driver.cpp.obj
                0x2000033c                PROVIDE (__init_array_end = .)
                0x2000033c                . = ALIGN (0x4)
                [!provide]                PROVIDE (__fini_array_start = .)
 *(SORT_BY_NAME(.fini_array.*))
 *(.fini_array)
                [!provide]                PROVIDE (__fini_array_end = .)
 *(.jcr)
                0x2000033c                . = ALIGN (0x4)
                0x2000033c                __data_end__ = .
                0x10007f58                __etext = LOADADDR (.data)

.igot.plt       0x2000033c        0x0 load address 0x100081d4
 .igot.plt      0x2000033c        0x0 c:/progra~1/raspbe~1/picosd~1.1/gcc-ar~1/bin/../lib/gcc/arm-none-eabi/10.3.1/thumb/v6-m/nofp/crtbegin.o

.uninitialized_data
                0x2000033c        0x0 load address 0x100081d4
                0x2000033c                . = ALIGN (0x4)
 *(.uninitialized_data*)

.scratch_x      0x20040000        0x0 load address 0x100081d4
                0x20040000                __scratch_x_start__ = .
 *(.scratch_x.*)
                0x20040000                . = ALIGN (0x4)
                0x20040000                __scratch_x_end__ = .
                0x100081d4                __scratch_x_source__ = LOADADDR (.scratch_x)

.scratch_y      0x20041000        0x0 load address 0x100081d4
                0x20041000                __scratch_y_start__ = .
 *(.scratch_y.*)
                0x20041000                . = ALIGN (0x4)
                0x20041000                __scratch_y_end__ = .
                0x100081d4                __scratch_y_source__ = LOADADDR (.scratch_y)

.bss            0x20000340      0x48c
                0x20000340                . = ALIGN (0x4)
                0x20000340                __bss_start__ = .
 *(SORT_BY_ALIGNMENT(SORT_BY_NAME(.bss*)))
 .bss.count     0x20000340        0x8 CMakeFiles/Robot_Arm_2.dir/src/SensorFusion/LSM9DS1_driver.cpp.obj
                0x20000340                count
 .bss.default_alarm_pool_entries
                0x20000348      0x100 CMakeFiles/Robot_Arm_2.dir/C_/Program_Files/Raspberry_Pi/Pico_SDK_v1.5.1/pico-sdk/src/common/pico_time/time.c.obj
 .bss.delt_t    0x20000448        0x8 CMakeFiles/Robot_Arm_2.dir/src/SensorFusion/LSM9DS1_driver.cpp.obj
                0x20000448                delt_t
 .bss.lastUpdate
                0x20000450        0x8 CMakeFiles/Robot_Arm_2.dir/src/SensorFusion/LSM9DS1_driver.cpp.obj
                0x20000450                lastUpdate
 .bss.sumCount  0x20000458        0x8 CMakeFiles/Robot_Arm_2.dir/src/SensorFusion/LSM9DS1_driver.cpp.obj
                0x20000458                sumCount
 .bss           0x20000460       0x1c c:/progra~1/raspbe~1/picosd~1.1/gcc-ar~1/bin/../lib/gcc/arm-none-eabi/10.3.1/thumb/v6-m/nofp/crtbegin.o
 .bss.GyroMeasDrift
                0x2000047c        0x4 CMakeFiles/Robot_Arm_2.dir/src/SensorFusion/LSM9DS1_driver.cpp.obj
                0x2000047c                GyroMeasDrift
 .bss.aRes      0x20000480        0x4 CMakeFiles/Robot_Arm_2.dir/src/SensorFusion/LSM9DS1_driver.cpp.obj
                0x20000480                aRes
 .bss.accelBias
                0x20000484        0xc CMakeFiles/Robot_Arm_2.dir/src/SensorFusion/LSM9DS1_driver.cpp.obj
                0x20000484                accelBias
 .bss.accelCount
                0x20000490        0x6 CMakeFiles/Robot_Arm_2.dir/src/SensorFusion/LSM9DS1_driver.cpp.obj
                0x20000490                accelCount
 *fill*         0x20000496        0x2 
 .bss.alarm_callbacks
                0x20000498       0x10 CMakeFiles/Robot_Arm_2.dir/ae783cfadb10a0055c655bcf0b179659/pico-sdk/src/rp2_common/hardware_timer/timer.c.obj
 .bss.ax        0x200004a8        0x4 CMakeFiles/Robot_Arm_2.dir/src/SensorFusion/LSM9DS1_driver.cpp.obj
                0x200004a8                ax
 .bss.ay        0x200004ac        0x4 CMakeFiles/Robot_Arm_2.dir/src/SensorFusion/LSM9DS1_driver.cpp.obj
                0x200004ac                ay
 .bss.az        0x200004b0        0x4 CMakeFiles/Robot_Arm_2.dir/src/SensorFusion/LSM9DS1_driver.cpp.obj
                0x200004b0                az
 .bss.beta      0x200004b4        0x4 CMakeFiles/Robot_Arm_2.dir/src/SensorFusion/LSM9DS1_driver.cpp.obj
                0x200004b4                beta
 .bss.chars_available_callback
                0x200004b8        0x4 CMakeFiles/Robot_Arm_2.dir/ae783cfadb10a0055c655bcf0b179659/pico-sdk/src/rp2_common/pico_stdio_uart/stdio_uart.c.obj
 .bss.chars_available_param
                0x200004bc        0x4 CMakeFiles/Robot_Arm_2.dir/ae783cfadb10a0055c655bcf0b179659/pico-sdk/src/rp2_common/pico_stdio_uart/stdio_uart.c.obj
 .bss.configured_freq
                0x200004c0       0x28 CMakeFiles/Robot_Arm_2.dir/ae783cfadb10a0055c655bcf0b179659/pico-sdk/src/rp2_common/hardware_clocks/clocks.c.obj
 .bss.default_alarm_pool_entry_ids_high
                0x200004e8       0x10 CMakeFiles/Robot_Arm_2.dir/C_/Program_Files/Raspberry_Pi/Pico_SDK_v1.5.1/pico-sdk/src/common/pico_time/time.c.obj
 .bss.default_alarm_pool_heap_nodes
                0x200004f8       0x30 CMakeFiles/Robot_Arm_2.dir/C_/Program_Files/Raspberry_Pi/Pico_SDK_v1.5.1/pico-sdk/src/common/pico_time/time.c.obj
 .bss.deltat    0x20000528        0x4 CMakeFiles/Robot_Arm_2.dir/src/SensorFusion/LSM9DS1_driver.cpp.obj
                0x20000528                deltat
 .bss.drivers   0x2000052c        0x4 CMakeFiles/Robot_Arm_2.dir/ae783cfadb10a0055c655bcf0b179659/pico-sdk/src/rp2_common/pico_stdio/stdio.c.obj
 .bss.filter    0x20000530        0x4 CMakeFiles/Robot_Arm_2.dir/ae783cfadb10a0055c655bcf0b179659/pico-sdk/src/rp2_common/pico_stdio/stdio.c.obj
 .bss.gRes      0x20000534        0x4 CMakeFiles/Robot_Arm_2.dir/src/SensorFusion/LSM9DS1_driver.cpp.obj
                0x20000534                gRes
 .bss.gx        0x20000538        0x4 CMakeFiles/Robot_Arm_2.dir/src/SensorFusion/LSM9DS1_driver.cpp.obj
                0x20000538                gx
 .bss.gy        0x2000053c        0x4 CMakeFiles/Robot_Arm_2.dir/src/SensorFusion/LSM9DS1_driver.cpp.obj
                0x2000053c                gy
 .bss.gyroBias  0x20000540        0xc CMakeFiles/Robot_Arm_2.dir/src/SensorFusion/LSM9DS1_driver.cpp.obj
                0x20000540                gyroBias
 .bss.gyroCount
                0x2000054c        0x6 CMakeFiles/Robot_Arm_2.dir/src/SensorFusion/LSM9DS1_driver.cpp.obj
                0x2000054c                gyroCount
 *fill*         0x20000552        0x2 
 .bss.gz        0x20000554        0x4 CMakeFiles/Robot_Arm_2.dir/src/SensorFusion/LSM9DS1_driver.cpp.obj
                0x20000554                gz
 .bss.mRes      0x20000558        0x4 CMakeFiles/Robot_Arm_2.dir/src/SensorFusion/LSM9DS1_driver.cpp.obj
                0x20000558                mRes
 .bss.magBias   0x2000055c        0xc CMakeFiles/Robot_Arm_2.dir/src/SensorFusion/LSM9DS1_driver.cpp.obj
                0x2000055c                magBias
 .bss.magCount  0x20000568        0x6 CMakeFiles/Robot_Arm_2.dir/src/SensorFusion/LSM9DS1_driver.cpp.obj
                0x20000568                magCount
 *fill*         0x2000056e        0x2 
 .bss.mx        0x20000570        0x4 CMakeFiles/Robot_Arm_2.dir/src/SensorFusion/LSM9DS1_driver.cpp.obj
                0x20000570                mx
 .bss.my        0x20000574        0x4 CMakeFiles/Robot_Arm_2.dir/src/SensorFusion/LSM9DS1_driver.cpp.obj
                0x20000574                my
 .bss.mz        0x20000578        0x4 CMakeFiles/Robot_Arm_2.dir/src/SensorFusion/LSM9DS1_driver.cpp.obj
                0x20000578                mz
 .bss.pitch     0x2000057c        0x4 CMakeFiles/Robot_Arm_2.dir/src/SensorFusion/LSM9DS1_driver.cpp.obj
                0x2000057c                pitch
 .bss.pools     0x20000580       0x10 CMakeFiles/Robot_Arm_2.dir/C_/Program_Files/Raspberry_Pi/Pico_SDK_v1.5.1/pico-sdk/src/common/pico_time/time.c.obj
 .bss.rad_conv  0x20000590        0x4 CMakeFiles/Robot_Arm_2.dir/src/main.cpp.obj
                0x20000590                rad_conv
 .bss.roll      0x20000594        0x4 CMakeFiles/Robot_Arm_2.dir/src/SensorFusion/LSM9DS1_driver.cpp.obj
                0x20000594                roll
 .bss.sd_table  0x20000598      0x100 CMakeFiles/Robot_Arm_2.dir/ae783cfadb10a0055c655bcf0b179659/pico-sdk/src/rp2_common/pico_double/double_init_rom.c.obj
                0x20000598                sd_table
 .bss.sf_clz_func
                0x20000698        0x4 CMakeFiles/Robot_Arm_2.dir/ae783cfadb10a0055c655bcf0b179659/pico-sdk/src/rp2_common/pico_double/double_init_rom.c.obj
                0x20000698                sf_clz_func
 .bss.sf_table  0x2000069c      0x100 CMakeFiles/Robot_Arm_2.dir/ae783cfadb10a0055c655bcf0b179659/pico-sdk/src/rp2_common/pico_float/float_init_rom.c.obj
                0x2000069c                sf_table
 .bss.sleep_notifier
                0x2000079c        0x4 CMakeFiles/Robot_Arm_2.dir/C_/Program_Files/Raspberry_Pi/Pico_SDK_v1.5.1/pico-sdk/src/common/pico_time/time.c.obj
 .bss.sum       0x200007a0        0x4 CMakeFiles/Robot_Arm_2.dir/src/SensorFusion/LSM9DS1_driver.cpp.obj
                0x200007a0                sum
 .bss.target_hi
                0x200007a4       0x10 CMakeFiles/Robot_Arm_2.dir/ae783cfadb10a0055c655bcf0b179659/pico-sdk/src/rp2_common/hardware_timer/timer.c.obj
 .bss.uart_char_to_line_feed
                0x200007b4        0x4 CMakeFiles/Robot_Arm_2.dir/ae783cfadb10a0055c655bcf0b179659/pico-sdk/src/rp2_common/hardware_uart/uart.c.obj
                0x200007b4                uart_char_to_line_feed
 .bss.uart_instance
                0x200007b8        0x4 CMakeFiles/Robot_Arm_2.dir/ae783cfadb10a0055c655bcf0b179659/pico-sdk/src/rp2_common/pico_stdio_uart/stdio_uart.c.obj
 .bss.yaw       0x200007bc        0x4 CMakeFiles/Robot_Arm_2.dir/src/SensorFusion/LSM9DS1_driver.cpp.obj
                0x200007bc                yaw
 .bss.zeta      0x200007c0        0x4 CMakeFiles/Robot_Arm_2.dir/src/SensorFusion/LSM9DS1_driver.cpp.obj
                0x200007c0                zeta
 .bss.Ascale    0x200007c4        0x1 CMakeFiles/Robot_Arm_2.dir/src/SensorFusion/LSM9DS1_driver.cpp.obj
                0x200007c4                Ascale
 .bss.Gscale    0x200007c5        0x1 CMakeFiles/Robot_Arm_2.dir/src/SensorFusion/LSM9DS1_driver.cpp.obj
                0x200007c5                Gscale
 .bss.Mscale    0x200007c6        0x1 CMakeFiles/Robot_Arm_2.dir/src/SensorFusion/LSM9DS1_driver.cpp.obj
                0x200007c6                Mscale
 .bss.claimed   0x200007c7        0x1 CMakeFiles/Robot_Arm_2.dir/ae783cfadb10a0055c655bcf0b179659/pico-sdk/src/rp2_common/hardware_timer/timer.c.obj
 .bss.irq_hander_chain_free_slot_head
                0x200007c8        0x1 CMakeFiles/Robot_Arm_2.dir/ae783cfadb10a0055c655bcf0b179659/pico-sdk/src/rp2_common/hardware_irq/irq.c.obj
 .bss.timer_callbacks_pending
                0x200007c9        0x1 CMakeFiles/Robot_Arm_2.dir/ae783cfadb10a0055c655bcf0b179659/pico-sdk/src/rp2_common/hardware_timer/timer.c.obj
 *(COMMON)
                0x200007cc                . = ALIGN (0x4)
 *fill*         0x200007ca        0x2 
                0x200007cc                __bss_end__ = .

.heap           0x200007cc      0x800
                0x200007cc                __end__ = .
                0x200007cc                end = __end__
 *(.heap*)
 .heap          0x200007cc      0x800 CMakeFiles/Robot_Arm_2.dir/ae783cfadb10a0055c655bcf0b179659/pico-sdk/src/rp2_common/pico_standard_link/crt0.S.obj
                0x20000fcc                __HeapLimit = .

.stack1_dummy   0x20040000        0x0
 *(.stack1*)

.stack_dummy    0x20041000      0x800
 *(.stack*)
 .stack         0x20041000      0x800 CMakeFiles/Robot_Arm_2.dir/ae783cfadb10a0055c655bcf0b179659/pico-sdk/src/rp2_common/pico_standard_link/crt0.S.obj

.flash_end      0x100081d4        0x0
                0x100081d4                PROVIDE (__flash_binary_end = .)
                0x20040000                __StackLimit = (ORIGIN (RAM) + LENGTH (RAM))
                0x20041000                __StackOneTop = (ORIGIN (SCRATCH_X) + LENGTH (SCRATCH_X))
                0x20042000                __StackTop = (ORIGIN (SCRATCH_Y) + LENGTH (SCRATCH_Y))
                0x20041000                __StackOneBottom = (__StackOneTop - SIZEOF (.stack1_dummy))
                0x20041800                __StackBottom = (__StackTop - SIZEOF (.stack_dummy))
                0x20042000                PROVIDE (__stack = __StackTop)
                0x00000001                ASSERT ((__StackLimit >= __HeapLimit), region RAM overflowed)
                0x00000001                ASSERT (((__binary_info_header_end - __logical_binary_start) <= 0x100), Binary info must be in first 256 bytes of the binary)
LOAD CMakeFiles/Robot_Arm_2.dir/src/main.cpp.obj
LOAD CMakeFiles/Robot_Arm_2.dir/src/drivers/logging/logging.cpp.obj
LOAD CMakeFiles/Robot_Arm_2.dir/src/SensorFusion/FusionArhs.cpp.obj
LOAD CMakeFiles/Robot_Arm_2.dir/src/SensorFusion/FusionCompass.cpp.obj
LOAD CMakeFiles/Robot_Arm_2.dir/src/SensorFusion/FusionOffset.cpp.obj
LOAD CMakeFiles/Robot_Arm_2.dir/src/SensorFusion/LSM9DS1_driver.cpp.obj
LOAD CMakeFiles/Robot_Arm_2.dir/ae783cfadb10a0055c655bcf0b179659/pico-sdk/src/rp2_common/pico_stdlib/stdlib.c.obj
LOAD CMakeFiles/Robot_Arm_2.dir/ae783cfadb10a0055c655bcf0b179659/pico-sdk/src/rp2_common/hardware_gpio/gpio.c.obj
LOAD CMakeFiles/Robot_Arm_2.dir/ae783cfadb10a0055c655bcf0b179659/pico-sdk/src/rp2_common/pico_platform/platform.c.obj
LOAD CMakeFiles/Robot_Arm_2.dir/ae783cfadb10a0055c655bcf0b179659/pico-sdk/src/rp2_common/hardware_claim/claim.c.obj
LOAD CMakeFiles/Robot_Arm_2.dir/ae783cfadb10a0055c655bcf0b179659/pico-sdk/src/rp2_common/hardware_sync/sync.c.obj
LOAD CMakeFiles/Robot_Arm_2.dir/ae783cfadb10a0055c655bcf0b179659/pico-sdk/src/rp2_common/hardware_irq/irq.c.obj
LOAD CMakeFiles/Robot_Arm_2.dir/734ab788d52071b7ec936fd1cf9a593e/src/rp2_common/hardware_irq/irq_handler_chain.S.obj
LOAD CMakeFiles/Robot_Arm_2.dir/C_/Program_Files/Raspberry_Pi/Pico_SDK_v1.5.1/pico-sdk/src/common/pico_sync/sem.c.obj
LOAD CMakeFiles/Robot_Arm_2.dir/C_/Program_Files/Raspberry_Pi/Pico_SDK_v1.5.1/pico-sdk/src/common/pico_sync/lock_core.c.obj
LOAD CMakeFiles/Robot_Arm_2.dir/C_/Program_Files/Raspberry_Pi/Pico_SDK_v1.5.1/pico-sdk/src/common/pico_sync/mutex.c.obj
LOAD CMakeFiles/Robot_Arm_2.dir/ae783cfadb10a0055c655bcf0b179659/pico-sdk/src/common/pico_sync/critical_section.c.obj
LOAD CMakeFiles/Robot_Arm_2.dir/C_/Program_Files/Raspberry_Pi/Pico_SDK_v1.5.1/pico-sdk/src/common/pico_time/time.c.obj
LOAD CMakeFiles/Robot_Arm_2.dir/ae783cfadb10a0055c655bcf0b179659/pico-sdk/src/common/pico_time/timeout_helper.c.obj
LOAD CMakeFiles/Robot_Arm_2.dir/ae783cfadb10a0055c655bcf0b179659/pico-sdk/src/rp2_common/hardware_timer/timer.c.obj
LOAD CMakeFiles/Robot_Arm_2.dir/C_/Program_Files/Raspberry_Pi/Pico_SDK_v1.5.1/pico-sdk/src/common/pico_util/datetime.c.obj
LOAD CMakeFiles/Robot_Arm_2.dir/C_/Program_Files/Raspberry_Pi/Pico_SDK_v1.5.1/pico-sdk/src/common/pico_util/pheap.c.obj
LOAD CMakeFiles/Robot_Arm_2.dir/C_/Program_Files/Raspberry_Pi/Pico_SDK_v1.5.1/pico-sdk/src/common/pico_util/queue.c.obj
LOAD CMakeFiles/Robot_Arm_2.dir/ae783cfadb10a0055c655bcf0b179659/pico-sdk/src/rp2_common/hardware_uart/uart.c.obj
LOAD CMakeFiles/Robot_Arm_2.dir/ae783cfadb10a0055c655bcf0b179659/pico-sdk/src/rp2_common/hardware_clocks/clocks.c.obj
LOAD CMakeFiles/Robot_Arm_2.dir/ae783cfadb10a0055c655bcf0b179659/pico-sdk/src/rp2_common/hardware_pll/pll.c.obj
LOAD CMakeFiles/Robot_Arm_2.dir/ae783cfadb10a0055c655bcf0b179659/pico-sdk/src/rp2_common/hardware_vreg/vreg.c.obj
LOAD CMakeFiles/Robot_Arm_2.dir/ae783cfadb10a0055c655bcf0b179659/pico-sdk/src/rp2_common/hardware_watchdog/watchdog.c.obj
LOAD CMakeFiles/Robot_Arm_2.dir/ae783cfadb10a0055c655bcf0b179659/pico-sdk/src/rp2_common/hardware_xosc/xosc.c.obj
LOAD CMakeFiles/Robot_Arm_2.dir/ae783cfadb10a0055c655bcf0b179659/pico-sdk/src/rp2_common/hardware_divider/divider.S.obj
LOAD CMakeFiles/Robot_Arm_2.dir/ae783cfadb10a0055c655bcf0b179659/pico-sdk/src/rp2_common/pico_runtime/runtime.c.obj
LOAD CMakeFiles/Robot_Arm_2.dir/ae783cfadb10a0055c655bcf0b179659/pico-sdk/src/rp2_common/pico_printf/printf.c.obj
LOAD CMakeFiles/Robot_Arm_2.dir/ae783cfadb10a0055c655bcf0b179659/pico-sdk/src/rp2_common/pico_bit_ops/bit_ops_aeabi.S.obj
LOAD CMakeFiles/Robot_Arm_2.dir/ae783cfadb10a0055c655bcf0b179659/pico-sdk/src/rp2_common/pico_bootrom/bootrom.c.obj
LOAD CMakeFiles/Robot_Arm_2.dir/ae783cfadb10a0055c655bcf0b179659/pico-sdk/src/rp2_common/pico_divider/divider.S.obj
LOAD CMakeFiles/Robot_Arm_2.dir/ae783cfadb10a0055c655bcf0b179659/pico-sdk/src/rp2_common/pico_double/double_aeabi.S.obj
LOAD CMakeFiles/Robot_Arm_2.dir/ae783cfadb10a0055c655bcf0b179659/pico-sdk/src/rp2_common/pico_double/double_init_rom.c.obj
LOAD CMakeFiles/Robot_Arm_2.dir/ae783cfadb10a0055c655bcf0b179659/pico-sdk/src/rp2_common/pico_double/double_math.c.obj
LOAD CMakeFiles/Robot_Arm_2.dir/734ab788d52071b7ec936fd1cf9a593e/src/rp2_common/pico_double/double_v1_rom_shim.S.obj
LOAD CMakeFiles/Robot_Arm_2.dir/734ab788d52071b7ec936fd1cf9a593e/src/rp2_common/pico_int64_ops/pico_int64_ops_aeabi.S.obj