Archive member included to satisfy reference by file (symbol)

c:/progra~1/raspbe~1/picosd~1.1/gcc-ar~1/bin/../lib/gcc/arm-none-eabi/10.3.1/thumb/v6-m/nofp\libgcc.a(_dvmd_tls.o)
                              CMakeFiles/Robot_Arm.dir/ae783cfadb10a0055c655bcf0b179659/pico-sdk/src/rp2_common/pico_divider/divider.S.obj (__aeabi_idiv0)
c:/progra~1/raspbe~1/picosd~1.1/gcc-ar~1/bin/../lib/gcc/arm-none-eabi/10.3.1/../../../../arm-none-eabi/lib/thumb/v6-m/nofp\libg.a(lib_a-calloc.o)
                              CMakeFiles/Robot_Arm.dir/ae783cfadb10a0055c655bcf0b179659/pico-sdk/src/rp2_common/pico_malloc/pico_malloc.c.obj (calloc)
c:/progra~1/raspbe~1/picosd~1.1/gcc-ar~1/bin/../lib/gcc/arm-none-eabi/10.3.1/../../../../arm-none-eabi/lib/thumb/v6-m/nofp\libg.a(lib_a-callocr.o)
                              c:/progra~1/raspbe~1/picosd~1.1/gcc-ar~1/bin/../lib/gcc/arm-none-eabi/10.3.1/../../../../arm-none-eabi/lib/thumb/v6-m/nofp\libg.a(lib_a-calloc.o) (_calloc_r)
c:/progra~1/raspbe~1/picosd~1.1/gcc-ar~1/bin/../lib/gcc/arm-none-eabi/10.3.1/../../../../arm-none-eabi/lib/thumb/v6-m/nofp\libg.a(lib_a-errno.o)
                              c:/progra~1/raspbe~1/picosd~1.1/gcc-ar~1/bin/../lib/gcc/arm-none-eabi/10.3.1/../../../../arm-none-eabi/lib/thumb/v6-m/nofp\libg.a(lib_a-callocr.o) (__errno)
c:/progra~1/raspbe~1/picosd~1.1/gcc-ar~1/bin/../lib/gcc/arm-none-eabi/10.3.1/../../../../arm-none-eabi/lib/thumb/v6-m/nofp\libg.a(lib_a-impure.o)
                              c:/progra~1/raspbe~1/picosd~1.1/gcc-ar~1/bin/../lib/gcc/arm-none-eabi/10.3.1/../../../../arm-none-eabi/lib/thumb/v6-m/nofp\libg.a(lib_a-calloc.o) (_impure_ptr)
c:/progra~1/raspbe~1/picosd~1.1/gcc-ar~1/bin/../lib/gcc/arm-none-eabi/10.3.1/../../../../arm-none-eabi/lib/thumb/v6-m/nofp\libg.a(lib_a-init.o)
                              c:/progra~1/raspbe~1/picosd~1.1/gcc-ar~1/bin/../lib/gcc/arm-none-eabi/10.3.1/../../../../arm-none-eabi/lib/thumb/v6-m/nofp/crt0.o (__libc_init_array)
c:/progra~1/raspbe~1/picosd~1.1/gcc-ar~1/bin/../lib/gcc/arm-none-eabi/10.3.1/../../../../arm-none-eabi/lib/thumb/v6-m/nofp\libg.a(lib_a-malloc.o)
                              CMakeFiles/Robot_Arm.dir/ae783cfadb10a0055c655bcf0b179659/pico-sdk/src/rp2_common/pico_malloc/pico_malloc.c.obj (malloc)
c:/progra~1/raspbe~1/picosd~1.1/gcc-ar~1/bin/../lib/gcc/arm-none-eabi/10.3.1/../../../../arm-none-eabi/lib/thumb/v6-m/nofp\libg.a(lib_a-mallocr.o)
                              c:/progra~1/raspbe~1/picosd~1.1/gcc-ar~1/bin/../lib/gcc/arm-none-eabi/10.3.1/../../../../arm-none-eabi/lib/thumb/v6-m/nofp\libg.a(lib_a-callocr.o) (_malloc_r)
c:/progra~1/raspbe~1/picosd~1.1/gcc-ar~1/bin/../lib/gcc/arm-none-eabi/10.3.1/../../../../arm-none-eabi/lib/thumb/v6-m/nofp\libg.a(lib_a-mlock.o)
                              c:/progra~1/raspbe~1/picosd~1.1/gcc-ar~1/bin/../lib/gcc/arm-none-eabi/10.3.1/../../../../arm-none-eabi/lib/thumb/v6-m/nofp\libg.a(lib_a-mallocr.o) (__malloc_lock)
c:/progra~1/raspbe~1/picosd~1.1/gcc-ar~1/bin/../lib/gcc/arm-none-eabi/10.3.1/../../../../arm-none-eabi/lib/thumb/v6-m/nofp\libg.a(lib_a-realloc.o)
                              CMakeFiles/Robot_Arm.dir/ae783cfadb10a0055c655bcf0b179659/pico-sdk/src/rp2_common/pico_malloc/pico_malloc.c.obj (realloc)
c:/progra~1/raspbe~1/picosd~1.1/gcc-ar~1/bin/../lib/gcc/arm-none-eabi/10.3.1/../../../../arm-none-eabi/lib/thumb/v6-m/nofp\libg.a(lib_a-reallocr.o)
                              c:/progra~1/raspbe~1/picosd~1.1/gcc-ar~1/bin/../lib/gcc/arm-none-eabi/10.3.1/../../../../arm-none-eabi/lib/thumb/v6-m/nofp\libg.a(lib_a-realloc.o) (_realloc_r)
c:/progra~1/raspbe~1/picosd~1.1/gcc-ar~1/bin/../lib/gcc/arm-none-eabi/10.3.1/../../../../arm-none-eabi/lib/thumb/v6-m/nofp\libg.a(lib_a-sbrkr.o)
                              c:/progra~1/raspbe~1/picosd~1.1/gcc-ar~1/bin/../lib/gcc/arm-none-eabi/10.3.1/../../../../arm-none-eabi/lib/thumb/v6-m/nofp\libg.a(lib_a-mallocr.o) (_sbrk_r)
c:/progra~1/raspbe~1/picosd~1.1/gcc-ar~1/bin/../lib/gcc/arm-none-eabi/10.3.1/../../../../arm-none-eabi/lib/thumb/v6-m/nofp\libg.a(lib_a-strlen-stub.o)
                              CMakeFiles/Robot_Arm.dir/C_/Program_Files/Raspberry_Pi/Pico_SDK_v1.5.1/pico-sdk/src/rp2_common/pico_stdio/stdio.c.obj (strlen)
c:/progra~1/raspbe~1/picosd~1.1/gcc-ar~1/bin/../lib/gcc/arm-none-eabi/10.3.1/../../../../arm-none-eabi/lib/thumb/v6-m/nofp\libg.a(lib_a-freer.o)
                              c:/progra~1/raspbe~1/picosd~1.1/gcc-ar~1/bin/../lib/gcc/arm-none-eabi/10.3.1/../../../../arm-none-eabi/lib/thumb/v6-m/nofp\libg.a(lib_a-malloc.o) (_free_r)
c:/progra~1/raspbe~1/picosd~1.1/gcc-ar~1/bin/../lib/gcc/arm-none-eabi/10.3.1/../../../../arm-none-eabi/lib/thumb/v6-m/nofp\libg.a(lib_a-lock.o)
                              c:/progra~1/raspbe~1/picosd~1.1/gcc-ar~1/bin/../lib/gcc/arm-none-eabi/10.3.1/../../../../arm-none-eabi/lib/thumb/v6-m/nofp\libg.a(lib_a-mlock.o) (__retarget_lock_acquire_recursive)
[...]
Memory Configuration

Name             Origin             Length             Attributes
FLASH            0x10000000         0x00200000         xr
RAM              0x20000000         0x00040000         xrw
SCRATCH_X        0x20040000         0x00001000         xrw
SCRATCH_Y        0x20041000         0x00001000         xrw
*default*        0x00000000         0xffffffff

Linker script and memory map

LOAD c:/progra~1/raspbe~1/picosd~1.1/gcc-ar~1/bin/../lib/gcc/arm-none-eabi/10.3.1/thumb/v6-m/nofp/crti.o
LOAD c:/progra~1/raspbe~1/picosd~1.1/gcc-ar~1/bin/../lib/gcc/arm-none-eabi/10.3.1/thumb/v6-m/nofp/crtbegin.o
LOAD c:/progra~1/raspbe~1/picosd~1.1/gcc-ar~1/bin/../lib/gcc/arm-none-eabi/10.3.1/../../../../arm-none-eabi/lib/thumb/v6-m/nofp/crt0.o

.flash_begin    0x10000000        0x0
                0x10000000                __flash_binary_start = .

.boot2          0x10000000      0x100
                0x10000000                __boot2_start__ = .
 *(.boot2)
 .boot2         0x10000000      0x100 C:\Users\Lachlan\AppData\Local\Temp\cccFLvNV.o
                0x10000100                __boot2_end__ = .
                0x00000001                ASSERT (((__boot2_end__ - __boot2_start__) == 0x100), ERROR: Pico second stage bootloader must be 256 bytes in size)

.text           0x10000100     0x4c90
                0x10000100                __logical_binary_start = .
 *(.vectors)
 .vectors       0x10000100       0xd4 CMakeFiles/Robot_Arm.dir/ae783cfadb10a0055c655bcf0b179659/pico-sdk/src/rp2_common/pico_standard_link/crt0.S.obj
                0x10000100                __VECTOR_TABLE
                0x10000100                __vectors
                0x100001c0                isr_invalid
                0x100001c0                __default_isrs_start
                0x100001c2                isr_nmi
                0x100001c4                isr_hardfault
                0x100001c6                isr_svcall
                0x100001c8                isr_pendsv
                0x100001ca                isr_systick
                0x100001cc                isr_irq23
                0x100001cc                isr_irq18
                0x100001cc                isr_irq11
                0x100001cc                isr_irq28
                0x100001cc                isr_irq19
                0x100001cc                isr_irq0
                0x100001cc                isr_irq6
                0x100001cc                isr_irq5
                0x100001cc                isr_irq12
                0x100001cc                isr_irq22
                0x100001cc                isr_irq31
                0x100001cc                isr_irq17
                0x100001cc                isr_irq27
                0x100001cc                isr_irq30
                0x100001cc                isr_irq2
                0x100001cc                isr_irq10
                0x100001cc                isr_irq8
                0x100001cc                isr_irq24
                0x100001cc                isr_irq1
                0x100001cc                isr_irq7
                0x100001cc                isr_irq21
                0x100001cc                isr_irq20
                0x100001cc                isr_irq15
                0x100001cc                isr_irq25
                0x100001cc                isr_irq13
                0x100001cc                __unhandled_user_irq
                0x100001cc                isr_irq4
                0x100001cc                isr_irq16
                0x100001cc                isr_irq29
                0x100001cc                isr_irq26
                0x100001cc                __default_isrs_end
                0x100001cc                isr_irq3
                0x100001cc                isr_irq14
                0x100001cc                isr_irq9
                0x100001d2                unhandled_user_irq_num_in_r0
 *(.binary_info_header)
 .binary_info_header
                0x100001d4       0x14 CMakeFiles/Robot_Arm.dir/ae783cfadb10a0055c655bcf0b179659/pico-sdk/src/rp2_common/pico_standard_link/crt0.S.obj
                0x100001e8                __binary_info_header_end = .
 *(.reset)
 .reset         0x100001e8       0xa0 CMakeFiles/Robot_Arm.dir/ae783cfadb10a0055c655bcf0b179659/pico-sdk/src/rp2_common/pico_standard_link/crt0.S.obj
                0x100001e8                _entry_point
 .reset         0x10000288       0x30 CMakeFiles/Robot_Arm.dir/ae783cfadb10a0055c655bcf0b179659/pico-sdk/src/rp2_common/pico_standard_link/binary_info.c.obj
 *(.init)
 .init          0x100002b8        0x4 c:/progra~1/raspbe~1/picosd~1.1/gcc-ar~1/bin/../lib/gcc/arm-none-eabi/10.3.1/thumb/v6-m/nofp/crti.o
                0x100002b8                _init
 *(EXCLUDE_FILE(*libm.a: *libc.a:*lib_a-mem*.o *libgcc.a:) .text*)
 .text          0x100002bc       0x48 c:/progra~1/raspbe~1/picosd~1.1/gcc-ar~1/bin/../lib/gcc/arm-none-eabi/10.3.1/thumb/v6-m/nofp/crtbegin.o
 .text.main     0x10000304      0x228 CMakeFiles/Robot_Arm.dir/src/main.cpp.obj
                0x10000304                main
 .text._ZN13LSM9DS1DriverC2Ehhhh
                0x1000052c       0x10 CMakeFiles/Robot_Arm.dir/src/SensorFusion/LSM9DS1_driver.cpp.obj
                0x1000052c                LSM9DS1Driver::LSM9DS1Driver(unsigned char, unsigned char, unsigned char, unsigned char)
                0x1000052c                LSM9DS1Driver::LSM9DS1Driver(unsigned char, unsigned char, unsigned char, unsigned char)
 .text._ZN13LSM9DS1Driver10selectChipEv
                0x1000053c       0x1a CMakeFiles/Robot_Arm.dir/src/SensorFusion/LSM9DS1_driver.cpp.obj
                0x1000053c                LSM9DS1Driver::selectChip()
 .text._ZN13LSM9DS1Driver12deselectChipEv
                0x10000556       0x1a CMakeFiles/Robot_Arm.dir/src/SensorFusion/LSM9DS1_driver.cpp.obj
                0x10000556                LSM9DS1Driver::deselectChip()
 .text._ZN13LSM9DS1Driver10initializeEv
                0x10000570       0x48 CMakeFiles/Robot_Arm.dir/src/SensorFusion/LSM9DS1_driver.cpp.obj
                0x10000570                LSM9DS1Driver::initialize()
 .text._ZN13LSM9DS1Driver13readRegistersEhPht
                0x100005b8       0x54 CMakeFiles/Robot_Arm.dir/src/SensorFusion/LSM9DS1_driver.cpp.obj
                0x100005b8                LSM9DS1Driver::readRegisters(unsigned char, unsigned char*, unsigned short)
 .text._ZN13LSM9DS1Driver13writeRegisterEhh
                0x1000060c       0x2c CMakeFiles/Robot_Arm.dir/src/SensorFusion/LSM9DS1_driver.cpp.obj
                0x1000060c                LSM9DS1Driver::writeRegister(unsigned char, unsigned char)
 .text._ZN13LSM9DS1Driver12resetlsm9ds1Ev
                0x10000638       0x30 CMakeFiles/Robot_Arm.dir/src/SensorFusion/LSM9DS1_driver.cpp.obj
                0x10000638                LSM9DS1Driver::resetlsm9ds1()
 .text._ZN13LSM9DS1Driver14WHO_AM_I_CHECKEv
                0x10000668       0x28 CMakeFiles/Robot_Arm.dir/src/SensorFusion/LSM9DS1_driver.cpp.obj
                0x10000668                LSM9DS1Driver::WHO_AM_I_CHECK()
 .text._ZN13LSM9DS1Driver16configurelsm9ds1Ev
                0x10000690       0x84 CMakeFiles/Robot_Arm.dir/src/SensorFusion/LSM9DS1_driver.cpp.obj
                0x10000690                LSM9DS1Driver::configurelsm9ds1()
 .text._ZN13LSM9DS1Driver13readAccelDataERsS0_S0_
                0x10000714       0x3c CMakeFiles/Robot_Arm.dir/src/SensorFusion/LSM9DS1_driver.cpp.obj
                0x10000714                LSM9DS1Driver::readAccelData(short&, short&, short&)
 .text._ZN13LSM9DS1Driver12readGyroDataERsS0_S0_
                0x10000750       0x3c CMakeFiles/Robot_Arm.dir/src/SensorFusion/LSM9DS1_driver.cpp.obj
                0x10000750                LSM9DS1Driver::readGyroData(short&, short&, short&)
 .text.gpio_set_function
                0x1000078c       0x30 CMakeFiles/Robot_Arm.dir/C_/Program_Files/Raspberry_Pi/Pico_SDK_v1.5.1/pico-sdk/src/rp2_common/hardware_gpio/gpio.c.obj
                0x1000078c                gpio_set_function
 .text.gpio_init
                0x100007bc       0x16 CMakeFiles/Robot_Arm.dir/C_/Program_Files/Raspberry_Pi/Pico_SDK_v1.5.1/pico-sdk/src/rp2_common/hardware_gpio/gpio.c.obj
                0x100007bc                gpio_init
 *fill*         0x100007d2        0x2 
 .text.running_on_fpga
                0x100007d4       0x14 CMakeFiles/Robot_Arm.dir/ae783cfadb10a0055c655bcf0b179659/pico-sdk/src/rp2_common/pico_platform/platform.c.obj
                0x100007d4                running_on_fpga
 .text.hw_claim_lock
                0x100007e8       0x18 CMakeFiles/Robot_Arm.dir/ae783cfadb10a0055c655bcf0b179659/pico-sdk/src/rp2_common/hardware_claim/claim.c.obj
                0x100007e8                hw_claim_lock
 .text.hw_claim_unlock
                0x10000800       0x14 CMakeFiles/Robot_Arm.dir/ae783cfadb10a0055c655bcf0b179659/pico-sdk/src/rp2_common/hardware_claim/claim.c.obj
                0x10000800                hw_claim_unlock
 .text.hw_claim_or_assert
                0x10000814       0x32 CMakeFiles/Robot_Arm.dir/ae783cfadb10a0055c655bcf0b179659/pico-sdk/src/rp2_common/hardware_claim/claim.c.obj
                0x10000814                hw_claim_or_assert
 *fill*         0x10000846        0x2 
 .text.spin_locks_reset
                0x10000848       0x20 CMakeFiles/Robot_Arm.dir/C_/Program_Files/Raspberry_Pi/Pico_SDK_v1.5.1/pico-sdk/src/rp2_common/hardware_sync/sync.c.obj
                0x10000848                spin_locks_reset
 .text.next_striped_spin_lock_num
                0x10000868       0x1c CMakeFiles/Robot_Arm.dir/C_/Program_Files/Raspberry_Pi/Pico_SDK_v1.5.1/pico-sdk/src/rp2_common/hardware_sync/sync.c.obj
                0x10000868                next_striped_spin_lock_num
 .text.set_raw_irq_handler_and_unlock
                0x10000884       0x28 CMakeFiles/Robot_Arm.dir/C_/Program_Files/Raspberry_Pi/Pico_SDK_v1.5.1/pico-sdk/src/rp2_common/hardware_irq/irq.c.obj
 .text.make_branch
                0x100008ac       0x48 CMakeFiles/Robot_Arm.dir/C_/Program_Files/Raspberry_Pi/Pico_SDK_v1.5.1/pico-sdk/src/rp2_common/hardware_irq/irq.c.obj
 .text.insert_branch_and_link
                0x100008f4       0x40 CMakeFiles/Robot_Arm.dir/C_/Program_Files/Raspberry_Pi/Pico_SDK_v1.5.1/pico-sdk/src/rp2_common/hardware_irq/irq.c.obj
 .text.irq_is_enabled
                0x10000934       0x18 CMakeFiles/Robot_Arm.dir/C_/Program_Files/Raspberry_Pi/Pico_SDK_v1.5.1/pico-sdk/src/rp2_common/hardware_irq/irq.c.obj
                0x10000934                irq_is_enabled
 .text.irq_set_mask_enabled
                0x1000094c       0x20 CMakeFiles/Robot_Arm.dir/C_/Program_Files/Raspberry_Pi/Pico_SDK_v1.5.1/pico-sdk/src/rp2_common/hardware_irq/irq.c.obj
                0x1000094c                irq_set_mask_enabled
 .text.irq_set_enabled
                0x1000096c        0xe CMakeFiles/Robot_Arm.dir/C_/Program_Files/Raspberry_Pi/Pico_SDK_v1.5.1/pico-sdk/src/rp2_common/hardware_irq/irq.c.obj
                0x1000096c                irq_set_enabled
 *fill*         0x1000097a        0x2 
 .text.irq_get_vtable_handler
                0x1000097c       0x10 CMakeFiles/Robot_Arm.dir/C_/Program_Files/Raspberry_Pi/Pico_SDK_v1.5.1/pico-sdk/src/rp2_common/hardware_irq/irq.c.obj
                0x1000097c                irq_get_vtable_handler
 .text.irq_set_exclusive_handler
                0x1000098c       0x54 CMakeFiles/Robot_Arm.dir/C_/Program_Files/Raspberry_Pi/Pico_SDK_v1.5.1/pico-sdk/src/rp2_common/hardware_irq/irq.c.obj
                0x1000098c                irq_set_exclusive_handler
 .text.irq_remove_handler
                0x100009e0      0x1ac CMakeFiles/Robot_Arm.dir/C_/Program_Files/Raspberry_Pi/Pico_SDK_v1.5.1/pico-sdk/src/rp2_common/hardware_irq/irq.c.obj
                0x100009e0                irq_remove_handler
 .text.irq_add_tail_to_free_list
                0x10000b8c       0xf0 CMakeFiles/Robot_Arm.dir/C_/Program_Files/Raspberry_Pi/Pico_SDK_v1.5.1/pico-sdk/src/rp2_common/hardware_irq/irq.c.obj
                0x10000b8c                irq_add_tail_to_free_list
 .text.irq_init_priorities
                0x10000c7c       0x1c CMakeFiles/Robot_Arm.dir/C_/Program_Files/Raspberry_Pi/Pico_SDK_v1.5.1/pico-sdk/src/rp2_common/hardware_irq/irq.c.obj
                0x10000c7c                irq_init_priorities
 .text.lock_init
                0x10000c98       0x10 CMakeFiles/Robot_Arm.dir/C_/Program_Files/Raspberry_Pi/Pico_SDK_v1.5.1/pico-sdk/src/common/pico_sync/lock_core.c.obj
                0x10000c98                lock_init
 .text.mutex_init
                0x10000ca8       0x1a CMakeFiles/Robot_Arm.dir/C_/Program_Files/Raspberry_Pi/Pico_SDK_v1.5.1/pico-sdk/src/common/pico_sync/mutex.c.obj
                0x10000ca8                mutex_init
 .text.recursive_mutex_init
                0x10000cc2       0x1e CMakeFiles/Robot_Arm.dir/C_/Program_Files/Raspberry_Pi/Pico_SDK_v1.5.1/pico-sdk/src/common/pico_sync/mutex.c.obj
                0x10000cc2                recursive_mutex_init
 .text.alarm_pool_post_alloc_init
                0x10000ce0       0x40 CMakeFiles/Robot_Arm.dir/C_/Program_Files/Raspberry_Pi/Pico_SDK_v1.5.1/pico-sdk/src/common/pico_time/time.c.obj
 .text.sleep_until_callback
                0x10000d20       0x30 CMakeFiles/Robot_Arm.dir/C_/Program_Files/Raspberry_Pi/Pico_SDK_v1.5.1/pico-sdk/src/common/pico_time/time.c.obj
 .text.timer_pool_entry_comparator
                0x10000d50       0x7c CMakeFiles/Robot_Arm.dir/C_/Program_Files/Raspberry_Pi/Pico_SDK_v1.5.1/pico-sdk/src/common/pico_time/time.c.obj
                0x10000d50                timer_pool_entry_comparator
 .text.ph_add_child_node
                0x10000dcc       0xa4 CMakeFiles/Robot_Arm.dir/C_/Program_Files/Raspberry_Pi/Pico_SDK_v1.5.1/pico-sdk/src/common/pico_time/time.c.obj
 .text.ph_merge_nodes
                0x10000e70       0x3e CMakeFiles/Robot_Arm.dir/C_/Program_Files/Raspberry_Pi/Pico_SDK_v1.5.1/pico-sdk/src/common/pico_time/time.c.obj
 *fill*         0x10000eae        0x2 
 .text.add_alarm_under_lock
                0x10000eb0      0x174 CMakeFiles/Robot_Arm.dir/C_/Program_Files/Raspberry_Pi/Pico_SDK_v1.5.1/pico-sdk/src/common/pico_time/time.c.obj
 .text.alarm_pool_alarm_callback
                0x10001024      0x33c CMakeFiles/Robot_Arm.dir/C_/Program_Files/Raspberry_Pi/Pico_SDK_v1.5.1/pico-sdk/src/common/pico_time/time.c.obj
 .text.alarm_pool_init_default
                0x10001360       0x40 CMakeFiles/Robot_Arm.dir/C_/Program_Files/Raspberry_Pi/Pico_SDK_v1.5.1/pico-sdk/src/common/pico_time/time.c.obj
                0x10001360                alarm_pool_init_default
 .text.alarm_pool_get_default
                0x100013a0       0x2c CMakeFiles/Robot_Arm.dir/C_/Program_Files/Raspberry_Pi/Pico_SDK_v1.5.1/pico-sdk/src/common/pico_time/time.c.obj
                0x100013a0                alarm_pool_get_default
 .text.alarm_pool_add_alarm_at
                0x100013cc      0x168 CMakeFiles/Robot_Arm.dir/C_/Program_Files/Raspberry_Pi/Pico_SDK_v1.5.1/pico-sdk/src/common/pico_time/time.c.obj
                0x100013cc                alarm_pool_add_alarm_at
 .text.alarm_pool_cancel_alarm
                0x10001534       0xf8 CMakeFiles/Robot_Arm.dir/C_/Program_Files/Raspberry_Pi/Pico_SDK_v1.5.1/pico-sdk/src/common/pico_time/time.c.obj
                0x10001534                alarm_pool_cancel_alarm
 .text.sleep_until
                0x1000162c       0xfc CMakeFiles/Robot_Arm.dir/C_/Program_Files/Raspberry_Pi/Pico_SDK_v1.5.1/pico-sdk/src/common/pico_time/time.c.obj
                0x1000162c                sleep_until
 .text.sleep_us
                0x10001728       0x58 CMakeFiles/Robot_Arm.dir/C_/Program_Files/Raspberry_Pi/Pico_SDK_v1.5.1/pico-sdk/src/common/pico_time/time.c.obj
                0x10001728                sleep_us
 .text.sleep_ms
                0x10001780       0x14 CMakeFiles/Robot_Arm.dir/C_/Program_Files/Raspberry_Pi/Pico_SDK_v1.5.1/pico-sdk/src/common/pico_time/time.c.obj
                0x10001780                sleep_ms
 .text.best_effort_wfe_or_timeout
                0x10001794       0xac CMakeFiles/Robot_Arm.dir/C_/Program_Files/Raspberry_Pi/Pico_SDK_v1.5.1/pico-sdk/src/common/pico_time/time.c.obj
                0x10001794                best_effort_wfe_or_timeout
 .text.hardware_alarm_irq_handler
                0x10001840       0x90 CMakeFiles/Robot_Arm.dir/ae783cfadb10a0055c655bcf0b179659/pico-sdk/src/rp2_common/hardware_timer/timer.c.obj
 .text.hardware_alarm_claim
                0x100018d0       0x18 CMakeFiles/Robot_Arm.dir/ae783cfadb10a0055c655bcf0b179659/pico-sdk/src/rp2_common/hardware_timer/timer.c.obj
                0x100018d0                hardware_alarm_claim
 .text.time_us_64
                0x100018e8       0x18 CMakeFiles/Robot_Arm.dir/ae783cfadb10a0055c655bcf0b179659/pico-sdk/src/rp2_common/hardware_timer/timer.c.obj
                0x100018e8                time_us_64
 .text.busy_wait_until
                0x10001900       0x28 CMakeFiles/Robot_Arm.dir/ae783cfadb10a0055c655bcf0b179659/pico-sdk/src/rp2_common/hardware_timer/timer.c.obj
                0x10001900                busy_wait_until
 .text.busy_wait_us
                0x10001928       0x48 CMakeFiles/Robot_Arm.dir/ae783cfadb10a0055c655bcf0b179659/pico-sdk/src/rp2_common/hardware_timer/timer.c.obj
                0x10001928                busy_wait_us
 .text.hardware_alarm_set_callback
                0x10001970       0x90 CMakeFiles/Robot_Arm.dir/ae783cfadb10a0055c655bcf0b179659/pico-sdk/src/rp2_common/hardware_timer/timer.c.obj
                0x10001970                hardware_alarm_set_callback
 .text.hardware_alarm_set_target
                0x10001a00       0xe8 CMakeFiles/Robot_Arm.dir/ae783cfadb10a0055c655bcf0b179659/pico-sdk/src/rp2_common/hardware_timer/timer.c.obj
                0x10001a00                hardware_alarm_set_target
 .text.hardware_alarm_cancel
                0x10001ae8       0x40 CMakeFiles/Robot_Arm.dir/ae783cfadb10a0055c655bcf0b179659/pico-sdk/src/rp2_common/hardware_timer/timer.c.obj
                0x10001ae8                hardware_alarm_cancel
 .text.ph_add_child_node
                0x10001b28       0xa4 CMakeFiles/Robot_Arm.dir/C_/Program_Files/Raspberry_Pi/Pico_SDK_v1.5.1/pico-sdk/src/common/pico_util/pheap.c.obj
 .text.ph_merge_nodes
                0x10001bcc       0x3e CMakeFiles/Robot_Arm.dir/C_/Program_Files/Raspberry_Pi/Pico_SDK_v1.5.1/pico-sdk/src/common/pico_util/pheap.c.obj
 *fill*         0x10001c0a        0x2 
 .text.ph_clear
                0x10001c0c       0x70 CMakeFiles/Robot_Arm.dir/C_/Program_Files/Raspberry_Pi/Pico_SDK_v1.5.1/pico-sdk/src/common/pico_util/pheap.c.obj
                0x10001c0c                ph_clear
 .text.ph_post_alloc_init
                0x10001c7c        0xe CMakeFiles/Robot_Arm.dir/C_/Program_Files/Raspberry_Pi/Pico_SDK_v1.5.1/pico-sdk/src/common/pico_util/pheap.c.obj
                0x10001c7c                ph_post_alloc_init
 *fill*         0x10001c8a        0x2 
 .text.ph_merge_two_pass
                0x10001c8c       0xa8 CMakeFiles/Robot_Arm.dir/C_/Program_Files/Raspberry_Pi/Pico_SDK_v1.5.1/pico-sdk/src/common/pico_util/pheap.c.obj
                0x10001c8c                ph_merge_two_pass
 .text.ph_remove_any_head
                0x10001d34      0x128 CMakeFiles/Robot_Arm.dir/C_/Program_Files/Raspberry_Pi/Pico_SDK_v1.5.1/pico-sdk/src/common/pico_util/pheap.c.obj
 .text.ph_remove_head
                0x10001e5c       0x14 CMakeFiles/Robot_Arm.dir/C_/Program_Files/Raspberry_Pi/Pico_SDK_v1.5.1/pico-sdk/src/common/pico_util/pheap.c.obj
                0x10001e5c                ph_remove_head
 .text.ph_remove_and_free_node
                0x10001e70       0xf8 CMakeFiles/Robot_Arm.dir/C_/Program_Files/Raspberry_Pi/Pico_SDK_v1.5.1/pico-sdk/src/common/pico_util/pheap.c.obj
                0x10001e70                ph_remove_and_free_node
 .text.uart_disable_before_lcr_write
                0x10001f68       0x48 CMakeFiles/Robot_Arm.dir/C_/Program_Files/Raspberry_Pi/Pico_SDK_v1.5.1/pico-sdk/src/rp2_common/hardware_uart/uart.c.obj
 .text.uart_write_lcr_bits_masked
                0x10001fb0       0x22 CMakeFiles/Robot_Arm.dir/C_/Program_Files/Raspberry_Pi/Pico_SDK_v1.5.1/pico-sdk/src/rp2_common/hardware_uart/uart.c.obj
 *fill*         0x10001fd2        0x2 
 .text.uart_set_baudrate
                0x10001fd4       0x5c CMakeFiles/Robot_Arm.dir/C_/Program_Files/Raspberry_Pi/Pico_SDK_v1.5.1/pico-sdk/src/rp2_common/hardware_uart/uart.c.obj
                0x10001fd4                uart_set_baudrate
 .text.uart_set_format
                0x10002030       0x2c CMakeFiles/Robot_Arm.dir/C_/Program_Files/Raspberry_Pi/Pico_SDK_v1.5.1/pico-sdk/src/rp2_common/hardware_uart/uart.c.obj
                0x10002030                uart_set_format
 .text.uart_set_translate_crlf
                0x1000205c       0x28 CMakeFiles/Robot_Arm.dir/C_/Program_Files/Raspberry_Pi/Pico_SDK_v1.5.1/pico-sdk/src/rp2_common/hardware_uart/uart.c.obj
                0x1000205c                uart_set_translate_crlf
 .text.uart_init
                0x10002084       0x80 CMakeFiles/Robot_Arm.dir/C_/Program_Files/Raspberry_Pi/Pico_SDK_v1.5.1/pico-sdk/src/rp2_common/hardware_uart/uart.c.obj
                0x10002084                uart_init
 .text.clock_configure
                0x10002104      0x108 CMakeFiles/Robot_Arm.dir/ae783cfadb10a0055c655bcf0b179659/pico-sdk/src/rp2_common/hardware_clocks/clocks.c.obj
                0x10002104                clock_configure
 .text.clocks_init
                0x1000220c      0x100 CMakeFiles/Robot_Arm.dir/ae783cfadb10a0055c655bcf0b179659/pico-sdk/src/rp2_common/hardware_clocks/clocks.c.obj
                0x1000220c                clocks_init
 .text.clock_get_hz
                0x1000230c        0xc CMakeFiles/Robot_Arm.dir/ae783cfadb10a0055c655bcf0b179659/pico-sdk/src/rp2_common/hardware_clocks/clocks.c.obj
                0x1000230c                clock_get_hz
 .text.pll_init
                0x10002318      0x120 CMakeFiles/Robot_Arm.dir/C_/Program_Files/Raspberry_Pi/Pico_SDK_v1.5.1/pico-sdk/src/rp2_common/hardware_pll/pll.c.obj
                0x10002318                pll_init
 .text.watchdog_start_tick
                0x10002438       0x10 CMakeFiles/Robot_Arm.dir/ae783cfadb10a0055c655bcf0b179659/pico-sdk/src/rp2_common/hardware_watchdog/watchdog.c.obj
                0x10002438                watchdog_start_tick
 .text.xosc_init
                0x10002448       0x2c CMakeFiles/Robot_Arm.dir/C_/Program_Files/Raspberry_Pi/Pico_SDK_v1.5.1/pico-sdk/src/rp2_common/hardware_xosc/xosc.c.obj
                0x10002448                xosc_init
 .text._exit    0x10002474        0x4 CMakeFiles/Robot_Arm.dir/ae783cfadb10a0055c655bcf0b179659/pico-sdk/src/rp2_common/pico_runtime/runtime.c.obj
                0x10002474                _exit
 .text.exit     0x10002478        0x6 CMakeFiles/Robot_Arm.dir/ae783cfadb10a0055c655bcf0b179659/pico-sdk/src/rp2_common/pico_runtime/runtime.c.obj
                0x10002478                exit
 *fill*         0x1000247e        0x2 
 .text.__assert_func
                0x10002480       0x3c CMakeFiles/Robot_Arm.dir/ae783cfadb10a0055c655bcf0b179659/pico-sdk/src/rp2_common/pico_runtime/runtime.c.obj
                0x10002480                __assert_func
 .text.runtime_init
                0x100024bc       0xf8 CMakeFiles/Robot_Arm.dir/ae783cfadb10a0055c655bcf0b179659/pico-sdk/src/rp2_common/pico_runtime/runtime.c.obj
                0x100024bc                runtime_init
 .text.panic    0x100025b4       0x30 CMakeFiles/Robot_Arm.dir/ae783cfadb10a0055c655bcf0b179659/pico-sdk/src/rp2_common/pico_runtime/runtime.c.obj
                0x100025b4                panic
 .text._out_null
                0x100025e4        0x2 CMakeFiles/Robot_Arm.dir/C_/Program_Files/Raspberry_Pi/Pico_SDK_v1.5.1/pico-sdk/src/rp2_common/pico_printf/printf.c.obj
 .text._out_fct
                0x100025e6        0xe CMakeFiles/Robot_Arm.dir/C_/Program_Files/Raspberry_Pi/Pico_SDK_v1.5.1/pico-sdk/src/rp2_common/pico_printf/printf.c.obj
 .text._atoi    0x100025f4       0x24 CMakeFiles/Robot_Arm.dir/C_/Program_Files/Raspberry_Pi/Pico_SDK_v1.5.1/pico-sdk/src/rp2_common/pico_printf/printf.c.obj
 .text._out_rev
                0x10002618       0xae CMakeFiles/Robot_Arm.dir/C_/Program_Files/Raspberry_Pi/Pico_SDK_v1.5.1/pico-sdk/src/rp2_common/pico_printf/printf.c.obj
 .text._ntoa_format
                0x100026c6      0x112 CMakeFiles/Robot_Arm.dir/C_/Program_Files/Raspberry_Pi/Pico_SDK_v1.5.1/pico-sdk/src/rp2_common/pico_printf/printf.c.obj
 .text._ntoa_long
                0x100027d8       0xbc CMakeFiles/Robot_Arm.dir/C_/Program_Files/Raspberry_Pi/Pico_SDK_v1.5.1/pico-sdk/src/rp2_common/pico_printf/printf.c.obj
 .text._ntoa_long_long
                0x10002894       0xe2 CMakeFiles/Robot_Arm.dir/C_/Program_Files/Raspberry_Pi/Pico_SDK_v1.5.1/pico-sdk/src/rp2_common/pico_printf/printf.c.obj
 *fill*         0x10002976        0x2 
 .text._etoa    0x10002978      0x414 CMakeFiles/Robot_Arm.dir/C_/Program_Files/Raspberry_Pi/Pico_SDK_v1.5.1/pico-sdk/src/rp2_common/pico_printf/printf.c.obj
 .text._ftoa    0x10002d8c      0x354 CMakeFiles/Robot_Arm.dir/C_/Program_Files/Raspberry_Pi/Pico_SDK_v1.5.1/pico-sdk/src/rp2_common/pico_printf/printf.c.obj
 .text._vsnprintf
                0x100030e0      0x624 CMakeFiles/Robot_Arm.dir/C_/Program_Files/Raspberry_Pi/Pico_SDK_v1.5.1/pico-sdk/src/rp2_common/pico_printf/printf.c.obj
 .text.vfctprintf
                0x10003704       0x20 CMakeFiles/Robot_Arm.dir/C_/Program_Files/Raspberry_Pi/Pico_SDK_v1.5.1/pico-sdk/src/rp2_common/pico_printf/printf.c.obj
                0x10003704                vfctprintf
 .text          0x10003724       0x10 CMakeFiles/Robot_Arm.dir/ae783cfadb10a0055c655bcf0b179659/pico-sdk/src/rp2_common/pico_bit_ops/bit_ops_aeabi.S.obj
 .text.rom_func_lookup
                0x10003734       0x10 CMakeFiles/Robot_Arm.dir/ae783cfadb10a0055c655bcf0b179659/pico-sdk/src/rp2_common/pico_bootrom/bootrom.c.obj
                0x10003734                rom_func_lookup
 .text.rom_data_lookup
                0x10003744       0x10 CMakeFiles/Robot_Arm.dir/ae783cfadb10a0055c655bcf0b179659/pico-sdk/src/rp2_common/pico_bootrom/bootrom.c.obj
                0x10003744                rom_data_lookup
 .text.rom_funcs_lookup
                0x10003754       0x36 CMakeFiles/Robot_Arm.dir/ae783cfadb10a0055c655bcf0b179659/pico-sdk/src/rp2_common/pico_bootrom/bootrom.c.obj
                0x10003754                rom_funcs_lookup
 *fill*         0x1000378a        0x2 
 .text.__wrap___aeabi_idiv
                0x1000378c       0x50 CMakeFiles/Robot_Arm.dir/ae783cfadb10a0055c655bcf0b179659/pico-sdk/src/rp2_common/pico_divider/divider.S.obj
                0x1000378c                __wrap___aeabi_idivmod
                0x1000378c                divmod_s32s32
                0x1000378c                div_s32s32
                0x1000378c                __wrap___aeabi_idiv
                0x10003794                divmod_s32s32_unsafe
                0x100037c0                divmod_s32s32_savestate
 .text.__wrap___aeabi_uidiv
                0x100037dc       0x4c CMakeFiles/Robot_Arm.dir/ae783cfadb10a0055c655bcf0b179659/pico-sdk/src/rp2_common/pico_divider/divider.S.obj
                0x100037dc                __wrap___aeabi_uidiv
                0x100037dc                __wrap___aeabi_uidivmod
                0x100037dc                div_u32u32
                0x100037dc                divmod_u32u32
                0x100037e4                divmod_u32u32_unsafe
                0x1000380c                divmod_u32u32_savestate
 .text.__wrap___aeabi_ldiv
                0x10003828      0x424 CMakeFiles/Robot_Arm.dir/ae783cfadb10a0055c655bcf0b179659/pico-sdk/src/rp2_common/pico_divider/divider.S.obj
                0x10003828                div_s64s64
                0x10003828                divmod_s64s64
                0x10003828                __wrap___aeabi_ldivmod
                0x10003858                divmod_u64u64
                0x10003858                div_u64u64
                0x10003858                __wrap___aeabi_uldivmod
                0x10003868                divmod_u64u64_savestate
                0x10003888                divmod_s64s64_unsafe
                0x10003910                divmod_u64u64_unsafe
 .text.__wrap___aeabi_darithmetic
                0x10003c4c       0x80 CMakeFiles/Robot_Arm.dir/ae783cfadb10a0055c655bcf0b179659/pico-sdk/src/rp2_common/pico_double/double_aeabi.S.obj
                0x10003c4c                __wrap___aeabi_drsub
                0x10003c52                __wrap___aeabi_dsub
                0x10003c64                __wrap___aeabi_dadd
                0x10003c76                __wrap___aeabi_ddiv
                0x10003cb2                __wrap___aeabi_dmul
 .text.__wrap___aeabi_cdcmple
                0x10003ccc       0x6c CMakeFiles/Robot_Arm.dir/ae783cfadb10a0055c655bcf0b179659/pico-sdk/src/rp2_common/pico_double/double_aeabi.S.obj
                0x10003ccc                __wrap___aeabi_cdrcmple
                0x10003cdc                __wrap___aeabi_cdcmpeq
                0x10003cdc                __wrap___aeabi_cdcmple
 .text.__wrap___aeabi_dcmplt
                0x10003d38        0xc CMakeFiles/Robot_Arm.dir/ae783cfadb10a0055c655bcf0b179659/pico-sdk/src/rp2_common/pico_double/double_aeabi.S.obj
                0x10003d38                __wrap___aeabi_dcmplt
 .text.__wrap___aeabi_dcmple
                0x10003d44       0x10 CMakeFiles/Robot_Arm.dir/ae783cfadb10a0055c655bcf0b179659/pico-sdk/src/rp2_common/pico_double/double_aeabi.S.obj
                0x10003d44                __wrap___aeabi_dcmple
 .text.__wrap___aeabi_dcmpge
                0x10003d54       0x10 CMakeFiles/Robot_Arm.dir/ae783cfadb10a0055c655bcf0b179659/pico-sdk/src/rp2_common/pico_double/double_aeabi.S.obj
                0x10003d54                __wrap___aeabi_dcmpge
 .text.__wrap___aeabi_dcmpgt
                0x10003d64        0xa CMakeFiles/Robot_Arm.dir/ae783cfadb10a0055c655bcf0b179659/pico-sdk/src/rp2_common/pico_double/double_aeabi.S.obj
                0x10003d64                __wrap___aeabi_dcmpgt
 .text.__wrap___aeabi_dcmpun
                0x10003d6e       0x1c CMakeFiles/Robot_Arm.dir/ae783cfadb10a0055c655bcf0b179659/pico-sdk/src/rp2_common/pico_double/double_aeabi.S.obj
                0x10003d6e                __wrap___aeabi_dcmpun
 *fill*         0x10003d8a        0x2 
 .text.__wrap___aeabi_i2d
                0x10003d8c       0x38 CMakeFiles/Robot_Arm.dir/ae783cfadb10a0055c655bcf0b179659/pico-sdk/src/rp2_common/pico_double/double_aeabi.S.obj
                0x10003d8c                __wrap___aeabi_ui2d
                0x10003d94                __wrap___aeabi_i2d
 .text.__wrap___aeabi_d2iz
                0x10003dc4       0x48 CMakeFiles/Robot_Arm.dir/ae783cfadb10a0055c655bcf0b179659/pico-sdk/src/rp2_common/pico_double/double_aeabi.S.obj
                0x10003dc4                double2int_z
                0x10003dc4                __wrap___aeabi_d2iz
 .text.__wrap___aeabi_d2uiz
                0x10003e0c       0x18 CMakeFiles/Robot_Arm.dir/ae783cfadb10a0055c655bcf0b179659/pico-sdk/src/rp2_common/pico_double/double_aeabi.S.obj
                0x10003e0c                __wrap___aeabi_d2uiz
                0x10003e0c                double2uint
 .text.__aeabi_double_init
                0x10003e24       0xc8 CMakeFiles/Robot_Arm.dir/ae783cfadb10a0055c655bcf0b179659/pico-sdk/src/rp2_common/pico_double/double_init_rom.c.obj
                0x10003e24                __aeabi_double_init
 .text.double_table_shim_on_use_helper
                0x10003eec       0x34 CMakeFiles/Robot_Arm.dir/ae783cfadb10a0055c655bcf0b179659/pico-sdk/src/rp2_common/pico_double/double_v1_rom_shim.S.obj
                0x10003eec                double_table_shim_on_use_helper
 .text.__wrap___aeabi_dsub
                0x10003f20       0x10 CMakeFiles/Robot_Arm.dir/ae783cfadb10a0055c655bcf0b179659/pico-sdk/src/rp2_common/pico_double/double_v1_rom_shim.S.obj
                0x10003f20                drsub_shim
                0x10003f26                dsub_shim
 .text.dadd_shim
                0x10003f30      0x15c CMakeFiles/Robot_Arm.dir/ae783cfadb10a0055c655bcf0b179659/pico-sdk/src/rp2_common/pico_double/double_v1_rom_shim.S.obj
                0x10003f30                dadd_shim
 .text.dmul_shim
                0x1000408c      0x15c CMakeFiles/Robot_Arm.dir/ae783cfadb10a0055c655bcf0b179659/pico-sdk/src/rp2_common/pico_double/double_v1_rom_shim.S.obj
                0x1000408c                dmul_shim
 .text.ddiv_shim
                0x100041e8      0x1b0 CMakeFiles/Robot_Arm.dir/ae783cfadb10a0055c655bcf0b179659/pico-sdk/src/rp2_common/pico_double/double_v1_rom_shim.S.obj
                0x100041e8                ddiv_shim
 .text.double2uint_shim
                0x10004398        0xe CMakeFiles/Robot_Arm.dir/ae783cfadb10a0055c655bcf0b179659/pico-sdk/src/rp2_common/pico_double/double_v1_rom_shim.S.obj
                0x10004398                double2uint_shim
                0x1000439a                double2ufix_shim
 *fill*         0x100043a6        0x2 
 .text.double2uint64_shim
                0x100043a8       0x70 CMakeFiles/Robot_Arm.dir/ae783cfadb10a0055c655bcf0b179659/pico-sdk/src/rp2_common/pico_double/double_v1_rom_shim.S.obj
                0x100043a8                double2uint64_shim
                0x100043aa                double2ufix64_shim
                0x100043ca                d2fix_a
 .text.dunpacks
                0x10004418       0x3c CMakeFiles/Robot_Arm.dir/ae783cfadb10a0055c655bcf0b179659/pico-sdk/src/rp2_common/pico_double/double_v1_rom_shim.S.obj
                0x10004418                dunpacks
 .text.__aeabi_lmul
                0x10004454       0x32 CMakeFiles/Robot_Arm.dir/734ab788d52071b7ec936fd1cf9a593e/src/rp2_common/pico_int64_ops/pico_int64_ops_aeabi.S.obj
                0x10004454                __wrap___aeabi_lmul
 *fill*         0x10004486        0x2 
 .text.__wrap___aeabi_farithmetic
                0x10004488       0x58 CMakeFiles/Robot_Arm.dir/ae783cfadb10a0055c655bcf0b179659/pico-sdk/src/rp2_common/pico_float/float_aeabi.S.obj
                0x10004488                __wrap___aeabi_frsub
                0x1000448e                __wrap___aeabi_fsub
                0x10004498                __wrap___aeabi_fadd
                0x100044a2                __wrap___aeabi_fdiv
                0x100044ce                __wrap___aeabi_fmul
 .text.__wrap___aeabi_i2f
                0x100044e0       0x44 CMakeFiles/Robot_Arm.dir/ae783cfadb10a0055c655bcf0b179659/pico-sdk/src/rp2_common/pico_float/float_aeabi.S.obj
                0x100044e0                __wrap___aeabi_i2f
 .text.__wrap___aeabi_f2d
                0x10004524       0x14 CMakeFiles/Robot_Arm.dir/ae783cfadb10a0055c655bcf0b179659/pico-sdk/src/rp2_common/pico_float/float_aeabi.S.obj
                0x10004524                __wrap___aeabi_f2d
 .text.__aeabi_float_init
                0x10004538       0xfc CMakeFiles/Robot_Arm.dir/ae783cfadb10a0055c655bcf0b179659/pico-sdk/src/rp2_common/pico_float/float_init_rom.c.obj
                0x10004538                __aeabi_float_init
 .text.float_table_shim_on_use_helper
                0x10004634       0x34 CMakeFiles/Robot_Arm.dir/ae783cfadb10a0055c655bcf0b179659/pico-sdk/src/rp2_common/pico_float/float_v1_rom_shim.S.obj
                0x10004634                float_table_shim_on_use_helper
 .text.float2double_shim
                0x10004668       0x30 CMakeFiles/Robot_Arm.dir/ae783cfadb10a0055c655bcf0b179659/pico-sdk/src/rp2_common/pico_float/float_v1_rom_shim.S.obj
                0x10004668                float2double_shim
 .text          0x10004698       0x10 CMakeFiles/Robot_Arm.dir/ae783cfadb10a0055c655bcf0b179659/pico-sdk/src/rp2_common/pico_mem_ops/mem_ops_aeabi.S.obj
                0x10004698                __aeabi_mem_init
 .text.memcpy   0x100046a8        0xc CMakeFiles/Robot_Arm.dir/ae783cfadb10a0055c655bcf0b179659/pico-sdk/src/rp2_common/pico_mem_ops/mem_ops_aeabi.S.obj
                0x100046a8                __wrap_memcpy
                0x100046a8                __wrap___aeabi_memcpy
 .text.stdio_out_chars_no_crlf
                0x100046b4        0xe CMakeFiles/Robot_Arm.dir/C_/Program_Files/Raspberry_Pi/Pico_SDK_v1.5.1/pico-sdk/src/rp2_common/pico_stdio/stdio.c.obj
 *fill*         0x100046c2        0x2 
 .text.stdio_out_chars_crlf
                0x100046c4       0x80 CMakeFiles/Robot_Arm.dir/C_/Program_Files/Raspberry_Pi/Pico_SDK_v1.5.1/pico-sdk/src/rp2_common/pico_stdio/stdio.c.obj
 .text.stdio_stack_buffer_flush
                0x10004744       0x44 CMakeFiles/Robot_Arm.dir/C_/Program_Files/Raspberry_Pi/Pico_SDK_v1.5.1/pico-sdk/src/rp2_common/pico_stdio/stdio.c.obj
 .text.stdio_buffered_printer
                0x10004788       0x20 CMakeFiles/Robot_Arm.dir/C_/Program_Files/Raspberry_Pi/Pico_SDK_v1.5.1/pico-sdk/src/rp2_common/pico_stdio/stdio.c.obj
 .text.stdout_serialize_begin
                0x100047a8       0x5c CMakeFiles/Robot_Arm.dir/C_/Program_Files/Raspberry_Pi/Pico_SDK_v1.5.1/pico-sdk/src/rp2_common/pico_stdio/stdio.c.obj
                0x100047a8                stdout_serialize_begin
 .text.stdout_serialize_end
                0x10004804       0x10 CMakeFiles/Robot_Arm.dir/C_/Program_Files/Raspberry_Pi/Pico_SDK_v1.5.1/pico-sdk/src/rp2_common/pico_stdio/stdio.c.obj
                0x10004804                stdout_serialize_end
 .text.stdio_put_string
                0x10004814       0x98 CMakeFiles/Robot_Arm.dir/C_/Program_Files/Raspberry_Pi/Pico_SDK_v1.5.1/pico-sdk/src/rp2_common/pico_stdio/stdio.c.obj
 .text.stdio_set_driver_enabled
                0x100048ac       0x2c CMakeFiles/Robot_Arm.dir/C_/Program_Files/Raspberry_Pi/Pico_SDK_v1.5.1/pico-sdk/src/rp2_common/pico_stdio/stdio.c.obj
                0x100048ac                stdio_set_driver_enabled
 .text.stdio_flush
                0x100048d8       0x20 CMakeFiles/Robot_Arm.dir/C_/Program_Files/Raspberry_Pi/Pico_SDK_v1.5.1/pico-sdk/src/rp2_common/pico_stdio/stdio.c.obj
                0x100048d8                stdio_flush
 .text.__wrap_puts
                0x100048f8       0x1e CMakeFiles/Robot_Arm.dir/C_/Program_Files/Raspberry_Pi/Pico_SDK_v1.5.1/pico-sdk/src/rp2_common/pico_stdio/stdio.c.obj
                0x100048f8                __wrap_puts
 *fill*         0x10004916        0x2 
 .text.__wrap_vprintf
                0x10004918       0x40 CMakeFiles/Robot_Arm.dir/C_/Program_Files/Raspberry_Pi/Pico_SDK_v1.5.1/pico-sdk/src/rp2_common/pico_stdio/stdio.c.obj
                0x10004918                __wrap_vprintf
 .text.__wrap_printf
                0x10004958       0x18 CMakeFiles/Robot_Arm.dir/C_/Program_Files/Raspberry_Pi/Pico_SDK_v1.5.1/pico-sdk/src/rp2_common/pico_stdio/stdio.c.obj
                0x10004958                __wrap_printf
 .text.stdio_init_all
                0x10004970        0xa CMakeFiles/Robot_Arm.dir/C_/Program_Files/Raspberry_Pi/Pico_SDK_v1.5.1/pico-sdk/src/rp2_common/pico_stdio/stdio.c.obj
                0x10004970                stdio_init_all
 *fill*         0x1000497a        0x2 
 .text.stdio_uart_out_chars
                0x1000497c       0x74 CMakeFiles/Robot_Arm.dir/ae783cfadb10a0055c655bcf0b179659/pico-sdk/src/rp2_common/pico_stdio_uart/stdio_uart.c.obj
 .text.stdio_uart_in_chars
                0x100049f0       0x80 CMakeFiles/Robot_Arm.dir/ae783cfadb10a0055c655bcf0b179659/pico-sdk/src/rp2_common/pico_stdio_uart/stdio_uart.c.obj
                0x100049f0                stdio_uart_in_chars
 .text.on_uart_rx
                0x10004a70       0x28 CMakeFiles/Robot_Arm.dir/ae783cfadb10a0055c655bcf0b179659/pico-sdk/src/rp2_common/pico_stdio_uart/stdio_uart.c.obj
 .text.stdio_uart_set_chars_available_callback
                0x10004a98       0x8c CMakeFiles/Robot_Arm.dir/ae783cfadb10a0055c655bcf0b179659/pico-sdk/src/rp2_common/pico_stdio_uart/stdio_uart.c.obj
 .text.stdio_uart_init_full
                0x10004b24       0x44 CMakeFiles/Robot_Arm.dir/ae783cfadb10a0055c655bcf0b179659/pico-sdk/src/rp2_common/pico_stdio_uart/stdio_uart.c.obj
                0x10004b24                stdio_uart_init_full
 .text.stdio_uart_init
                0x10004b68       0x28 CMakeFiles/Robot_Arm.dir/ae783cfadb10a0055c655bcf0b179659/pico-sdk/src/rp2_common/pico_stdio_uart/stdio_uart.c.obj
                0x10004b68                stdio_uart_init
 .text.spi_set_baudrate
                0x10004b90       0xcc CMakeFiles/Robot_Arm.dir/C_/Program_Files/Raspberry_Pi/Pico_SDK_v1.5.1/pico-sdk/src/rp2_common/hardware_spi/spi.c.obj
                0x10004b90                spi_set_baudrate
 .text.spi_init
                0x10004c5c       0x74 CMakeFiles/Robot_Arm.dir/C_/Program_Files/Raspberry_Pi/Pico_SDK_v1.5.1/pico-sdk/src/rp2_common/hardware_spi/spi.c.obj
                0x10004c5c                spi_init
 .text.strlen   0x10004cd0       0x5c c:/progra~1/raspbe~1/picosd~1.1/gcc-ar~1/bin/../lib/gcc/arm-none-eabi/10.3.1/../../../../arm-none-eabi/lib/thumb/v6-m/nofp\libg.a(lib_a-strlen-stub.o)
                0x10004cd0                strlen
 *(.fini)
 .fini          0x10004d2c        0x4 c:/progra~1/raspbe~1/picosd~1.1/gcc-ar~1/bin/../lib/gcc/arm-none-eabi/10.3.1/thumb/v6-m/nofp/crti.o
                0x10004d2c                _fini
 .fini.__stub   0x10004d30       0x60 linker stubs
 *crtbegin.o(.ctors)
 *crtbegin?.o(.ctors)
 *(EXCLUDE_FILE(*crtend.o *crtend?.o) .ctors)
 *(SORT_BY_NAME(.ctors.*))
 *(.ctors)
 *crtbegin.o(.dtors)
 *crtbegin?.o(.dtors)
 *(EXCLUDE_FILE(*crtend.o *crtend?.o) .dtors)
 *(SORT_BY_NAME(.dtors.*))
 *(.dtors)
 *(.eh_frame*)
 .eh_frame      0x10004d90        0x0 c:/progra~1/raspbe~1/picosd~1.1/gcc-ar~1/bin/../lib/gcc/arm-none-eabi/10.3.1/thumb/v6-m/nofp/crtbegin.o
                0x10004d90                . = ALIGN (0x4)

.glue_7         0x10004d90        0x0
 .glue_7        0x10004d90        0x0 linker stubs

.glue_7t        0x10004d90        0x0
 .glue_7t       0x10004d90        0x0 linker stubs

.vfp11_veneer   0x10004d90        0x0
 .vfp11_veneer  0x10004d90        0x0 linker stubs

.v4_bx          0x10004d90        0x0
 .v4_bx         0x10004d90        0x0 linker stubs

.iplt           0x10004d90        0x0
 .iplt          0x10004d90        0x0 c:/progra~1/raspbe~1/picosd~1.1/gcc-ar~1/bin/../lib/gcc/arm-none-eabi/10.3.1/thumb/v6-m/nofp/crtbegin.o

.rodata         0x10004d90     0x1128
 *(EXCLUDE_FILE(*libm.a: *libc.a:*lib_a-mem*.o *libgcc.a:) .rodata*)
 .rodata.main.str1.4
                0x10004d90       0x6e CMakeFiles/Robot_Arm.dir/src/main.cpp.obj
 *fill*         0x10004dfe        0x2 
 .rodata._ZN13LSM9DS1Driver14WHO_AM_I_CHECKEv.str1.4
                0x10004e00       0x12 CMakeFiles/Robot_Arm.dir/src/SensorFusion/LSM9DS1_driver.cpp.obj
 *fill*         0x10004e12        0x2 
 .rodata.make_branch.str1.4
                0x10004e14       0x89 CMakeFiles/Robot_Arm.dir/C_/Program_Files/Raspberry_Pi/Pico_SDK_v1.5.1/pico-sdk/src/rp2_common/hardware_irq/irq.c.obj
 *fill*         0x10004e9d        0x3 
 .rodata.insert_branch_and_link.str1.4
                0x10004ea0       0x10 CMakeFiles/Robot_Arm.dir/C_/Program_Files/Raspberry_Pi/Pico_SDK_v1.5.1/pico-sdk/src/rp2_common/hardware_irq/irq.c.obj
 .rodata.irq_set_exclusive_handler.str1.4
                0x10004eb0       0x36 CMakeFiles/Robot_Arm.dir/C_/Program_Files/Raspberry_Pi/Pico_SDK_v1.5.1/pico-sdk/src/rp2_common/hardware_irq/irq.c.obj
 *fill*         0x10004ee6        0x2 
 .rodata.irq_add_shared_handler.str1.4
                0x10004ee8       0xd9 CMakeFiles/Robot_Arm.dir/C_/Program_Files/Raspberry_Pi/Pico_SDK_v1.5.1/pico-sdk/src/rp2_common/hardware_irq/irq.c.obj
 *fill*         0x10004fc1        0x3 
 .rodata.irq_remove_handler.str1.4
                0x10004fc4       0x3a CMakeFiles/Robot_Arm.dir/C_/Program_Files/Raspberry_Pi/Pico_SDK_v1.5.1/pico-sdk/src/rp2_common/hardware_irq/irq.c.obj
 *fill*         0x10004ffe        0x2 
 .rodata.irq_add_tail_to_free_list.str1.4
                0x10005000       0x3a CMakeFiles/Robot_Arm.dir/C_/Program_Files/Raspberry_Pi/Pico_SDK_v1.5.1/pico-sdk/src/rp2_common/hardware_irq/irq.c.obj
 *fill*         0x1000503a        0x2 
 .rodata.__func__.0
                0x1000503c       0x1a CMakeFiles/Robot_Arm.dir/C_/Program_Files/Raspberry_Pi/Pico_SDK_v1.5.1/pico-sdk/src/rp2_common/hardware_irq/irq.c.obj
 *fill*         0x10005056        0x2 
 .rodata.__func__.1
                0x10005058       0x17 CMakeFiles/Robot_Arm.dir/C_/Program_Files/Raspberry_Pi/Pico_SDK_v1.5.1/pico-sdk/src/rp2_common/hardware_irq/irq.c.obj
 *fill*         0x1000506f        0x1 
 .rodata.__func__.2
                0x10005070       0x13 CMakeFiles/Robot_Arm.dir/C_/Program_Files/Raspberry_Pi/Pico_SDK_v1.5.1/pico-sdk/src/rp2_common/hardware_irq/irq.c.obj
 *fill*         0x10005083        0x1 
 .rodata.__func__.3
                0x10005084        0xc CMakeFiles/Robot_Arm.dir/C_/Program_Files/Raspberry_Pi/Pico_SDK_v1.5.1/pico-sdk/src/rp2_common/hardware_irq/irq.c.obj
 .rodata.__func__.4
                0x10005090        0xf CMakeFiles/Robot_Arm.dir/C_/Program_Files/Raspberry_Pi/Pico_SDK_v1.5.1/pico-sdk/src/rp2_common/hardware_irq/irq.c.obj
 *fill*         0x1000509f        0x1 
 .rodata.__func__.6
                0x100050a0       0x1a CMakeFiles/Robot_Arm.dir/C_/Program_Files/Raspberry_Pi/Pico_SDK_v1.5.1/pico-sdk/src/rp2_common/hardware_irq/irq.c.obj
 *fill*         0x100050ba        0x2 
 .rodata.str1.4
                0x100050bc      0x125 CMakeFiles/Robot_Arm.dir/C_/Program_Files/Raspberry_Pi/Pico_SDK_v1.5.1/pico-sdk/src/common/pico_sync/mutex.c.obj
 *fill*         0x100051e1        0x3 
 .rodata.__func__.1
                0x100051e4        0xb CMakeFiles/Robot_Arm.dir/C_/Program_Files/Raspberry_Pi/Pico_SDK_v1.5.1/pico-sdk/src/common/pico_sync/mutex.c.obj
 *fill*         0x100051ef        0x1 
 .rodata.__func__.3
                0x100051f0       0x18 CMakeFiles/Robot_Arm.dir/C_/Program_Files/Raspberry_Pi/Pico_SDK_v1.5.1/pico-sdk/src/common/pico_sync/mutex.c.obj
 .rodata.repeating_timer_callback.str1.4
                0x10005208       0x67 CMakeFiles/Robot_Arm.dir/C_/Program_Files/Raspberry_Pi/Pico_SDK_v1.5.1/pico-sdk/src/common/pico_time/time.c.obj
 *fill*         0x1000526f        0x1 
 .rodata.timer_pool_entry_comparator.str1.4
                0x10005270       0x22 CMakeFiles/Robot_Arm.dir/C_/Program_Files/Raspberry_Pi/Pico_SDK_v1.5.1/pico-sdk/src/common/pico_time/time.c.obj
 *fill*         0x10005292        0x2 
 .rodata.ph_add_child_node.str1.4
                0x10005294       0xb2 CMakeFiles/Robot_Arm.dir/C_/Program_Files/Raspberry_Pi/Pico_SDK_v1.5.1/pico-sdk/src/common/pico_time/time.c.obj
 *fill*         0x10005346        0x2 
 .rodata.add_alarm_under_lock.str1.4
                0x10005348       0x28 CMakeFiles/Robot_Arm.dir/C_/Program_Files/Raspberry_Pi/Pico_SDK_v1.5.1/pico-sdk/src/common/pico_time/time.c.obj
                                 0x2b (size before relaxing)
 .rodata.alarm_pool_alarm_callback.str1.4
                0x10005370       0x98 CMakeFiles/Robot_Arm.dir/C_/Program_Files/Raspberry_Pi/Pico_SDK_v1.5.1/pico-sdk/src/common/pico_time/time.c.obj
                                0x118 (size before relaxing)
 .rodata.alarm_pool_get_default.str1.4
                0x10005408       0x21 CMakeFiles/Robot_Arm.dir/C_/Program_Files/Raspberry_Pi/Pico_SDK_v1.5.1/pico-sdk/src/common/pico_time/time.c.obj
 *fill*         0x10005429        0x3 
 .rodata.alarm_pool_cancel_alarm.str1.4
                0x1000542c       0x27 CMakeFiles/Robot_Arm.dir/C_/Program_Files/Raspberry_Pi/Pico_SDK_v1.5.1/pico-sdk/src/common/pico_time/time.c.obj
 *fill*         0x10005453        0x1 
 .rodata.sleep_until.str1.4
                0x10005454       0x4d CMakeFiles/Robot_Arm.dir/C_/Program_Files/Raspberry_Pi/Pico_SDK_v1.5.1/pico-sdk/src/common/pico_time/time.c.obj
 *fill*         0x100054a1        0x3 
 .rodata.__func__.1
                0x100054a4       0x18 CMakeFiles/Robot_Arm.dir/C_/Program_Files/Raspberry_Pi/Pico_SDK_v1.5.1/pico-sdk/src/common/pico_time/time.c.obj
 .rodata.__func__.10
                0x100054bc       0x15 CMakeFiles/Robot_Arm.dir/C_/Program_Files/Raspberry_Pi/Pico_SDK_v1.5.1/pico-sdk/src/common/pico_time/time.c.obj
 *fill*         0x100054d1        0x3 
 .rodata.__func__.11
                0x100054d4       0x1a CMakeFiles/Robot_Arm.dir/C_/Program_Files/Raspberry_Pi/Pico_SDK_v1.5.1/pico-sdk/src/common/pico_time/time.c.obj
 *fill*         0x100054ee        0x2 
 .rodata.__func__.12
                0x100054f0        0xa CMakeFiles/Robot_Arm.dir/C_/Program_Files/Raspberry_Pi/Pico_SDK_v1.5.1/pico-sdk/src/common/pico_time/time.c.obj
 *fill*         0x100054fa        0x2 
 .rodata.__func__.3
                0x100054fc       0x17 CMakeFiles/Robot_Arm.dir/C_/Program_Files/Raspberry_Pi/Pico_SDK_v1.5.1/pico-sdk/src/common/pico_time/time.c.obj
 *fill*         0x10005513        0x1 
 .rodata.__func__.4
                0x10005514       0x12 CMakeFiles/Robot_Arm.dir/C_/Program_Files/Raspberry_Pi/Pico_SDK_v1.5.1/pico-sdk/src/common/pico_time/time.c.obj
 *fill*         0x10005526        0x2 
 .rodata.__func__.5
                0x10005528        0xd CMakeFiles/Robot_Arm.dir/C_/Program_Files/Raspberry_Pi/Pico_SDK_v1.5.1/pico-sdk/src/common/pico_time/time.c.obj
 *fill*         0x10005535        0x3 
 .rodata.__func__.6
                0x10005538       0x12 CMakeFiles/Robot_Arm.dir/C_/Program_Files/Raspberry_Pi/Pico_SDK_v1.5.1/pico-sdk/src/common/pico_time/time.c.obj
 *fill*         0x1000554a        0x2 
 .rodata.__func__.7
                0x1000554c        0xf CMakeFiles/Robot_Arm.dir/C_/Program_Files/Raspberry_Pi/Pico_SDK_v1.5.1/pico-sdk/src/common/pico_time/time.c.obj
 *fill*         0x1000555b        0x1 
 .rodata.__func__.8
                0x1000555c        0xc CMakeFiles/Robot_Arm.dir/C_/Program_Files/Raspberry_Pi/Pico_SDK_v1.5.1/pico-sdk/src/common/pico_time/time.c.obj
 .rodata.__func__.9
                0x10005568       0x15 CMakeFiles/Robot_Arm.dir/C_/Program_Files/Raspberry_Pi/Pico_SDK_v1.5.1/pico-sdk/src/common/pico_time/time.c.obj
 *fill*         0x1000557d        0x3 
 .rodata.hardware_alarm_claim.str1.4
                0x10005580       0x22 CMakeFiles/Robot_Arm.dir/ae783cfadb10a0055c655bcf0b179659/pico-sdk/src/rp2_common/hardware_timer/timer.c.obj
 .rodata.busy_wait_us.str1.4
                0x100055a2       0x7d CMakeFiles/Robot_Arm.dir/ae783cfadb10a0055c655bcf0b179659/pico-sdk/src/rp2_common/hardware_timer/timer.c.obj
 *fill*         0x100055a2        0x2 
 .rodata.hardware_alarm_set_target.str1.4
                0x100055a4       0x81 CMakeFiles/Robot_Arm.dir/ae783cfadb10a0055c655bcf0b179659/pico-sdk/src/rp2_common/hardware_timer/timer.c.obj
 *fill*         0x10005625        0x3 
 .rodata.__func__.0
                0x10005628       0x1a CMakeFiles/Robot_Arm.dir/ae783cfadb10a0055c655bcf0b179659/pico-sdk/src/rp2_common/hardware_timer/timer.c.obj
 *fill*         0x10005642        0x2 
 .rodata.__func__.1
                0x10005644       0x15 CMakeFiles/Robot_Arm.dir/ae783cfadb10a0055c655bcf0b179659/pico-sdk/src/rp2_common/hardware_timer/timer.c.obj
 .rodata.ph_add_child_node.str1.4
                0x10005659       0xb2 CMakeFiles/Robot_Arm.dir/C_/Program_Files/Raspberry_Pi/Pico_SDK_v1.5.1/pico-sdk/src/common/pico_util/pheap.c.obj
 *fill*         0x10005659        0x3 
 .rodata.ph_remove_any_head.str1.4
                0x1000565c       0xa8 CMakeFiles/Robot_Arm.dir/C_/Program_Files/Raspberry_Pi/Pico_SDK_v1.5.1/pico-sdk/src/common/pico_util/pheap.c.obj
                                 0xbc (size before relaxing)
 .rodata.ph_remove_and_free_node.str1.4
                0x10005704       0x1e CMakeFiles/Robot_Arm.dir/C_/Program_Files/Raspberry_Pi/Pico_SDK_v1.5.1/pico-sdk/src/common/pico_util/pheap.c.obj
                                 0x26 (size before relaxing)
 *fill*         0x10005722        0x2 
 .rodata.__func__.0
                0x10005724       0x18 CMakeFiles/Robot_Arm.dir/C_/Program_Files/Raspberry_Pi/Pico_SDK_v1.5.1/pico-sdk/src/common/pico_util/pheap.c.obj
 .rodata.__func__.1
                0x1000573c       0x13 CMakeFiles/Robot_Arm.dir/C_/Program_Files/Raspberry_Pi/Pico_SDK_v1.5.1/pico-sdk/src/common/pico_util/pheap.c.obj
 *fill*         0x1000574f        0x1 
 .rodata.__func__.2
                0x10005750       0x12 CMakeFiles/Robot_Arm.dir/C_/Program_Files/Raspberry_Pi/Pico_SDK_v1.5.1/pico-sdk/src/common/pico_util/pheap.c.obj
 *fill*         0x10005762        0x2 
 .rodata.__func__.3
                0x10005764        0xc CMakeFiles/Robot_Arm.dir/C_/Program_Files/Raspberry_Pi/Pico_SDK_v1.5.1/pico-sdk/src/common/pico_util/pheap.c.obj
 .rodata.clock_configure.str1.4
                0x10005770       0x73 CMakeFiles/Robot_Arm.dir/ae783cfadb10a0055c655bcf0b179659/pico-sdk/src/rp2_common/hardware_clocks/clocks.c.obj
 *fill*         0x100057e3        0x1 
 .rodata.__func__.1
                0x100057e4       0x10 CMakeFiles/Robot_Arm.dir/ae783cfadb10a0055c655bcf0b179659/pico-sdk/src/rp2_common/hardware_clocks/clocks.c.obj
 .rodata.pll_init.str1.4
                0x100057f4      0x140 CMakeFiles/Robot_Arm.dir/C_/Program_Files/Raspberry_Pi/Pico_SDK_v1.5.1/pico-sdk/src/rp2_common/hardware_pll/pll.c.obj
 .rodata.__func__.0
                0x10005934        0x9 CMakeFiles/Robot_Arm.dir/C_/Program_Files/Raspberry_Pi/Pico_SDK_v1.5.1/pico-sdk/src/rp2_common/hardware_pll/pll.c.obj
 *fill*         0x1000593d        0x3 
 .rodata.__assert_func.str1.4
                0x10005940       0x3f CMakeFiles/Robot_Arm.dir/ae783cfadb10a0055c655bcf0b179659/pico-sdk/src/rp2_common/pico_runtime/runtime.c.obj
                                 0x43 (size before relaxing)
 *fill*         0x1000597f        0x1 
 .rodata.runtime_init.str1.4
                0x10005980       0x7d CMakeFiles/Robot_Arm.dir/ae783cfadb10a0055c655bcf0b179659/pico-sdk/src/rp2_common/pico_runtime/runtime.c.obj
 *fill*         0x100059fd        0x3 
 .rodata.panic.str1.4
                0x10005a00       0x10 CMakeFiles/Robot_Arm.dir/ae783cfadb10a0055c655bcf0b179659/pico-sdk/src/rp2_common/pico_runtime/runtime.c.obj
                                 0x12 (size before relaxing)
 .rodata.__func__.2
                0x10005a10        0xd CMakeFiles/Robot_Arm.dir/ae783cfadb10a0055c655bcf0b179659/pico-sdk/src/rp2_common/pico_runtime/runtime.c.obj
 *fill*         0x10005a1d        0x3 
 .rodata._ftoa.str1.4
                0x10005a20       0x15 CMakeFiles/Robot_Arm.dir/C_/Program_Files/Raspberry_Pi/Pico_SDK_v1.5.1/pico-sdk/src/rp2_common/pico_printf/printf.c.obj
 *fill*         0x10005a35        0x3 
 .rodata._vsnprintf
                0x10005a38      0x1e0 CMakeFiles/Robot_Arm.dir/C_/Program_Files/Raspberry_Pi/Pico_SDK_v1.5.1/pico-sdk/src/rp2_common/pico_printf/printf.c.obj
 .rodata.pow10.0
                0x10005c18       0x50 CMakeFiles/Robot_Arm.dir/C_/Program_Files/Raspberry_Pi/Pico_SDK_v1.5.1/pico-sdk/src/rp2_common/pico_printf/printf.c.obj
 .rodata.__aeabi_double_init.str1.4
                0x10005c68       0xb8 CMakeFiles/Robot_Arm.dir/ae783cfadb10a0055c655bcf0b179659/pico-sdk/src/rp2_common/pico_double/double_init_rom.c.obj
 .rodata.__func__.0
                0x10005d20       0x14 CMakeFiles/Robot_Arm.dir/ae783cfadb10a0055c655bcf0b179659/pico-sdk/src/rp2_common/pico_double/double_init_rom.c.obj
 .rodata.__aeabi_float_init.str1.4
                0x10005d34       0x96 CMakeFiles/Robot_Arm.dir/ae783cfadb10a0055c655bcf0b179659/pico-sdk/src/rp2_common/pico_float/float_init_rom.c.obj
                                 0x9a (size before relaxing)
 *fill*         0x10005dca        0x2 
 .rodata.__func__.0
                0x10005dcc       0x13 CMakeFiles/Robot_Arm.dir/ae783cfadb10a0055c655bcf0b179659/pico-sdk/src/rp2_common/pico_float/float_init_rom.c.obj
 *fill*         0x10005ddf        0x1 
 .rodata.str1.4
                0x10005de0       0x4c CMakeFiles/Robot_Arm.dir/ae783cfadb10a0055c655bcf0b179659/pico-sdk/src/rp2_common/pico_standard_link/binary_info.c.obj
 .rodata.__bi_44
                0x10005e2c        0xc CMakeFiles/Robot_Arm.dir/ae783cfadb10a0055c655bcf0b179659/pico-sdk/src/rp2_common/pico_standard_link/binary_info.c.obj
 .rodata.__bi_56
                0x10005e38        0xc CMakeFiles/Robot_Arm.dir/ae783cfadb10a0055c655bcf0b179659/pico-sdk/src/rp2_common/pico_standard_link/binary_info.c.obj
 .rodata.__bi_75
                0x10005e44        0xc CMakeFiles/Robot_Arm.dir/ae783cfadb10a0055c655bcf0b179659/pico-sdk/src/rp2_common/pico_standard_link/binary_info.c.obj
 .rodata.__bi_81
                0x10005e50        0xc CMakeFiles/Robot_Arm.dir/ae783cfadb10a0055c655bcf0b179659/pico-sdk/src/rp2_common/pico_standard_link/binary_info.c.obj
 .rodata.stdout_serialize_begin.str1.4
                0x10005e5c       0x7d CMakeFiles/Robot_Arm.dir/C_/Program_Files/Raspberry_Pi/Pico_SDK_v1.5.1/pico-sdk/src/rp2_common/pico_stdio/stdio.c.obj
 .rodata.__func__.3
                0x10005e5c       0x15 CMakeFiles/Robot_Arm.dir/C_/Program_Files/Raspberry_Pi/Pico_SDK_v1.5.1/pico-sdk/src/rp2_common/pico_stdio/stdio.c.obj
 *fill*         0x10005e71        0x3 
 .rodata.crlf_str.2
                0x10005e74        0x2 CMakeFiles/Robot_Arm.dir/C_/Program_Files/Raspberry_Pi/Pico_SDK_v1.5.1/pico-sdk/src/rp2_common/pico_stdio/stdio.c.obj
 *fill*         0x10005e76        0x2 
 .rodata.str1.4
                0x10005e78       0x2c CMakeFiles/Robot_Arm.dir/ae783cfadb10a0055c655bcf0b179659/pico-sdk/src/rp2_common/pico_stdio_uart/stdio_uart.c.obj
 .rodata.__bi_33.4
                0x10005ea4        0xc CMakeFiles/Robot_Arm.dir/ae783cfadb10a0055c655bcf0b179659/pico-sdk/src/rp2_common/pico_stdio_uart/stdio_uart.c.obj
 .rodata.__bi_34.5
                0x10005eb0        0x8 CMakeFiles/Robot_Arm.dir/ae783cfadb10a0055c655bcf0b179659/pico-sdk/src/rp2_common/pico_stdio_uart/stdio_uart.c.obj
                0x10005eb8                . = ALIGN (0x4)
 *(SORT_BY_ALIGNMENT(SORT_BY_NAME(.flashdata*)))
                0x10005eb8                . = ALIGN (0x4)

.ARM.extab
 *(.ARM.extab* .gnu.linkonce.armextab.*)
                0x10005eb8                __exidx_start = .

.ARM.exidx
 *(.ARM.exidx* .gnu.linkonce.armexidx.*)
                0x10005eb8                __exidx_end = .
                0x10005eb8                . = ALIGN (0x4)
                0x10005eb8                __binary_info_start = .

.binary_info    0x10005eb8       0x28
 *(.binary_info.keep.*)
 .binary_info.keep.__bi_ptr22
                0x10005eb8        0x4 CMakeFiles/Robot_Arm.dir/ae783cfadb10a0055c655bcf0b179659/pico-sdk/src/rp2_common/pico_standard_link/binary_info.c.obj
 .binary_info.keep.__bi_ptr30
                0x10005ebc        0x4 CMakeFiles/Robot_Arm.dir/ae783cfadb10a0055c655bcf0b179659/pico-sdk/src/rp2_common/pico_standard_link/binary_info.c.obj
 .binary_info.keep.__bi_ptr38
                0x10005ec0        0x4 CMakeFiles/Robot_Arm.dir/ae783cfadb10a0055c655bcf0b179659/pico-sdk/src/rp2_common/pico_standard_link/binary_info.c.obj
 .binary_info.keep.__bi_ptr44
                0x10005ec4        0x4 CMakeFiles/Robot_Arm.dir/ae783cfadb10a0055c655bcf0b179659/pico-sdk/src/rp2_common/pico_standard_link/binary_info.c.obj
 .binary_info.keep.__bi_ptr50
                0x10005ec8        0x4 CMakeFiles/Robot_Arm.dir/ae783cfadb10a0055c655bcf0b179659/pico-sdk/src/rp2_common/pico_standard_link/binary_info.c.obj
 .binary_info.keep.__bi_ptr56
                0x10005ecc        0x4 CMakeFiles/Robot_Arm.dir/ae783cfadb10a0055c655bcf0b179659/pico-sdk/src/rp2_common/pico_standard_link/binary_info.c.obj
 .binary_info.keep.__bi_ptr75
                0x10005ed0        0x4 CMakeFiles/Robot_Arm.dir/ae783cfadb10a0055c655bcf0b179659/pico-sdk/src/rp2_common/pico_standard_link/binary_info.c.obj
 .binary_info.keep.__bi_ptr81
                0x10005ed4        0x4 CMakeFiles/Robot_Arm.dir/ae783cfadb10a0055c655bcf0b179659/pico-sdk/src/rp2_common/pico_standard_link/binary_info.c.obj
 *(.binary_info.*)
 .binary_info.__bi_ptr33
                0x10005ed8        0x4 CMakeFiles/Robot_Arm.dir/ae783cfadb10a0055c655bcf0b179659/pico-sdk/src/rp2_common/pico_stdio_uart/stdio_uart.c.obj
 .binary_info.__bi_ptr34
                0x10005edc        0x4 CMakeFiles/Robot_Arm.dir/ae783cfadb10a0055c655bcf0b179659/pico-sdk/src/rp2_common/pico_stdio_uart/stdio_uart.c.obj
                0x10005ee0                __binary_info_end = .

.rel.dyn        0x10005ee0        0x0
 .rel.iplt      0x10005ee0        0x0 c:/progra~1/raspbe~1/picosd~1.1/gcc-ar~1/bin/../lib/gcc/arm-none-eabi/10.3.1/thumb/v6-m/nofp/crtbegin.o
                0x10005ee0                . = ALIGN (0x4)

.ram_vector_table
                0x20000000       0xc0
 *(.ram_vector_table)
 .ram_vector_table
                0x20000000       0xc0 CMakeFiles/Robot_Arm.dir/ae783cfadb10a0055c655bcf0b179659/pico-sdk/src/rp2_common/pico_runtime/runtime.c.obj
                0x20000000                ram_vector_table

.data           0x200000c0      0x2d4 load address 0x10005ee0
                0x200000c0                __data_start__ = .
 *(vtable)
 *(.time_critical*)
 .time_critical.mutex_try_enter
                0x200000c0       0x46 CMakeFiles/Robot_Arm.dir/C_/Program_Files/Raspberry_Pi/Pico_SDK_v1.5.1/pico-sdk/src/common/pico_sync/mutex.c.obj
                0x200000c0                mutex_try_enter
 *fill*         0x20000106        0x2 
 .time_critical.mutex_enter_block_until
                0x20000108       0x8c CMakeFiles/Robot_Arm.dir/C_/Program_Files/Raspberry_Pi/Pico_SDK_v1.5.1/pico-sdk/src/common/pico_sync/mutex.c.obj
                0x20000108                mutex_enter_block_until
 .time_critical.mutex_try_enter_block_until
                0x20000194       0x34 CMakeFiles/Robot_Arm.dir/C_/Program_Files/Raspberry_Pi/Pico_SDK_v1.5.1/pico-sdk/src/common/pico_sync/mutex.c.obj
                0x20000194                mutex_try_enter_block_until
 .time_critical.mutex_exit
                0x200001c8       0x4c CMakeFiles/Robot_Arm.dir/C_/Program_Files/Raspberry_Pi/Pico_SDK_v1.5.1/pico-sdk/src/common/pico_sync/mutex.c.obj
                0x200001c8                mutex_exit
 .time_critical.spi_write_blocking
                0x20000214       0x3a CMakeFiles/Robot_Arm.dir/C_/Program_Files/Raspberry_Pi/Pico_SDK_v1.5.1/pico-sdk/src/rp2_common/hardware_spi/spi.c.obj
                0x20000214                spi_write_blocking
 .time_critical.spi_read_blocking
                0x2000024e       0x3e CMakeFiles/Robot_Arm.dir/C_/Program_Files/Raspberry_Pi/Pico_SDK_v1.5.1/pico-sdk/src/rp2_common/hardware_spi/spi.c.obj
                0x2000024e                spi_read_blocking
 *(.text*)
 .text          0x2000028c        0x4 c:/progra~1/raspbe~1/picosd~1.1/gcc-ar~1/bin/../lib/gcc/arm-none-eabi/10.3.1/thumb/v6-m/nofp\libgcc.a(_dvmd_tls.o)
                0x2000028c                __aeabi_idiv0
                0x2000028c                __aeabi_ldiv0
 .text.__stub   0x20000290       0x20 linker stubs
                0x200002b0                . = ALIGN (0x4)
 *(.rodata*)
                0x200002b0                . = ALIGN (0x4)
 *(.data*)
 .data.accel_sensitivity
                0x200002b0        0x4 CMakeFiles/Robot_Arm.dir/src/main.cpp.obj
                0x200002b0                accel_sensitivity
 .data.gyroscope_sensitivity
                0x200002b4        0x4 CMakeFiles/Robot_Arm.dir/src/main.cpp.obj
                0x200002b4                gyroscope_sensitivity
 .data.LSM9DS1AG_CTRL_REG4
                0x200002b8        0x1 CMakeFiles/Robot_Arm.dir/src/SensorFusion/LSM9DS1_driver.cpp.obj
                0x200002b8                LSM9DS1AG_CTRL_REG4
 .data.LSM9DS1AG_CTRL_REG5_XL
                0x200002b9        0x1 CMakeFiles/Robot_Arm.dir/src/SensorFusion/LSM9DS1_driver.cpp.obj
                0x200002b9                LSM9DS1AG_CTRL_REG5_XL
 .data.LSM9DS1AG_CTRL_REG8
                0x200002ba        0x1 CMakeFiles/Robot_Arm.dir/src/SensorFusion/LSM9DS1_driver.cpp.obj
                0x200002ba                LSM9DS1AG_CTRL_REG8
 .data.LSM9DS1M_CTRL_REG5_M
                0x200002bb        0x1 CMakeFiles/Robot_Arm.dir/src/SensorFusion/LSM9DS1_driver.cpp.obj
                0x200002bb                LSM9DS1M_CTRL_REG5_M
 .data.LSM9DS1_AG_WHO_AM_I
                0x200002bc        0x1 CMakeFiles/Robot_Arm.dir/src/SensorFusion/LSM9DS1_driver.cpp.obj
                0x200002bc                LSM9DS1_AG_WHO_AM_I
 .data.LSM9DS1_CTRL_REG1_G
                0x200002bd        0x1 CMakeFiles/Robot_Arm.dir/src/SensorFusion/LSM9DS1_driver.cpp.obj
                0x200002bd                LSM9DS1_CTRL_REG1_G
 .data.LSM9DS1_CTRL_REG2_M
                0x200002be        0x1 CMakeFiles/Robot_Arm.dir/src/SensorFusion/LSM9DS1_driver.cpp.obj
                0x200002be                LSM9DS1_CTRL_REG2_M
 .data.LSM9DS1_CTRL_REG6_XL
                0x200002bf        0x1 CMakeFiles/Robot_Arm.dir/src/SensorFusion/LSM9DS1_driver.cpp.obj
                0x200002bf                LSM9DS1_CTRL_REG6_XL
 .data.LSM9DS1_CTRL_REG8
                0x200002c0        0x1 CMakeFiles/Robot_Arm.dir/src/SensorFusion/LSM9DS1_driver.cpp.obj
                0x200002c0                LSM9DS1_CTRL_REG8
 .data.striped_spin_lock_num
                0x200002c1        0x1 CMakeFiles/Robot_Arm.dir/C_/Program_Files/Raspberry_Pi/Pico_SDK_v1.5.1/pico-sdk/src/rp2_common/hardware_sync/sync.c.obj
 *fill*         0x200002c2        0x2 
 .data          0x200002c4       0x48 CMakeFiles/Robot_Arm.dir/ae783cfadb10a0055c655bcf0b179659/pico-sdk/src/rp2_common/hardware_irq/irq_handler_chain.S.obj
                0x200002c4                irq_handler_chain_slots
                0x200002f4                irq_handler_chain_first_slot
                0x200002fe                irq_handler_chain_remove_tail
 .data.default_alarm_pool
                0x2000030c       0x18 CMakeFiles/Robot_Arm.dir/C_/Program_Files/Raspberry_Pi/Pico_SDK_v1.5.1/pico-sdk/src/common/pico_time/time.c.obj
 .data.default_alarm_pool_heap
                0x20000324       0x10 CMakeFiles/Robot_Arm.dir/C_/Program_Files/Raspberry_Pi/Pico_SDK_v1.5.1/pico-sdk/src/common/pico_time/time.c.obj
 *fill*         0x20000334        0xc 
 .data.aeabi_bits_funcs
                0x20000340       0x10 CMakeFiles/Robot_Arm.dir/ae783cfadb10a0055c655bcf0b179659/pico-sdk/src/rp2_common/pico_bit_ops/bit_ops_aeabi.S.obj
                0x20000340                aeabi_bits_funcs
                0x20000350                aeabi_bits_funcs_end
 .data.aeabi_mem_funcs
                0x20000350       0x10 CMakeFiles/Robot_Arm.dir/ae783cfadb10a0055c655bcf0b179659/pico-sdk/src/rp2_common/pico_mem_ops/mem_ops_aeabi.S.obj
                0x20000350                aeabi_mem_funcs
                0x20000360                aeabi_mem_funcs_end
 .data.stdio_uart
                0x20000360       0x18 CMakeFiles/Robot_Arm.dir/ae783cfadb10a0055c655bcf0b179659/pico-sdk/src/rp2_common/pico_stdio_uart/stdio_uart.c.obj
                0x20000360                stdio_uart
                0x20000378                . = ALIGN (0x4)
 *(.after_data.*)
                0x20000378                . = ALIGN (0x4)
                0x20000378                PROVIDE (__mutex_array_start = .)
 *(SORT_BY_NAME(.mutex_array.*))
 *(.mutex_array)
 .mutex_array   0x20000378        0x8 CMakeFiles/Robot_Arm.dir/C_/Program_Files/Raspberry_Pi/Pico_SDK_v1.5.1/pico-sdk/src/rp2_common/pico_stdio/stdio.c.obj
                0x20000380                PROVIDE (__mutex_array_end = .)
                0x20000380                . = ALIGN (0x4)
                0x20000380                PROVIDE (__preinit_array_start = .)
 *(SORT_BY_NAME(.preinit_array.*))
 .preinit_array.00001
                0x20000380        0x4 CMakeFiles/Robot_Arm.dir/ae783cfadb10a0055c655bcf0b179659/pico-sdk/src/rp2_common/pico_mem_ops/mem_ops_aeabi.S.obj
 .preinit_array.00010
                0x20000384        0x4 CMakeFiles/Robot_Arm.dir/ae783cfadb10a0055c655bcf0b179659/pico-sdk/src/rp2_common/pico_bit_ops/bit_ops_aeabi.S.obj
 .preinit_array.00020
                0x20000388        0x4 CMakeFiles/Robot_Arm.dir/ae783cfadb10a0055c655bcf0b179659/pico-sdk/src/rp2_common/pico_double/double_aeabi.S.obj
 .preinit_array.00020
                0x2000038c        0x4 CMakeFiles/Robot_Arm.dir/ae783cfadb10a0055c655bcf0b179659/pico-sdk/src/rp2_common/pico_float/float_aeabi.S.obj
 *(.preinit_array)
                0x20000390                PROVIDE (__preinit_array_end = .)
                0x20000390                . = ALIGN (0x4)
                0x20000390                PROVIDE (__init_array_start = .)
 *(SORT_BY_NAME(.init_array.*))
 *(.init_array)
 .init_array    0x20000390        0x4 c:/progra~1/raspbe~1/picosd~1.1/gcc-ar~1/bin/../lib/gcc/arm-none-eabi/10.3.1/thumb/v6-m/nofp/crtbegin.o
                0x20000394                PROVIDE (__init_array_end = .)
                0x20000394                . = ALIGN (0x4)
                [!provide]                PROVIDE (__fini_array_start = .)
 *(SORT_BY_NAME(.fini_array.*))
 *(.fini_array)
                [!provide]                PROVIDE (__fini_array_end = .)
 *(.jcr)
                0x20000394                . = ALIGN (0x4)
                0x20000394                __data_end__ = .
                0x10005ee0                __etext = LOADADDR (.data)

.igot.plt       0x20000394        0x0 load address 0x100061b4
 .igot.plt      0x20000394        0x0 c:/progra~1/raspbe~1/picosd~1.1/gcc-ar~1/bin/../lib/gcc/arm-none-eabi/10.3.1/thumb/v6-m/nofp/crtbegin.o

.uninitialized_data
                0x20000394        0x0 load address 0x100061b4
                0x20000394                . = ALIGN (0x4)
 *(.uninitialized_data*)

.scratch_x      0x20040000        0x0 load address 0x100061b4
                0x20040000                __scratch_x_start__ = .
 *(.scratch_x.*)
                0x20040000                . = ALIGN (0x4)
                0x20040000                __scratch_x_end__ = .
                0x100061b4                __scratch_x_source__ = LOADADDR (.scratch_x)

.scratch_y      0x20041000        0x0 load address 0x100061b4
                0x20041000                __scratch_y_start__ = .
 *(.scratch_y.*)
                0x20041000                . = ALIGN (0x4)
                0x20041000                __scratch_y_end__ = .
                0x100061b4                __scratch_y_source__ = LOADADDR (.scratch_y)

.bss            0x20000398      0x3d8
                0x20000398                . = ALIGN (0x4)
                0x20000398                __bss_start__ = .
 *(SORT_BY_ALIGNMENT(SORT_BY_NAME(.bss*)))
 .bss.default_alarm_pool_entries
                0x20000398      0x100 CMakeFiles/Robot_Arm.dir/C_/Program_Files/Raspberry_Pi/Pico_SDK_v1.5.1/pico-sdk/src/common/pico_time/time.c.obj
 .bss           0x20000498       0x1c c:/progra~1/raspbe~1/picosd~1.1/gcc-ar~1/bin/../lib/gcc/arm-none-eabi/10.3.1/thumb/v6-m/nofp/crtbegin.o
 .bss.alarm_callbacks
                0x200004b4       0x10 CMakeFiles/Robot_Arm.dir/ae783cfadb10a0055c655bcf0b179659/pico-sdk/src/rp2_common/hardware_timer/timer.c.obj
 .bss.chars_available_callback
                0x200004c4        0x4 CMakeFiles/Robot_Arm.dir/ae783cfadb10a0055c655bcf0b179659/pico-sdk/src/rp2_common/pico_stdio_uart/stdio_uart.c.obj
 .bss.chars_available_param
                0x200004c8        0x4 CMakeFiles/Robot_Arm.dir/ae783cfadb10a0055c655bcf0b179659/pico-sdk/src/rp2_common/pico_stdio_uart/stdio_uart.c.obj
 .bss.configured_freq
                0x200004cc       0x28 CMakeFiles/Robot_Arm.dir/ae783cfadb10a0055c655bcf0b179659/pico-sdk/src/rp2_common/hardware_clocks/clocks.c.obj
 .bss.default_alarm_pool_entry_ids_high
                0x200004f4       0x10 CMakeFiles/Robot_Arm.dir/C_/Program_Files/Raspberry_Pi/Pico_SDK_v1.5.1/pico-sdk/src/common/pico_time/time.c.obj
 .bss.default_alarm_pool_heap_nodes
                0x20000504       0x30 CMakeFiles/Robot_Arm.dir/C_/Program_Files/Raspberry_Pi/Pico_SDK_v1.5.1/pico-sdk/src/common/pico_time/time.c.obj
 .bss.drivers   0x20000534        0x4 CMakeFiles/Robot_Arm.dir/C_/Program_Files/Raspberry_Pi/Pico_SDK_v1.5.1/pico-sdk/src/rp2_common/pico_stdio/stdio.c.obj
 .bss.filter    0x20000538        0x4 CMakeFiles/Robot_Arm.dir/C_/Program_Files/Raspberry_Pi/Pico_SDK_v1.5.1/pico-sdk/src/rp2_common/pico_stdio/stdio.c.obj
 .bss.pools     0x2000053c       0x10 CMakeFiles/Robot_Arm.dir/C_/Program_Files/Raspberry_Pi/Pico_SDK_v1.5.1/pico-sdk/src/common/pico_time/time.c.obj
 .bss.sd_table  0x2000054c      0x100 CMakeFiles/Robot_Arm.dir/ae783cfadb10a0055c655bcf0b179659/pico-sdk/src/rp2_common/pico_double/double_init_rom.c.obj
                0x2000054c                sd_table
 .bss.sf_clz_func
                0x2000064c        0x4 CMakeFiles/Robot_Arm.dir/ae783cfadb10a0055c655bcf0b179659/pico-sdk/src/rp2_common/pico_double/double_init_rom.c.obj
                0x2000064c                sf_clz_func
 .bss.sf_table  0x20000650      0x100 CMakeFiles/Robot_Arm.dir/ae783cfadb10a0055c655bcf0b179659/pico-sdk/src/rp2_common/pico_float/float_init_rom.c.obj
                0x20000650                sf_table
 .bss.sleep_notifier
                0x20000750        0x4 CMakeFiles/Robot_Arm.dir/C_/Program_Files/Raspberry_Pi/Pico_SDK_v1.5.1/pico-sdk/src/common/pico_time/time.c.obj
 .bss.target_hi
                0x20000754       0x10 CMakeFiles/Robot_Arm.dir/ae783cfadb10a0055c655bcf0b179659/pico-sdk/src/rp2_common/hardware_timer/timer.c.obj
 .bss.uart_char_to_line_feed
                0x20000764        0x4 CMakeFiles/Robot_Arm.dir/C_/Program_Files/Raspberry_Pi/Pico_SDK_v1.5.1/pico-sdk/src/rp2_common/hardware_uart/uart.c.obj
                0x20000764                uart_char_to_line_feed
 .bss.uart_instance
                0x20000768        0x4 CMakeFiles/Robot_Arm.dir/ae783cfadb10a0055c655bcf0b179659/pico-sdk/src/rp2_common/pico_stdio_uart/stdio_uart.c.obj
 .bss.claimed   0x2000076c        0x1 CMakeFiles/Robot_Arm.dir/ae783cfadb10a0055c655bcf0b179659/pico-sdk/src/rp2_common/hardware_timer/timer.c.obj
 .bss.irq_hander_chain_free_slot_head
                0x2000076d        0x1 CMakeFiles/Robot_Arm.dir/C_/Program_Files/Raspberry_Pi/Pico_SDK_v1.5.1/pico-sdk/src/rp2_common/hardware_irq/irq.c.obj
 .bss.timer_callbacks_pending
                0x2000076e        0x1 CMakeFiles/Robot_Arm.dir/ae783cfadb10a0055c655bcf0b179659/pico-sdk/src/rp2_common/hardware_timer/timer.c.obj
 *(COMMON)
                0x20000770                . = ALIGN (0x4)
 *fill*         0x2000076f        0x1 
                0x20000770                __bss_end__ = .

.heap           0x20000770      0x800
                0x20000770                __end__ = .
                0x20000770                end = __end__
 *(.heap*)
 .heap          0x20000770      0x800 CMakeFiles/Robot_Arm.dir/ae783cfadb10a0055c655bcf0b179659/pico-sdk/src/rp2_common/pico_standard_link/crt0.S.obj
                0x20000f70                __HeapLimit = .

.stack1_dummy   0x20040000        0x0
 *(.stack1*)

.stack_dummy    0x20041000      0x800
 *(.stack*)
 .stack         0x20041000      0x800 CMakeFiles/Robot_Arm.dir/ae783cfadb10a0055c655bcf0b179659/pico-sdk/src/rp2_common/pico_standard_link/crt0.S.obj

.flash_end      0x100061b4        0x0
                0x100061b4                PROVIDE (__flash_binary_end = .)
                0x20040000                __StackLimit = (ORIGIN (RAM) + LENGTH (RAM))
                0x20041000                __StackOneTop = (ORIGIN (SCRATCH_X) + LENGTH (SCRATCH_X))
                0x20042000                __StackTop = (ORIGIN (SCRATCH_Y) + LENGTH (SCRATCH_Y))
                0x20041000                __StackOneBottom = (__StackOneTop - SIZEOF (.stack1_dummy))
                0x20041800                __StackBottom = (__StackTop - SIZEOF (.stack_dummy))
                0x20042000                PROVIDE (__stack = __StackTop)
                0x00000001                ASSERT ((__StackLimit >= __HeapLimit), region RAM overflowed)
                0x00000001                ASSERT (((__binary_info_header_end - __logical_binary_start) <= 0x100), Binary info must be in first 256 bytes of the binary)
LOAD CMakeFiles/Robot_Arm.dir/src/main.cpp.obj
LOAD CMakeFiles/Robot_Arm.dir/src/drivers/logging/logging.cpp.obj
LOAD CMakeFiles/Robot_Arm.dir/src/SensorFusion/LSM9DS1_driver.cpp.obj
LOAD CMakeFiles/Robot_Arm.dir/C_/Program_Files/Raspberry_Pi/Pico_SDK_v1.5.1/pico-sdk/src/rp2_common/pico_stdlib/stdlib.c.obj
LOAD CMakeFiles/Robot_Arm.dir/C_/Program_Files/Raspberry_Pi/Pico_SDK_v1.5.1/pico-sdk/src/rp2_common/hardware_gpio/gpio.c.obj
LOAD CMakeFiles/Robot_Arm.dir/ae783cfadb10a0055c655bcf0b179659/pico-sdk/src/rp2_common/pico_platform/platform.c.obj
LOAD CMakeFiles/Robot_Arm.dir/ae783cfadb10a0055c655bcf0b179659/pico-sdk/src/rp2_common/hardware_claim/claim.c.obj
LOAD CMakeFiles/Robot_Arm.dir/C_/Program_Files/Raspberry_Pi/Pico_SDK_v1.5.1/pico-sdk/src/rp2_common/hardware_sync/sync.c.obj
LOAD CMakeFiles/Robot_Arm.dir/C_/Program_Files/Raspberry_Pi/Pico_SDK_v1.5.1/pico-sdk/src/rp2_common/hardware_irq/irq.c.obj
LOAD CMakeFiles/Robot_Arm.dir/ae783cfadb10a0055c655bcf0b179659/pico-sdk/src/rp2_common/hardware_irq/irq_handler_chain.S.obj
LOAD CMakeFiles/Robot_Arm.dir/C_/Program_Files/Raspberry_Pi/Pico_SDK_v1.5.1/pico-sdk/src/common/pico_sync/sem.c.obj
LOAD CMakeFiles/Robot_Arm.dir/C_/Program_Files/Raspberry_Pi/Pico_SDK_v1.5.1/pico-sdk/src/common/pico_sync/lock_core.c.obj
LOAD CMakeFiles/Robot_Arm.dir/C_/Program_Files/Raspberry_Pi/Pico_SDK_v1.5.1/pico-sdk/src/common/pico_sync/mutex.c.obj
LOAD CMakeFiles/Robot_Arm.dir/ae783cfadb10a0055c655bcf0b179659/pico-sdk/src/common/pico_sync/critical_section.c.obj
LOAD CMakeFiles/Robot_Arm.dir/C_/Program_Files/Raspberry_Pi/Pico_SDK_v1.5.1/pico-sdk/src/common/pico_time/time.c.obj
LOAD CMakeFiles/Robot_Arm.dir/ae783cfadb10a0055c655bcf0b179659/pico-sdk/src/common/pico_time/timeout_helper.c.obj
LOAD CMakeFiles/Robot_Arm.dir/ae783cfadb10a0055c655bcf0b179659/pico-sdk/src/rp2_common/hardware_timer/timer.c.obj
LOAD CMakeFiles/Robot_Arm.dir/C_/Program_Files/Raspberry_Pi/Pico_SDK_v1.5.1/pico-sdk/src/common/pico_util/datetime.c.obj
LOAD CMakeFiles/Robot_Arm.dir/C_/Program_Files/Raspberry_Pi/Pico_SDK_v1.5.1/pico-sdk/src/common/pico_util/pheap.c.obj
LOAD CMakeFiles/Robot_Arm.dir/C_/Program_Files/Raspberry_Pi/Pico_SDK_v1.5.1/pico-sdk/src/common/pico_util/queue.c.obj
LOAD CMakeFiles/Robot_Arm.dir/C_/Program_Files/Raspberry_Pi/Pico_SDK_v1.5.1/pico-sdk/src/rp2_common/hardware_uart/uart.c.obj
LOAD CMakeFiles/Robot_Arm.dir/ae783cfadb10a0055c655bcf0b179659/pico-sdk/src/rp2_common/hardware_clocks/clocks.c.obj
LOAD CMakeFiles/Robot_Arm.dir/C_/Program_Files/Raspberry_Pi/Pico_SDK_v1.5.1/pico-sdk/src/rp2_common/hardware_pll/pll.c.obj
LOAD CMakeFiles/Robot_Arm.dir/C_/Program_Files/Raspberry_Pi/Pico_SDK_v1.5.1/pico-sdk/src/rp2_common/hardware_vreg/vreg.c.obj
LOAD CMakeFiles/Robot_Arm.dir/ae783cfadb10a0055c655bcf0b179659/pico-sdk/src/rp2_common/hardware_watchdog/watchdog.c.obj
LOAD CMakeFiles/Robot_Arm.dir/C_/Program_Files/Raspberry_Pi/Pico_SDK_v1.5.1/pico-sdk/src/rp2_common/hardware_xosc/xosc.c.obj
LOAD CMakeFiles/Robot_Arm.dir/ae783cfadb10a0055c655bcf0b179659/pico-sdk/src/rp2_common/hardware_divider/divider.S.obj
LOAD CMakeFiles/Robot_Arm.dir/ae783cfadb10a0055c655bcf0b179659/pico-sdk/src/rp2_common/pico_runtime/runtime.c.obj
LOAD CMakeFiles/Robot_Arm.dir/C_/Program_Files/Raspberry_Pi/Pico_SDK_v1.5.1/pico-sdk/src/rp2_common/pico_printf/printf.c.obj
LOAD CMakeFiles/Robot_Arm.dir/ae783cfadb10a0055c655bcf0b179659/pico-sdk/src/rp2_common/pico_bit_ops/bit_ops_aeabi.S.obj
LOAD CMakeFiles/Robot_Arm.dir/ae783cfadb10a0055c655bcf0b179659/pico-sdk/src/rp2_common/pico_bootrom/bootrom.c.obj
LOAD CMakeFiles/Robot_Arm.dir/ae783cfadb10a0055c655bcf0b179659/pico-sdk/src/rp2_common/pico_divider/divider.S.obj
LOAD CMakeFiles/Robot_Arm.dir/ae783cfadb10a0055c655bcf0b179659/pico-sdk/src/rp2_common/pico_double/double_aeabi.S.obj
LOAD CMakeFiles/Robot_Arm.dir/ae783cfadb10a0055c655bcf0b179659/pico-sdk/src/rp2_common/pico_double/double_init_rom.c.obj
LOAD CMakeFiles/Robot_Arm.dir/ae783cfadb10a0055c655bcf0b179659/pico-sdk/src/rp2_common/pico_double/double_math.c.obj
LOAD CMakeFiles/Robot_Arm.dir/ae783cfadb10a0055c655bcf0b179659/pico-sdk/src/rp2_common/pico_double/double_v1_rom_shim.S.obj
LOAD CMakeFiles/Robot_Arm.dir/734ab788d52071b7ec936fd1cf9a593e/src/rp2_common/pico_int64_ops/pico_int64_ops_aeabi.S.obj
LOAD CMakeFiles/Robot_Arm.dir/ae783cfadb10a0055c655bcf0b179659/pico-sdk/src/rp2_common/pico_float/float_aeabi.S.obj
LOAD CMakeFiles/Robot_Arm.dir/ae783cfadb10a0055c655bcf0b179659/pico-sdk/src/rp2_common/pico_float/float_init_rom.c.obj
LOAD CMakeFiles/Robot_Arm.dir/ae783cfadb10a0055c655bcf0b179659/pico-sdk/src/rp2_common/pico_float/float_math.c.obj
LOAD CMakeFiles/Robot_Arm.dir/ae783cfadb10a0055c655bcf0b179659/pico-sdk/src/rp2_common/pico_float/float_v1_rom_shim.S.obj
LOAD CMakeFiles/Robot_Arm.dir/ae783cfadb10a0055c655bcf0b179659/pico-sdk/src/rp2_common/pico_malloc/pico_malloc.c.obj
LOAD CMakeFiles/Robot_Arm.dir/ae783cfadb10a0055c655bcf0b179659/pico-sdk/src/rp2_common/pico_mem_ops/mem_ops_aeabi.S.obj
LOAD CMakeFiles/Robot_Arm.dir/ae783cfadb10a0055c655bcf0b179659/pico-sdk/src/rp2_common/pico_standard_link/crt0.S.obj
LOAD CMakeFiles/Robot_Arm.dir/ae783cfadb10a0055c655bcf0b179659/pico-sdk/src/rp2_common/pico_standard_link/new_delete.cpp.obj
LOAD CMakeFiles/Robot_Arm.dir/ae783cfadb10a0055c655bcf0b179659/pico-sdk/src/rp2_common/pico_standard_link/binary_info.c.obj
LOAD CMakeFiles/Robot_Arm.dir/C_/Program_Files/Raspberry_Pi/Pico_SDK_v1.5.1/pico-sdk/src/rp2_common/pico_stdio/stdio.c.obj
LOAD CMakeFiles/Robot_Arm.dir/ae783cfadb10a0055c655bcf0b179659/pico-sdk/src/rp2_common/pico_stdio_uart/stdio_uart.c.obj
LOAD CMakeFiles/Robot_Arm.dir/C_/Program_Files/Raspberry_Pi/Pico_SDK_v1.5.1/pico-sdk/src/rp2_common/hardware_spi/spi.c.obj
LOAD CMakeFiles/Robot_Arm.dir/C_/Program_Files/Raspberry_Pi/Pico_SDK_v1.5.1/pico-sdk/src/rp2_common/hardware_i2c/i2c.c.obj
LOAD CMakeFiles/Robot_Arm.dir/C_/Program_Files/Raspberry_Pi/Pico_SDK_v1.5.1/pico-sdk/src/rp2_common/hardware_dma/dma.c.obj
LOAD CMakeFiles/Robot_Arm.dir/C_/Program_Files/Raspberry_Pi/Pico_SDK_v1.5.1/pico-sdk/src/rp2_common/hardware_pio/pio.c.obj
LOAD CMakeFiles/Robot_Arm.dir/ae783cfadb10a0055c655bcf0b179659/pico-sdk/src/rp2_common/hardware_interp/interp.c.obj
LOAD C:\Users\Lachlan\AppData\Local\Temp\cccFLvNV.o
LOAD c:/progra~1/raspbe~1/picosd~1.1/gcc-ar~1/bin/../lib/gcc/arm-none-eabi/10.3.1/../../../../arm-none-eabi/lib/thumb/v6-m/nofp\libstdc++.a
LOAD c:/progra~1/raspbe~1/picosd~1.1/gcc-ar~1/bin/../lib/gcc/arm-none-eabi/10.3.1/../../../../arm-none-eabi/lib/thumb/v6-m/nofp\libm.a
START GROUP
LOAD c:/progra~1/raspbe~1/picosd~1.1/gcc-ar~1/bin/../lib/gcc/arm-none-eabi/10.3.1/thumb/v6-m/nofp\libgcc.a
LOAD c:/progra~1/raspbe~1/picosd~1.1/gcc-ar~1/bin/../lib/gcc/arm-none-eabi/10.3.1/../../../../arm-none-eabi/lib/thumb/v6-m/nofp\libg.a
LOAD c:/progra~1/raspbe~1/picosd~1.1/gcc-ar~1/bin/../lib/gcc/arm-none-eabi/10.3.1/../../../../arm-none-eabi/lib/thumb/v6-m/nofp\libc.a
END GROUP
START GROUP
LOAD c:/progra~1/raspbe~1/picosd~1.1/gcc-ar~1/bin/../lib/gcc/arm-none-eabi/10.3.1/thumb/v6-m/nofp\libgcc.a
LOAD c:/progra~1/raspbe~1/picosd~1.1/gcc-ar~1/bin/../lib/gcc/arm-none-eabi/10.3.1/../../../../arm-none-eabi/lib/thumb/v6-m/nofp\libc.a
LOAD c:/progra~1/raspbe~1/picosd~1.1/gcc-ar~1/bin/../lib/gcc/arm-none-eabi/10.3.1/../../../../arm-none-eabi/lib/thumb/v6-m/nofp\libnosys.a
END GROUP
LOAD c:/progra~1/raspbe~1/picosd~1.1/gcc-ar~1/bin/../lib/gcc/arm-none-eabi/10.3.1/thumb/v6-m/nofp/crtend.o
LOAD c:/progra~1/raspbe~1/picosd~1.1/gcc-ar~1/bin/../lib/gcc/arm-none-eabi/10.3.1/thumb/v6-m/nofp/crtn.o
OUTPUT(Robot_Arm.elf elf32-littlearm)
LOAD linker stubs

.ARM.attributes
                0x00000000       0x28
 .ARM.attributes
                0x00000000       0x1e c:/progra~1/raspbe~1/picosd~1.1/gcc-ar~1/bin/../lib/gcc/arm-none-eabi/10.3.1/thumb/v6-m/nofp/crti.o
 .ARM.attributes
                0x0000001e       0x2c c:/progra~1/raspbe~1/picosd~1.1/gcc-ar~1/bin/../lib/gcc/arm-none-eabi/10.3.1/thumb/v6-m/nofp/crtbegin.o
 .ARM.attributes
                0x0000004a       0x2c CMakeFiles/Robot_Arm.dir/src/main.cpp.obj
 .ARM.attributes
                0x00000076       0x2c CMakeFiles/Robot_Arm.dir/src/SensorFusion/LSM9DS1_driver.cpp.obj
 .ARM.attributes
                0x000000a2       0x2c CMakeFiles/Robot_Arm.dir/C_/Program_Files/Raspberry_Pi/Pico_SDK_v1.5.1/pico-sdk/src/rp2_common/hardware_gpio/gpio.c.obj
 .ARM.attributes
                0x000000ce       0x2c CMakeFiles/Robot_Arm.dir/ae783cfadb10a0055c655bcf0b179659/pico-sdk/src/rp2_common/pico_platform/platform.c.obj
 .ARM.attributes
                0x000000fa       0x2c CMakeFiles/Robot_Arm.dir/ae783cfadb10a0055c655bcf0b179659/pico-sdk/src/rp2_common/hardware_claim/claim.c.obj
 .ARM.attributes
                0x00000126       0x2c CMakeFiles/Robot_Arm.dir/C_/Program_Files/Raspberry_Pi/Pico_SDK_v1.5.1/pico-sdk/src/rp2_common/hardware_sync/sync.c.obj
 .ARM.attributes
                0x00000152       0x2c CMakeFiles/Robot_Arm.dir/C_/Program_Files/Raspberry_Pi/Pico_SDK_v1.5.1/pico-sdk/src/rp2_common/hardware_irq/irq.c.obj
 .ARM.attributes
                0x0000017e       0x22 CMakeFiles/Robot_Arm.dir/ae783cfadb10a0055c655bcf0b179659/pico-sdk/src/rp2_common/hardware_irq/irq_handler_chain.S.obj
 .ARM.attributes
                0x000001a0       0x2c CMakeFiles/Robot_Arm.dir/C_/Program_Files/Raspberry_Pi/Pico_SDK_v1.5.1/pico-sdk/src/common/pico_sync/lock_core.c.obj
 .ARM.attributes
                0x000001cc       0x2c CMakeFiles/Robot_Arm.dir/C_/Program_Files/Raspberry_Pi/Pico_SDK_v1.5.1/pico-sdk/src/common/pico_sync/mutex.c.obj
 .ARM.attributes
                0x000001f8       0x2c CMakeFiles/Robot_Arm.dir/C_/Program_Files/Raspberry_Pi/Pico_SDK_v1.5.1/pico-sdk/src/common/pico_time/time.c.obj
 .ARM.attributes
                0x00000224       0x2c CMakeFiles/Robot_Arm.dir/ae783cfadb10a0055c655bcf0b179659/pico-sdk/src/rp2_common/hardware_timer/timer.c.obj
 .ARM.attributes
                0x00000250       0x2c CMakeFiles/Robot_Arm.dir/C_/Program_Files/Raspberry_Pi/Pico_SDK_v1.5.1/pico-sdk/src/common/pico_util/pheap.c.obj
 .ARM.attributes
                0x0000027c       0x2c CMakeFiles/Robot_Arm.dir/C_/Program_Files/Raspberry_Pi/Pico_SDK_v1.5.1/pico-sdk/src/rp2_common/hardware_uart/uart.c.obj
 .ARM.attributes
                0x000002a8       0x2c CMakeFiles/Robot_Arm.dir/ae783cfadb10a0055c655bcf0b179659/pico-sdk/src/rp2_common/hardware_clocks/clocks.c.obj
 .ARM.attributes
                0x000002d4       0x2c CMakeFiles/Robot_Arm.dir/C_/Program_Files/Raspberry_Pi/Pico_SDK_v1.5.1/pico-sdk/src/rp2_common/hardware_pll/pll.c.obj
 .ARM.attributes
                0x00000300       0x2c CMakeFiles/Robot_Arm.dir/ae783cfadb10a0055c655bcf0b179659/pico-sdk/src/rp2_common/hardware_watchdog/watchdog.c.obj
 .ARM.attributes
                0x0000032c       0x2c CMakeFiles/Robot_Arm.dir/C_/Program_Files/Raspberry_Pi/Pico_SDK_v1.5.1/pico-sdk/src/rp2_common/hardware_xosc/xosc.c.obj
 .ARM.attributes
                0x00000358       0x2c CMakeFiles/Robot_Arm.dir/ae783cfadb10a0055c655bcf0b179659/pico-sdk/src/rp2_common/pico_runtime/runtime.c.obj
 .ARM.attributes
                0x00000384       0x2c CMakeFiles/Robot_Arm.dir/C_/Program_Files/Raspberry_Pi/Pico_SDK_v1.5.1/pico-sdk/src/rp2_common/pico_printf/printf.c.obj
 .ARM.attributes
                0x000003b0       0x22 CMakeFiles/Robot_Arm.dir/ae783cfadb10a0055c655bcf0b179659/pico-sdk/src/rp2_common/pico_bit_ops/bit_ops_aeabi.S.obj
 .ARM.attributes
                0x000003d2       0x2c CMakeFiles/Robot_Arm.dir/ae783cfadb10a0055c655bcf0b179659/pico-sdk/src/rp2_common/pico_bootrom/bootrom.c.obj
 .ARM.attributes
                0x000003fe       0x22 CMakeFiles/Robot_Arm.dir/ae783cfadb10a0055c655bcf0b179659/pico-sdk/src/rp2_common/pico_divider/divider.S.obj
 .ARM.attributes
                0x00000420       0x22 CMakeFiles/Robot_Arm.dir/ae783cfadb10a0055c655bcf0b179659/pico-sdk/src/rp2_common/pico_double/double_aeabi.S.obj
 .ARM.attributes
                0x00000442       0x2c CMakeFiles/Robot_Arm.dir/ae783cfadb10a0055c655bcf0b179659/pico-sdk/src/rp2_common/pico_double/double_init_rom.c.obj
 .ARM.attributes
                0x0000046e       0x22 CMakeFiles/Robot_Arm.dir/ae783cfadb10a0055c655bcf0b179659/pico-sdk/src/rp2_common/pico_double/double_v1_rom_shim.S.obj
 .ARM.attributes
                0x00000490       0x22 CMakeFiles/Robot_Arm.dir/734ab788d52071b7ec936fd1cf9a593e/src/rp2_common/pico_int64_ops/pico_int64_ops_aeabi.S.obj
 .ARM.attributes
                0x000004b2       0x22 CMakeFiles/Robot_Arm.dir/ae783cfadb10a0055c655bcf0b179659/pico-sdk/src/rp2_common/pico_float/float_aeabi.S.obj
 .ARM.attributes
                0x000004d4       0x2c CMakeFiles/Robot_Arm.dir/ae783cfadb10a0055c655bcf0b179659/pico-sdk/src/rp2_common/pico_float/float_init_rom.c.obj
 .ARM.attributes
                0x00000500       0x22 CMakeFiles/Robot_Arm.dir/ae783cfadb10a0055c655bcf0b179659/pico-sdk/src/rp2_common/pico_float/float_v1_rom_shim.S.obj
 .ARM.attributes
                0x00000522       0x22 CMakeFiles/Robot_Arm.dir/ae783cfadb10a0055c655bcf0b179659/pico-sdk/src/rp2_common/pico_mem_ops/mem_ops_aeabi.S.obj
 .ARM.attributes
                0x00000544       0x22 CMakeFiles/Robot_Arm.dir/ae783cfadb10a0055c655bcf0b179659/pico-sdk/src/rp2_common/pico_standard_link/crt0.S.obj
 .ARM.attributes
                0x00000566       0x2c CMakeFiles/Robot_Arm.dir/ae783cfadb10a0055c655bcf0b179659/pico-sdk/src/rp2_common/pico_standard_link/binary_info.c.obj
 .ARM.attributes
                0x00000592       0x2c CMakeFiles/Robot_Arm.dir/C_/Program_Files/Raspberry_Pi/Pico_SDK_v1.5.1/pico-sdk/src/rp2_common/pico_stdio/stdio.c.obj
 .ARM.attributes
                0x000005be       0x2c CMakeFiles/Robot_Arm.dir/ae783cfadb10a0055c655bcf0b179659/pico-sdk/src/rp2_common/pico_stdio_uart/stdio_uart.c.obj
 .ARM.attributes
                0x000005ea       0x2c CMakeFiles/Robot_Arm.dir/C_/Program_Files/Raspberry_Pi/Pico_SDK_v1.5.1/pico-sdk/src/rp2_common/hardware_spi/spi.c.obj
 .ARM.attributes
                0x00000616       0x22 C:\Users\Lachlan\AppData\Local\Temp\cccFLvNV.o
 .ARM.attributes
                0x00000638       0x1e c:/progra~1/raspbe~1/picosd~1.1/gcc-ar~1/bin/../lib/gcc/arm-none-eabi/10.3.1/thumb/v6-m/nofp\libgcc.a(_dvmd_tls.o)
 .ARM.attributes
                0x00000656       0x2c c:/progra~1/raspbe~1/picosd~1.1/gcc-ar~1/bin/../lib/gcc/arm-none-eabi/10.3.1/../../../../arm-none-eabi/lib/thumb/v6-m/nofp\libg.a(lib_a-strlen-stub.o)

.comment        0x00000000       0x49
 .comment       0x00000000       0x49 CMakeFiles/Robot_Arm.dir/src/main.cpp.obj
                                 0x4a (size before relaxing)
 .comment       0x00000049       0x4a CMakeFiles/Robot_Arm.dir/src/SensorFusion/LSM9DS1_driver.cpp.obj
 .comment       0x00000049       0x4a CMakeFiles/Robot_Arm.dir/C_/Program_Files/Raspberry_Pi/Pico_SDK_v1.5.1/pico-sdk/src/rp2_common/hardware_gpio/gpio.c.obj
 .comment       0x00000049       0x4a CMakeFiles/Robot_Arm.dir/ae783cfadb10a0055c655bcf0b179659/pico-sdk/src/rp2_common/pico_platform/platform.c.obj
 .comment       0x00000049       0x4a CMakeFiles/Robot_Arm.dir/ae783cfadb10a0055c655bcf0b179659/pico-sdk/src/rp2_common/hardware_claim/claim.c.obj
 .comment       0x00000049       0x4a CMakeFiles/Robot_Arm.dir/C_/Program_Files/Raspberry_Pi/Pico_SDK_v1.5.1/pico-sdk/src/rp2_common/hardware_sync/sync.c.obj
 .comment       0x00000049       0x4a CMakeFiles/Robot_Arm.dir/C_/Program_Files/Raspberry_Pi/Pico_SDK_v1.5.1/pico-sdk/src/rp2_common/hardware_irq/irq.c.obj
 .comment       0x00000049       0x4a CMakeFiles/Robot_Arm.dir/C_/Program_Files/Raspberry_Pi/Pico_SDK_v1.5.1/pico-sdk/src/common/pico_sync/lock_core.c.obj
 .comment       0x00000049       0x4a CMakeFiles/Robot_Arm.dir/C_/Program_Files/Raspberry_Pi/Pico_SDK_v1.5.1/pico-sdk/src/common/pico_sync/mutex.c.obj
 .comment       0x00000049       0x4a CMakeFiles/Robot_Arm.dir/C_/Program_Files/Raspberry_Pi/Pico_SDK_v1.5.1/pico-sdk/src/common/pico_time/time.c.obj
 .comment       0x00000049       0x4a CMakeFiles/Robot_Arm.dir/ae783cfadb10a0055c655bcf0b179659/pico-sdk/src/rp2_common/hardware_timer/timer.c.obj
 .comment       0x00000049       0x4a CMakeFiles/Robot_Arm.dir/C_/Program_Files/Raspberry_Pi/Pico_SDK_v1.5.1/pico-sdk/src/common/pico_util/pheap.c.obj
 .comment       0x00000049       0x4a CMakeFiles/Robot_Arm.dir/C_/Program_Files/Raspberry_Pi/Pico_SDK_v1.5.1/pico-sdk/src/rp2_common/hardware_uart/uart.c.obj
 .comment       0x00000049       0x4a CMakeFiles/Robot_Arm.dir/ae783cfadb10a0055c655bcf0b179659/pico-sdk/src/rp2_common/hardware_clocks/clocks.c.obj
 .comment       0x00000049       0x4a CMakeFiles/Robot_Arm.dir/C_/Program_Files/Raspberry_Pi/Pico_SDK_v1.5.1/pico-sdk/src/rp2_common/hardware_pll/pll.c.obj
 .comment       0x00000049       0x4a CMakeFiles/Robot_Arm.dir/ae783cfadb10a0055c655bcf0b179659/pico-sdk/src/rp2_common/hardware_watchdog/watchdog.c.obj
 .comment       0x00000049       0x4a CMakeFiles/Robot_Arm.dir/C_/Program_Files/Raspberry_Pi/Pico_SDK_v1.5.1/pico-sdk/src/rp2_common/hardware_xosc/xosc.c.obj
 .comment       0x00000049       0x4a CMakeFiles/Robot_Arm.dir/ae783cfadb10a0055c655bcf0b179659/pico-sdk/src/rp2_common/pico_runtime/runtime.c.obj
 .comment       0x00000049       0x4a CMakeFiles/Robot_Arm.dir/C_/Program_Files/Raspberry_Pi/Pico_SDK_v1.5.1/pico-sdk/src/rp2_common/pico_printf/printf.c.obj
 .comment       0x00000049       0x4a CMakeFiles/Robot_Arm.dir/ae783cfadb10a0055c655bcf0b179659/pico-sdk/src/rp2_common/pico_bootrom/bootrom.c.obj
 .comment       0x00000049       0x4a CMakeFiles/Robot_Arm.dir/ae783cfadb10a0055c655bcf0b179659/pico-sdk/src/rp2_common/pico_double/double_init_rom.c.obj
 .comment       0x00000049       0x4a CMakeFiles/Robot_Arm.dir/ae783cfadb10a0055c655bcf0b179659/pico-sdk/src/rp2_common/pico_float/float_init_rom.c.obj