Archive member included to satisfy reference by file (symbol)

C:/PROGRA~1/RASPBE~1/PICOSD~1.1/GCC-AR~1/lib/gcc/ARM-NO~1/103~1.1/thumb/v6-m/nofp\libgcc.a(_dvmd_tls.o)
                              CMakeFiles/rp2040_node.dir/C_/Program_Files/Raspberry_Pi/Pico_SDK_v1.5.1/pico-sdk/src/rp2_common/pico_divider/divider.S.obj (__aeabi_idiv0)
C:/PROGRA~1/RASPBE~1/PICOSD~1.1/GCC-AR~1/ARM-NO~1/lib/thumb/v6-m/nofp\libg.a(lib_a-calloc.o)
                              CMakeFiles/rp2040_node.dir/C_/Program_Files/Raspberry_Pi/Pico_SDK_v1.5.1/pico-sdk/src/rp2_common/pico_malloc/pico_malloc.c.obj (calloc)
C:/PROGRA~1/RASPBE~1/PICOSD~1.1/GCC-AR~1/ARM-NO~1/lib/thumb/v6-m/nofp\libg.a(lib_a-callocr.o)
                              C:/PROGRA~1/RASPBE~1/PICOSD~1.1/GCC-AR~1/ARM-NO~1/lib/thumb/v6-m/nofp\libg.a(lib_a-calloc.o) (_calloc_r)
C:/PROGRA~1/RASPBE~1/PICOSD~1.1/GCC-AR~1/ARM-NO~1/lib/thumb/v6-m/nofp\libg.a(lib_a-errno.o)
                              C:/PROGRA~1/RASPBE~1/PICOSD~1.1/GCC-AR~1/ARM-NO~1/lib/thumb/v6-m/nofp\libg.a(lib_a-callocr.o) (__errno)
C:/PROGRA~1/RASPBE~1/PICOSD~1.1/GCC-AR~1/ARM-NO~1/lib/thumb/v6-m/nofp\libg.a(lib_a-impure.o)
                              C:/PROGRA~1/RASPBE~1/PICOSD~1.1/GCC-AR~1/ARM-NO~1/lib/thumb/v6-m/nofp\libg.a(lib_a-calloc.o) (_impure_ptr)
C:/PROGRA~1/RASPBE~1/PICOSD~1.1/GCC-AR~1/ARM-NO~1/lib/thumb/v6-m/nofp\libg.a(lib_a-init.o)
                              c:/progra~1/raspbe~1/picosd~1.1/gcc-ar~1/bin/../lib/gcc/arm-none-eabi/10.3.1/../../../../arm-none-eabi/lib/thumb/v6-m/nofp/crt0.o (__libc_init_array)
C:/PROGRA~1/RASPBE~1/PICOSD~1.1/GCC-AR~1/ARM-NO~1/lib/thumb/v6-m/nofp\libg.a(lib_a-malloc.o)
                              CMakeFiles/rp2040_node.dir/C_/Program_Files/Raspberry_Pi/Pico_SDK_v1.5.1/pico-sdk/src/rp2_common/pico_malloc/pico_malloc.c.obj (malloc)
C:/PROGRA~1/RASPBE~1/PICOSD~1.1/GCC-AR~1/ARM-NO~1/lib/thumb/v6-m/nofp\libg.a(lib_a-mallocr.o)
                              C:/PROGRA~1/RASPBE~1/PICOSD~1.1/GCC-AR~1/ARM-NO~1/lib/thumb/v6-m/nofp\libg.a(lib_a-callocr.o) (_malloc_r)
C:/PROGRA~1/RASPBE~1/PICOSD~1.1/GCC-AR~1/ARM-NO~1/lib/thumb/v6-m/nofp\libg.a(lib_a-mlock.o)
                              C:/PROGRA~1/RASPBE~1/PICOSD~1.1/GCC-AR~1/ARM-NO~1/lib/thumb/v6-m/nofp\libg.a(lib_a-mallocr.o) (__malloc_lock)
C:/PROGRA~1/RASPBE~1/PICOSD~1.1/GCC-AR~1/ARM-NO~1/lib/thumb/v6-m/nofp\libg.a(lib_a-realloc.o)
                              CMakeFiles/rp2040_node.dir/C_/Program_Files/Raspberry_Pi/Pico_SDK_v1.5.1/pico-sdk/src/rp2_common/pico_malloc/pico_malloc.c.obj (realloc)
C:/PROGRA~1/RASPBE~1/PICOSD~1.1/GCC-AR~1/ARM-NO~1/lib/thumb/v6-m/nofp\libg.a(lib_a-reallocr.o)
                              C:/PROGRA~1/RASPBE~1/PICOSD~1.1/GCC-AR~1/ARM-NO~1/lib/thumb/v6-m/nofp\libg.a(lib_a-realloc.o) (_realloc_r)
C:/PROGRA~1/RASPBE~1/PICOSD~1.1/GCC-AR~1/ARM-NO~1/lib/thumb/v6-m/nofp\libg.a(lib_a-sbrkr.o)
                              C:/PROGRA~1/RASPBE~1/PICOSD~1.1/GCC-AR~1/ARM-NO~1/lib/thumb/v6-m/nofp\libg.a(lib_a-mallocr.o) (_sbrk_r)
C:/PROGRA~1/RASPBE~1/PICOSD~1.1/GCC-AR~1/ARM-NO~1/lib/thumb/v6-m/nofp\libg.a(lib_a-strlen-stub.o)
                              CMakeFiles/rp2040_node.dir/C_/Program_Files/Raspberry_Pi/Pico_SDK_v1.5.1/pico-sdk/src/rp2_common/pico_stdio/stdio.c.obj (strlen)
C:/PROGRA~1/RASPBE~1/PICOSD~1.1/GCC-AR~1/ARM-NO~1/lib/thumb/v6-m/nofp\libg.a(lib_a-freer.o)
                              C:/PROGRA~1/RASPBE~1/PICOSD~1.1/GCC-AR~1/ARM-NO~1/lib/thumb/v6-m/nofp\libg.a(lib_a-malloc.o) (_free_r)
C:/PROGRA~1/RASPBE~1/PICOSD~1.1/GCC-AR~1/ARM-NO~1/lib/thumb/v6-m/nofp\libg.a(lib_a-lock.o)
                              C:/PROGRA~1/RASPBE~1/PICOSD~1.1/GCC-AR~1/ARM-NO~1/lib/thumb/v6-m/nofp\libg.a(lib_a-mlock.o) (__retarget_lock_acquire_recursive)
C:/PROGRA~1/RASPBE~1/PICOSD~1.1/GCC-AR~1/ARM-NO~1/lib/thumb/v6-m/nofp\libg.a(lib_a-memmove.o)
                              C:/PROGRA~1/RASPBE~1/PICOSD~1.1/GCC-AR~1/ARM-NO~1/lib/thumb/v6-m/nofp\libg.a(lib_a-reallocr.o) (memmove)
C:/PROGRA~1/RASPBE~1/PICOSD~1.1/GCC-AR~1/ARM-NO~1/lib/thumb/v6-m/nofp\libg.a(lib_a-reent.o)
                              C:/PROGRA~1/RASPBE~1/PICOSD~1.1/GCC-AR~1/ARM-NO~1/lib/thumb/v6-m/nofp\libg.a(lib_a-sbrkr.o) (errno)

Discarded input sections

 .text          0x00000000        0x0 c:/progra~1/raspbe~1/picosd~1.1/gcc-ar~1/bin/../lib/gcc/arm-none-eabi/10.3.1/thumb/v6-m/nofp/crti.o
 .data          0x00000000        0x0 c:/progra~1/raspbe~1/picosd~1.1/gcc-ar~1/bin/../lib/gcc/arm-none-eabi/10.3.1/thumb/v6-m/nofp/crti.o
 .bss           0x00000000        0x0 c:/progra~1/raspbe~1/picosd~1.1/gcc-ar~1/bin/../lib/gcc/arm-none-eabi/10.3.1/thumb/v6-m/nofp/crti.o
 .data          0x00000000        0x4 c:/progra~1/raspbe~1/picosd~1.1/gcc-ar~1/bin/../lib/gcc/arm-none-eabi/10.3.1/thumb/v6-m/nofp/crtbegin.o
 .rodata        0x00000000       0x24 c:/progra~1/raspbe~1/picosd~1.1/gcc-ar~1/bin/../lib/gcc/arm-none-eabi/10.3.1/thumb/v6-m/nofp/crtbegin.o
[...]
Memory Configuration

Name             Origin             Length             Attributes
FLASH            0x10000000         0x00200000         xr
RAM              0x20000000         0x00040000         xrw
SCRATCH_X        0x20040000         0x00001000         xrw
SCRATCH_Y        0x20041000         0x00001000         xrw
*default*        0x00000000         0xffffffff

Linker script and memory map

LOAD c:/progra~1/raspbe~1/picosd~1.1/gcc-ar~1/bin/../lib/gcc/arm-none-eabi/10.3.1/thumb/v6-m/nofp/crti.o
LOAD c:/progra~1/raspbe~1/picosd~1.1/gcc-ar~1/bin/../lib/gcc/arm-none-eabi/10.3.1/thumb/v6-m/nofp/crtbegin.o
LOAD c:/progra~1/raspbe~1/picosd~1.1/gcc-ar~1/bin/../lib/gcc/arm-none-eabi/10.3.1/../../../../arm-none-eabi/lib/thumb/v6-m/nofp/crt0.o

.flash_begin    0x10000000        0x0
                0x10000000                __flash_binary_start = .

.boot2          0x10000000      0x100
                0x10000000                __boot2_start__ = .
 *(.boot2)
 .boot2         0x10000000      0x100 C:\Users\admin\AppData\Local\Temp\ccAPST4X.o
                0x10000100                __boot2_end__ = .
                0x00000001                ASSERT (((__boot2_end__ - __boot2_start__) == 0x100), ERROR: Pico second stage bootloader must be 256 bytes in size)

.text           0x10000100     0x77b0
                0x10000100                __logical_binary_start = .
 *(.vectors)
 .vectors       0x10000100       0xd4 CMakeFiles/rp2040_node.dir/C_/Program_Files/Raspberry_Pi/Pico_SDK_v1.5.1/pico-sdk/src/rp2_common/pico_standard_link/crt0.S.obj
                0x10000100                __VECTOR_TABLE
                0x10000100                __vectors
                0x100001c0                isr_invalid
                0x100001c0                __default_isrs_start
                0x100001c2                isr_nmi
                0x100001c4                isr_hardfault
                0x100001c6                isr_svcall
                0x100001c8                isr_pendsv
                0x100001ca                isr_systick
                0x100001cc                isr_irq23
                0x100001cc                isr_irq18
                0x100001cc                isr_irq11
                0x100001cc                isr_irq28
                0x100001cc                isr_irq19
                0x100001cc                isr_irq0
                0x100001cc                isr_irq6
                0x100001cc                isr_irq5
                0x100001cc                isr_irq12
                0x100001cc                isr_irq22
                0x100001cc                isr_irq31
                0x100001cc                isr_irq17
                0x100001cc                isr_irq27
                0x100001cc                isr_irq30
                0x100001cc                isr_irq2
                0x100001cc                isr_irq10
                0x100001cc                isr_irq8
                0x100001cc                isr_irq24
                0x100001cc                isr_irq1
                0x100001cc                isr_irq7
                0x100001cc                isr_irq21
                0x100001cc                isr_irq20
                0x100001cc                isr_irq15
                0x100001cc                isr_irq25
                0x100001cc                isr_irq13
                0x100001cc                __unhandled_user_irq
                0x100001cc                isr_irq4
                0x100001cc                isr_irq16
                0x100001cc                isr_irq29
                0x100001cc                isr_irq26
                0x100001cc                __default_isrs_end
                0x100001cc                isr_irq3
                0x100001cc                isr_irq14
                0x100001cc                isr_irq9
                0x100001d2                unhandled_user_irq_num_in_r0
 *(.binary_info_header)
 .binary_info_header
                0x100001d4       0x14 CMakeFiles/rp2040_node.dir/C_/Program_Files/Raspberry_Pi/Pico_SDK_v1.5.1/pico-sdk/src/rp2_common/pico_standard_link/crt0.S.obj
                0x100001e8                __binary_info_header_end = .
 *(.reset)
 .reset         0x100001e8       0xa0 CMakeFiles/rp2040_node.dir/C_/Program_Files/Raspberry_Pi/Pico_SDK_v1.5.1/pico-sdk/src/rp2_common/pico_standard_link/crt0.S.obj
                0x100001e8                _entry_point
 .reset         0x10000288       0x30 CMakeFiles/rp2040_node.dir/C_/Program_Files/Raspberry_Pi/Pico_SDK_v1.5.1/pico-sdk/src/rp2_common/pico_standard_link/binary_info.c.obj
 *(.init)
 .init          0x100002b8        0x4 c:/progra~1/raspbe~1/picosd~1.1/gcc-ar~1/bin/../lib/gcc/arm-none-eabi/10.3.1/thumb/v6-m/nofp/crti.o
                0x100002b8                _init
 *(EXCLUDE_FILE(*libm.a: *libc.a:*lib_a-mem*.o *libgcc.a:) .text*)
 .text          0x100002bc       0x48 c:/progra~1/raspbe~1/picosd~1.1/gcc-ar~1/bin/../lib/gcc/arm-none-eabi/10.3.1/thumb/v6-m/nofp/crtbegin.o
 .text._Z41__static_initialization_and_destruction_0ii
                0x10000304       0x30 CMakeFiles/rp2040_node.dir/src/rp2040_node.cpp.obj
 .text.main     0x10000334      0x13c CMakeFiles/rp2040_node.dir/src/rp2040_node.cpp.obj
                0x10000334                main
 .text._GLOBAL__sub_I_PI
                0x10000470       0x10 CMakeFiles/rp2040_node.dir/src/rp2040_node.cpp.obj
 .text._ZN7MCP2515C2EP8spi_insthhhhm
                0x10000480       0x94 CMakeFiles/rp2040_node.dir/D_/Subjects/CC3501/Arm/drivers/mcp2515/mcp2515.cpp.obj
                0x10000480                MCP2515::MCP2515(spi_inst*, unsigned char, unsigned char, unsigned char, unsigned char, unsigned long)
                0x10000480                MCP2515::MCP2515(spi_inst*, unsigned char, unsigned char, unsigned char, unsigned char, unsigned long)
 .text._ZN7MCP251512readRegisterENS_8REGISTERE
                0x10000514       0x5e CMakeFiles/rp2040_node.dir/D_/Subjects/CC3501/Arm/drivers/mcp2515/mcp2515.cpp.obj
                0x10000514                MCP2515::readRegister(MCP2515::REGISTER)
 .text._ZN7MCP251513readRegistersENS_8REGISTEREPhh
                0x10000572       0x64 CMakeFiles/rp2040_node.dir/D_/Subjects/CC3501/Arm/drivers/mcp2515/mcp2515.cpp.obj
                0x10000572                MCP2515::readRegisters(MCP2515::REGISTER, unsigned char*, unsigned char)
 .text._ZN7MCP251511setRegisterENS_8REGISTEREh
                0x100005d6       0x68 CMakeFiles/rp2040_node.dir/D_/Subjects/CC3501/Arm/drivers/mcp2515/mcp2515.cpp.obj
                0x100005d6                MCP2515::setRegister(MCP2515::REGISTER, unsigned char)
 .text._ZN7MCP251512setRegistersENS_8REGISTEREPKhh
                0x1000063e       0x62 CMakeFiles/rp2040_node.dir/D_/Subjects/CC3501/Arm/drivers/mcp2515/mcp2515.cpp.obj
                0x1000063e                MCP2515::setRegisters(MCP2515::REGISTER, unsigned char const*, unsigned char)
 .text._ZN7MCP251514modifyRegisterENS_8REGISTEREhh
                0x100006a0       0x52 CMakeFiles/rp2040_node.dir/D_/Subjects/CC3501/Arm/drivers/mcp2515/mcp2515.cpp.obj
                0x100006a0                MCP2515::modifyRegister(MCP2515::REGISTER, unsigned char, unsigned char)
 .text._ZN7MCP25159getStatusEv
                0x100006f2       0x58 CMakeFiles/rp2040_node.dir/D_/Subjects/CC3501/Arm/drivers/mcp2515/mcp2515.cpp.obj
                0x100006f2                MCP2515::getStatus()
 *fill*         0x1000074a        0x2 
 .text._ZN7MCP25157setModeENS_18CANCTRL_REQOP_MODEE
                0x1000074c       0xa4 CMakeFiles/rp2040_node.dir/D_/Subjects/CC3501/Arm/drivers/mcp2515/mcp2515.cpp.obj
                0x1000074c                MCP2515::setMode(MCP2515::CANCTRL_REQOP_MODE)
 .text._ZN7MCP251513setConfigModeEv
                0x100007f0        0xa CMakeFiles/rp2040_node.dir/D_/Subjects/CC3501/Arm/drivers/mcp2515/mcp2515.cpp.obj
                0x100007f0                MCP2515::setConfigMode()
 .text._ZN7MCP251513setNormalModeEv
                0x100007fa        0xa CMakeFiles/rp2040_node.dir/D_/Subjects/CC3501/Arm/drivers/mcp2515/mcp2515.cpp.obj
                0x100007fa                MCP2515::setNormalMode()
 .text._ZN7MCP251510setBitrateE9CAN_SPEED9CAN_CLOCK
                0x10000804      0x2e8 CMakeFiles/rp2040_node.dir/D_/Subjects/CC3501/Arm/drivers/mcp2515/mcp2515.cpp.obj
                0x10000804                MCP2515::setBitrate(CAN_SPEED, CAN_CLOCK)
 .text._ZN7MCP25159prepareIdEPhbm
                0x10000aec       0x40 CMakeFiles/rp2040_node.dir/D_/Subjects/CC3501/Arm/drivers/mcp2515/mcp2515.cpp.obj
                0x10000aec                MCP2515::prepareId(unsigned char*, bool, unsigned long)
 .text._ZN7MCP251513setFilterMaskENS_4MASKEbm
                0x10000b2c       0x44 CMakeFiles/rp2040_node.dir/D_/Subjects/CC3501/Arm/drivers/mcp2515/mcp2515.cpp.obj
                0x10000b2c                MCP2515::setFilterMask(MCP2515::MASK, bool, unsigned long)
 .text._ZN7MCP25159setFilterENS_3RXFEbm
                0x10000b70       0x58 CMakeFiles/rp2040_node.dir/D_/Subjects/CC3501/Arm/drivers/mcp2515/mcp2515.cpp.obj
                0x10000b70                MCP2515::setFilter(MCP2515::RXF, bool, unsigned long)
 .text._ZN7MCP25155resetEv
                0x10000bc8      0x10c CMakeFiles/rp2040_node.dir/D_/Subjects/CC3501/Arm/drivers/mcp2515/mcp2515.cpp.obj
                0x10000bc8                MCP2515::reset()
 .text._ZN7MCP251511sendMessageENS_4TXBnEPK9can_frame
                0x10000cd4       0xa4 CMakeFiles/rp2040_node.dir/D_/Subjects/CC3501/Arm/drivers/mcp2515/mcp2515.cpp.obj
                0x10000cd4                MCP2515::sendMessage(MCP2515::TXBn, can_frame const*)
 .text._ZN7MCP251511sendMessageEPK9can_frame
                0x10000d78       0x58 CMakeFiles/rp2040_node.dir/D_/Subjects/CC3501/Arm/drivers/mcp2515/mcp2515.cpp.obj
                0x10000d78                MCP2515::sendMessage(can_frame const*)
 .text._ZN7MCP251511readMessageENS_4RXBnEP9can_frame
                0x10000dd0       0xa8 CMakeFiles/rp2040_node.dir/D_/Subjects/CC3501/Arm/drivers/mcp2515/mcp2515.cpp.obj
                0x10000dd0                MCP2515::readMessage(MCP2515::RXBn, can_frame*)
 .text._ZN7MCP251511readMessageEP9can_frame
                0x10000e78       0x2e CMakeFiles/rp2040_node.dir/D_/Subjects/CC3501/Arm/drivers/mcp2515/mcp2515.cpp.obj
                0x10000e78                MCP2515::readMessage(can_frame*)
 *fill*         0x10000ea6        0x2 
 .text._Z41__static_initialization_and_destruction_0ii
                0x10000ea8       0x44 CMakeFiles/rp2040_node.dir/D_/Subjects/CC3501/Arm/drivers/LSM9DS1_driver/LSM9DS1_driver.cpp.obj
 .text._ZN13LSM9DS1DriverC2Ehhhh
                0x10000eec       0x10 CMakeFiles/rp2040_node.dir/D_/Subjects/CC3501/Arm/drivers/LSM9DS1_driver/LSM9DS1_driver.cpp.obj
                0x10000eec                LSM9DS1Driver::LSM9DS1Driver(unsigned char, unsigned char, unsigned char, unsigned char)
                0x10000eec                LSM9DS1Driver::LSM9DS1Driver(unsigned char, unsigned char, unsigned char, unsigned char)
 .text._ZN13LSM9DS1Driver14initialise_I2CEv
                0x10000efc       0x58 CMakeFiles/rp2040_node.dir/D_/Subjects/CC3501/Arm/drivers/LSM9DS1_driver/LSM9DS1_driver.cpp.obj
                0x10000efc                LSM9DS1Driver::initialise_I2C()
 .text._ZN13LSM9DS1Driver16readRegisters_AGEhPht
                0x10000f54       0x48 CMakeFiles/rp2040_node.dir/D_/Subjects/CC3501/Arm/drivers/LSM9DS1_driver/LSM9DS1_driver.cpp.obj
                0x10000f54                LSM9DS1Driver::readRegisters_AG(unsigned char, unsigned char*, unsigned short)
 .text._ZN13LSM9DS1Driver17writeRegisters_AGEhh
                0x10000f9c       0x28 CMakeFiles/rp2040_node.dir/D_/Subjects/CC3501/Arm/drivers/LSM9DS1_driver/LSM9DS1_driver.cpp.obj
                0x10000f9c                LSM9DS1Driver::writeRegisters_AG(unsigned char, unsigned char)
 .text._ZN13LSM9DS1Driver15readRegisters_MEhPht
                0x10000fc4       0x48 CMakeFiles/rp2040_node.dir/D_/Subjects/CC3501/Arm/drivers/LSM9DS1_driver/LSM9DS1_driver.cpp.obj
                0x10000fc4                LSM9DS1Driver::readRegisters_M(unsigned char, unsigned char*, unsigned short)
 .text._ZN13LSM9DS1Driver16writeRegisters_MEhh
                0x1000100c       0x28 CMakeFiles/rp2040_node.dir/D_/Subjects/CC3501/Arm/drivers/LSM9DS1_driver/LSM9DS1_driver.cpp.obj
                0x1000100c                LSM9DS1Driver::writeRegisters_M(unsigned char, unsigned char)
 .text._ZN13LSM9DS1Driver11readByte_AGEhh
                0x10001034       0x50 CMakeFiles/rp2040_node.dir/D_/Subjects/CC3501/Arm/drivers/LSM9DS1_driver/LSM9DS1_driver.cpp.obj
                0x10001034                LSM9DS1Driver::readByte_AG(unsigned char, unsigned char)
 .text._ZN13LSM9DS1Driver17WHO_AM_I_CHECK_AGEv
                0x10001084       0x24 CMakeFiles/rp2040_node.dir/D_/Subjects/CC3501/Arm/drivers/LSM9DS1_driver/LSM9DS1_driver.cpp.obj
                0x10001084                LSM9DS1Driver::WHO_AM_I_CHECK_AG()
 .text._ZN13LSM9DS1Driver16WHO_AM_I_CHECK_MEv
                0x100010a8       0x24 CMakeFiles/rp2040_node.dir/D_/Subjects/CC3501/Arm/drivers/LSM9DS1_driver/LSM9DS1_driver.cpp.obj
                0x100010a8                LSM9DS1Driver::WHO_AM_I_CHECK_M()
 .text._ZN13LSM9DS1Driver16configurelsm9ds1Ev
                0x100010cc       0xf8 CMakeFiles/rp2040_node.dir/D_/Subjects/CC3501/Arm/drivers/LSM9DS1_driver/LSM9DS1_driver.cpp.obj
                0x100010cc                LSM9DS1Driver::configurelsm9ds1()
 .text._ZN13LSM9DS1Driver25accelgyrocalibrateLSM9DS1EPfS0_
                0x100011c4      0x380 CMakeFiles/rp2040_node.dir/D_/Subjects/CC3501/Arm/drivers/LSM9DS1_driver/LSM9DS1_driver.cpp.obj
                0x100011c4                LSM9DS1Driver::accelgyrocalibrateLSM9DS1(float*, float*)
 .text._ZN13LSM9DS1Driver15selftestLSM9DS1Ev
                0x10001544      0x200 CMakeFiles/rp2040_node.dir/D_/Subjects/CC3501/Arm/drivers/LSM9DS1_driver/LSM9DS1_driver.cpp.obj
                0x10001544                LSM9DS1Driver::selftestLSM9DS1()
 .text._ZN13LSM9DS1Driver13magcalLSM9DS1EPf
                0x10001744      0x1e0 CMakeFiles/rp2040_node.dir/D_/Subjects/CC3501/Arm/drivers/LSM9DS1_driver/LSM9DS1_driver.cpp.obj
                0x10001744                LSM9DS1Driver::magcalLSM9DS1(float*)
 .text._ZN13LSM9DS1Driver13readAccelDataEPs
                0x10001924       0x38 CMakeFiles/rp2040_node.dir/D_/Subjects/CC3501/Arm/drivers/LSM9DS1_driver/LSM9DS1_driver.cpp.obj
                0x10001924                LSM9DS1Driver::readAccelData(short*)
 .text._ZN13LSM9DS1Driver12readGyroDataEPs
                0x1000195c       0x38 CMakeFiles/rp2040_node.dir/D_/Subjects/CC3501/Arm/drivers/LSM9DS1_driver/LSM9DS1_driver.cpp.obj
                0x1000195c                LSM9DS1Driver::readGyroData(short*)
 .text._ZN13LSM9DS1Driver11readMagDataEPs
                0x10001994       0x38 CMakeFiles/rp2040_node.dir/D_/Subjects/CC3501/Arm/drivers/LSM9DS1_driver/LSM9DS1_driver.cpp.obj
                0x10001994                LSM9DS1Driver::readMagData(short*)
 .text._ZN13LSM9DS1Driver7getMresEv
                0x100019cc       0x48 CMakeFiles/rp2040_node.dir/D_/Subjects/CC3501/Arm/drivers/LSM9DS1_driver/LSM9DS1_driver.cpp.obj
                0x100019cc                LSM9DS1Driver::getMres()
 .text._ZN13LSM9DS1Driver7getGresEv
                0x10001a14       0x40 CMakeFiles/rp2040_node.dir/D_/Subjects/CC3501/Arm/drivers/LSM9DS1_driver/LSM9DS1_driver.cpp.obj
                0x10001a14                LSM9DS1Driver::getGres()
 .text._ZN13LSM9DS1Driver7getAresEv
                0x10001a54       0x48 CMakeFiles/rp2040_node.dir/D_/Subjects/CC3501/Arm/drivers/LSM9DS1_driver/LSM9DS1_driver.cpp.obj
                0x10001a54                LSM9DS1Driver::getAres()
 .text._ZN13LSM9DS1Driver11CalibrateAGEv
                0x10001a9c      0x1d8 CMakeFiles/rp2040_node.dir/D_/Subjects/CC3501/Arm/drivers/LSM9DS1_driver/LSM9DS1_driver.cpp.obj
                0x10001a9c                LSM9DS1Driver::CalibrateAG()
 .text._ZN13LSM9DS1Driver12CalibrateMagEv
                0x10001c74      0x10c CMakeFiles/rp2040_node.dir/D_/Subjects/CC3501/Arm/drivers/LSM9DS1_driver/LSM9DS1_driver.cpp.obj
                0x10001c74                LSM9DS1Driver::CalibrateMag()
 .text._Z24MadgwickQuaternionUpdatefffffffff
                0x10001d80      0x9a8 CMakeFiles/rp2040_node.dir/D_/Subjects/CC3501/Arm/drivers/LSM9DS1_driver/LSM9DS1_driver.cpp.obj
                0x10001d80                MadgwickQuaternionUpdate(float, float, float, float, float, float, float, float, float)
 .text._ZN13LSM9DS1Driver7getdataEv
                0x10002728      0x530 CMakeFiles/rp2040_node.dir/D_/Subjects/CC3501/Arm/drivers/LSM9DS1_driver/LSM9DS1_driver.cpp.obj
                0x10002728                LSM9DS1Driver::getdata()
 .text._GLOBAL__sub_I_LSM9DS1_ADDR_AG
                0x10002c58       0x10 CMakeFiles/rp2040_node.dir/D_/Subjects/CC3501/Arm/drivers/LSM9DS1_driver/LSM9DS1_driver.cpp.obj
 .text.gpio_set_function
                0x10002c68       0x30 CMakeFiles/rp2040_node.dir/C_/Program_Files/Raspberry_Pi/Pico_SDK_v1.5.1/pico-sdk/src/rp2_common/hardware_gpio/gpio.c.obj
                0x10002c68                gpio_set_function
 .text.gpio_set_pulls
                0x10002c98       0x34 CMakeFiles/rp2040_node.dir/C_/Program_Files/Raspberry_Pi/Pico_SDK_v1.5.1/pico-sdk/src/rp2_common/hardware_gpio/gpio.c.obj
                0x10002c98                gpio_set_pulls
 .text.gpio_init
                0x10002ccc       0x16 CMakeFiles/rp2040_node.dir/C_/Program_Files/Raspberry_Pi/Pico_SDK_v1.5.1/pico-sdk/src/rp2_common/hardware_gpio/gpio.c.obj
                0x10002ccc                gpio_init
 *fill*         0x10002ce2        0x2 
 .text.running_on_fpga
                0x10002ce4       0x14 CMakeFiles/rp2040_node.dir/C_/Program_Files/Raspberry_Pi/Pico_SDK_v1.5.1/pico-sdk/src/rp2_common/pico_platform/platform.c.obj
                0x10002ce4                running_on_fpga
 .text.hw_claim_lock
                0x10002cf8       0x18 CMakeFiles/rp2040_node.dir/C_/Program_Files/Raspberry_Pi/Pico_SDK_v1.5.1/pico-sdk/src/rp2_common/hardware_claim/claim.c.obj
                0x10002cf8                hw_claim_lock
 .text.hw_claim_unlock
                0x10002d10       0x14 CMakeFiles/rp2040_node.dir/C_/Program_Files/Raspberry_Pi/Pico_SDK_v1.5.1/pico-sdk/src/rp2_common/hardware_claim/claim.c.obj
                0x10002d10                hw_claim_unlock
 .text.hw_claim_or_assert
                0x10002d24       0x32 CMakeFiles/rp2040_node.dir/C_/Program_Files/Raspberry_Pi/Pico_SDK_v1.5.1/pico-sdk/src/rp2_common/hardware_claim/claim.c.obj
                0x10002d24                hw_claim_or_assert
 *fill*         0x10002d56        0x2 
 .text.spin_locks_reset
                0x10002d58       0x20 CMakeFiles/rp2040_node.dir/C_/Program_Files/Raspberry_Pi/Pico_SDK_v1.5.1/pico-sdk/src/rp2_common/hardware_sync/sync.c.obj
                0x10002d58                spin_locks_reset
 .text.next_striped_spin_lock_num
                0x10002d78       0x1c CMakeFiles/rp2040_node.dir/C_/Program_Files/Raspberry_Pi/Pico_SDK_v1.5.1/pico-sdk/src/rp2_common/hardware_sync/sync.c.obj
                0x10002d78                next_striped_spin_lock_num
 .text.set_raw_irq_handler_and_unlock
                0x10002d94       0x28 CMakeFiles/rp2040_node.dir/C_/Program_Files/Raspberry_Pi/Pico_SDK_v1.5.1/pico-sdk/src/rp2_common/hardware_irq/irq.c.obj
 .text.make_branch
                0x10002dbc       0x48 CMakeFiles/rp2040_node.dir/C_/Program_Files/Raspberry_Pi/Pico_SDK_v1.5.1/pico-sdk/src/rp2_common/hardware_irq/irq.c.obj
 .text.insert_branch_and_link
                0x10002e04       0x40 CMakeFiles/rp2040_node.dir/C_/Program_Files/Raspberry_Pi/Pico_SDK_v1.5.1/pico-sdk/src/rp2_common/hardware_irq/irq.c.obj
 .text.irq_is_enabled
                0x10002e44       0x18 CMakeFiles/rp2040_node.dir/C_/Program_Files/Raspberry_Pi/Pico_SDK_v1.5.1/pico-sdk/src/rp2_common/hardware_irq/irq.c.obj
                0x10002e44                irq_is_enabled
 .text.irq_set_mask_enabled
                0x10002e5c       0x20 CMakeFiles/rp2040_node.dir/C_/Program_Files/Raspberry_Pi/Pico_SDK_v1.5.1/pico-sdk/src/rp2_common/hardware_irq/irq.c.obj
                0x10002e5c                irq_set_mask_enabled
 .text.irq_set_enabled
                0x10002e7c        0xe CMakeFiles/rp2040_node.dir/C_/Program_Files/Raspberry_Pi/Pico_SDK_v1.5.1/pico-sdk/src/rp2_common/hardware_irq/irq.c.obj
                0x10002e7c                irq_set_enabled
 *fill*         0x10002e8a        0x2 
 .text.irq_get_vtable_handler
                0x10002e8c       0x10 CMakeFiles/rp2040_node.dir/C_/Program_Files/Raspberry_Pi/Pico_SDK_v1.5.1/pico-sdk/src/rp2_common/hardware_irq/irq.c.obj
                0x10002e8c                irq_get_vtable_handler
 .text.irq_set_exclusive_handler
                0x10002e9c       0x54 CMakeFiles/rp2040_node.dir/C_/Program_Files/Raspberry_Pi/Pico_SDK_v1.5.1/pico-sdk/src/rp2_common/hardware_irq/irq.c.obj
                0x10002e9c                irq_set_exclusive_handler
 .text.irq_remove_handler
                0x10002ef0      0x1ac CMakeFiles/rp2040_node.dir/C_/Program_Files/Raspberry_Pi/Pico_SDK_v1.5.1/pico-sdk/src/rp2_common/hardware_irq/irq.c.obj
                0x10002ef0                irq_remove_handler
 .text.irq_add_tail_to_free_list
                0x1000309c       0xf0 CMakeFiles/rp2040_node.dir/C_/Program_Files/Raspberry_Pi/Pico_SDK_v1.5.1/pico-sdk/src/rp2_common/hardware_irq/irq.c.obj
                0x1000309c                irq_add_tail_to_free_list
 .text.irq_init_priorities
                0x1000318c       0x1c CMakeFiles/rp2040_node.dir/C_/Program_Files/Raspberry_Pi/Pico_SDK_v1.5.1/pico-sdk/src/rp2_common/hardware_irq/irq.c.obj
                0x1000318c                irq_init_priorities
 .text.lock_init
                0x100031a8       0x10 CMakeFiles/rp2040_node.dir/C_/Program_Files/Raspberry_Pi/Pico_SDK_v1.5.1/pico-sdk/src/common/pico_sync/lock_core.c.obj
                0x100031a8                lock_init
 .text.mutex_init
                0x100031b8       0x1a CMakeFiles/rp2040_node.dir/C_/Program_Files/Raspberry_Pi/Pico_SDK_v1.5.1/pico-sdk/src/common/pico_sync/mutex.c.obj
                0x100031b8                mutex_init
 .text.recursive_mutex_init
                0x100031d2       0x1e CMakeFiles/rp2040_node.dir/C_/Program_Files/Raspberry_Pi/Pico_SDK_v1.5.1/pico-sdk/src/common/pico_sync/mutex.c.obj
                0x100031d2                recursive_mutex_init
 .text.alarm_pool_post_alloc_init
                0x100031f0       0x40 CMakeFiles/rp2040_node.dir/C_/Program_Files/Raspberry_Pi/Pico_SDK_v1.5.1/pico-sdk/src/common/pico_time/time.c.obj
 .text.sleep_until_callback
                0x10003230       0x30 CMakeFiles/rp2040_node.dir/C_/Program_Files/Raspberry_Pi/Pico_SDK_v1.5.1/pico-sdk/src/common/pico_time/time.c.obj
 .text.timer_pool_entry_comparator
                0x10003260       0x7c CMakeFiles/rp2040_node.dir/C_/Program_Files/Raspberry_Pi/Pico_SDK_v1.5.1/pico-sdk/src/common/pico_time/time.c.obj
                0x10003260                timer_pool_entry_comparator
 .text.ph_add_child_node
                0x100032dc       0xa4 CMakeFiles/rp2040_node.dir/C_/Program_Files/Raspberry_Pi/Pico_SDK_v1.5.1/pico-sdk/src/common/pico_time/time.c.obj
 .text.ph_merge_nodes
                0x10003380       0x3e CMakeFiles/rp2040_node.dir/C_/Program_Files/Raspberry_Pi/Pico_SDK_v1.5.1/pico-sdk/src/common/pico_time/time.c.obj
 *fill*         0x100033be        0x2 
 .text.add_alarm_under_lock
                0x100033c0      0x174 CMakeFiles/rp2040_node.dir/C_/Program_Files/Raspberry_Pi/Pico_SDK_v1.5.1/pico-sdk/src/common/pico_time/time.c.obj
 .text.alarm_pool_alarm_callback
                0x10003534      0x33c CMakeFiles/rp2040_node.dir/C_/Program_Files/Raspberry_Pi/Pico_SDK_v1.5.1/pico-sdk/src/common/pico_time/time.c.obj
 .text.alarm_pool_init_default
                0x10003870       0x40 CMakeFiles/rp2040_node.dir/C_/Program_Files/Raspberry_Pi/Pico_SDK_v1.5.1/pico-sdk/src/common/pico_time/time.c.obj
                0x10003870                alarm_pool_init_default
 .text.alarm_pool_get_default
                0x100038b0       0x2c CMakeFiles/rp2040_node.dir/C_/Program_Files/Raspberry_Pi/Pico_SDK_v1.5.1/pico-sdk/src/common/pico_time/time.c.obj
                0x100038b0                alarm_pool_get_default
 .text.alarm_pool_add_alarm_at
                0x100038dc      0x168 CMakeFiles/rp2040_node.dir/C_/Program_Files/Raspberry_Pi/Pico_SDK_v1.5.1/pico-sdk/src/common/pico_time/time.c.obj
                0x100038dc                alarm_pool_add_alarm_at
 .text.alarm_pool_cancel_alarm
                0x10003a44       0xf8 CMakeFiles/rp2040_node.dir/C_/Program_Files/Raspberry_Pi/Pico_SDK_v1.5.1/pico-sdk/src/common/pico_time/time.c.obj
                0x10003a44                alarm_pool_cancel_alarm
 .text.sleep_until
                0x10003b3c       0xfc CMakeFiles/rp2040_node.dir/C_/Program_Files/Raspberry_Pi/Pico_SDK_v1.5.1/pico-sdk/src/common/pico_time/time.c.obj
                0x10003b3c                sleep_until
 .text.sleep_us
                0x10003c38       0x58 CMakeFiles/rp2040_node.dir/C_/Program_Files/Raspberry_Pi/Pico_SDK_v1.5.1/pico-sdk/src/common/pico_time/time.c.obj
                0x10003c38                sleep_us
 .text.sleep_ms
                0x10003c90       0x14 CMakeFiles/rp2040_node.dir/C_/Program_Files/Raspberry_Pi/Pico_SDK_v1.5.1/pico-sdk/src/common/pico_time/time.c.obj
                0x10003c90                sleep_ms
 .text.best_effort_wfe_or_timeout
                0x10003ca4       0xac CMakeFiles/rp2040_node.dir/C_/Program_Files/Raspberry_Pi/Pico_SDK_v1.5.1/pico-sdk/src/common/pico_time/time.c.obj
                0x10003ca4                best_effort_wfe_or_timeout
 .text.hardware_alarm_irq_handler
                0x10003d50       0x90 CMakeFiles/rp2040_node.dir/C_/Program_Files/Raspberry_Pi/Pico_SDK_v1.5.1/pico-sdk/src/rp2_common/hardware_timer/timer.c.obj
 .text.hardware_alarm_claim
                0x10003de0       0x18 CMakeFiles/rp2040_node.dir/C_/Program_Files/Raspberry_Pi/Pico_SDK_v1.5.1/pico-sdk/src/rp2_common/hardware_timer/timer.c.obj
                0x10003de0                hardware_alarm_claim
 .text.time_us_64
                0x10003df8       0x18 CMakeFiles/rp2040_node.dir/C_/Program_Files/Raspberry_Pi/Pico_SDK_v1.5.1/pico-sdk/src/rp2_common/hardware_timer/timer.c.obj
                0x10003df8                time_us_64
 .text.busy_wait_until
                0x10003e10       0x28 CMakeFiles/rp2040_node.dir/C_/Program_Files/Raspberry_Pi/Pico_SDK_v1.5.1/pico-sdk/src/rp2_common/hardware_timer/timer.c.obj
                0x10003e10                busy_wait_until
 .text.busy_wait_us
                0x10003e38       0x48 CMakeFiles/rp2040_node.dir/C_/Program_Files/Raspberry_Pi/Pico_SDK_v1.5.1/pico-sdk/src/rp2_common/hardware_timer/timer.c.obj
                0x10003e38                busy_wait_us
 .text.hardware_alarm_set_callback
                0x10003e80       0x90 CMakeFiles/rp2040_node.dir/C_/Program_Files/Raspberry_Pi/Pico_SDK_v1.5.1/pico-sdk/src/rp2_common/hardware_timer/timer.c.obj
                0x10003e80                hardware_alarm_set_callback
 .text.hardware_alarm_set_target
                0x10003f10       0xe8 CMakeFiles/rp2040_node.dir/C_/Program_Files/Raspberry_Pi/Pico_SDK_v1.5.1/pico-sdk/src/rp2_common/hardware_timer/timer.c.obj
                0x10003f10                hardware_alarm_set_target
 .text.hardware_alarm_cancel
                0x10003ff8       0x40 CMakeFiles/rp2040_node.dir/C_/Program_Files/Raspberry_Pi/Pico_SDK_v1.5.1/pico-sdk/src/rp2_common/hardware_timer/timer.c.obj
                0x10003ff8                hardware_alarm_cancel
 .text.ph_add_child_node
                0x10004038       0xa4 CMakeFiles/rp2040_node.dir/C_/Program_Files/Raspberry_Pi/Pico_SDK_v1.5.1/pico-sdk/src/common/pico_util/pheap.c.obj
 .text.ph_merge_nodes
                0x100040dc       0x3e CMakeFiles/rp2040_node.dir/C_/Program_Files/Raspberry_Pi/Pico_SDK_v1.5.1/pico-sdk/src/common/pico_util/pheap.c.obj
 *fill*         0x1000411a        0x2 
 .text.ph_clear
                0x1000411c       0x70 CMakeFiles/rp2040_node.dir/C_/Program_Files/Raspberry_Pi/Pico_SDK_v1.5.1/pico-sdk/src/common/pico_util/pheap.c.obj
                0x1000411c                ph_clear
 .text.ph_post_alloc_init
                0x1000418c        0xe CMakeFiles/rp2040_node.dir/C_/Program_Files/Raspberry_Pi/Pico_SDK_v1.5.1/pico-sdk/src/common/pico_util/pheap.c.obj
                0x1000418c                ph_post_alloc_init
 *fill*         0x1000419a        0x2 
 .text.ph_merge_two_pass
                0x1000419c       0xa8 CMakeFiles/rp2040_node.dir/C_/Program_Files/Raspberry_Pi/Pico_SDK_v1.5.1/pico-sdk/src/common/pico_util/pheap.c.obj
                0x1000419c                ph_merge_two_pass
 .text.ph_remove_any_head
                0x10004244      0x128 CMakeFiles/rp2040_node.dir/C_/Program_Files/Raspberry_Pi/Pico_SDK_v1.5.1/pico-sdk/src/common/pico_util/pheap.c.obj
 .text.ph_remove_head
                0x1000436c       0x14 CMakeFiles/rp2040_node.dir/C_/Program_Files/Raspberry_Pi/Pico_SDK_v1.5.1/pico-sdk/src/common/pico_util/pheap.c.obj
                0x1000436c                ph_remove_head
 .text.ph_remove_and_free_node
                0x10004380       0xf8 CMakeFiles/rp2040_node.dir/C_/Program_Files/Raspberry_Pi/Pico_SDK_v1.5.1/pico-sdk/src/common/pico_util/pheap.c.obj
                0x10004380                ph_remove_and_free_node
 .text.uart_disable_before_lcr_write
                0x10004478       0x48 CMakeFiles/rp2040_node.dir/C_/Program_Files/Raspberry_Pi/Pico_SDK_v1.5.1/pico-sdk/src/rp2_common/hardware_uart/uart.c.obj
 .text.uart_write_lcr_bits_masked
                0x100044c0       0x22 CMakeFiles/rp2040_node.dir/C_/Program_Files/Raspberry_Pi/Pico_SDK_v1.5.1/pico-sdk/src/rp2_common/hardware_uart/uart.c.obj
 *fill*         0x100044e2        0x2 
 .text.uart_set_baudrate
                0x100044e4       0x5c CMakeFiles/rp2040_node.dir/C_/Program_Files/Raspberry_Pi/Pico_SDK_v1.5.1/pico-sdk/src/rp2_common/hardware_uart/uart.c.obj
                0x100044e4                uart_set_baudrate
 .text.uart_set_format
                0x10004540       0x2c CMakeFiles/rp2040_node.dir/C_/Program_Files/Raspberry_Pi/Pico_SDK_v1.5.1/pico-sdk/src/rp2_common/hardware_uart/uart.c.obj
                0x10004540                uart_set_format
 .text.uart_set_translate_crlf
                0x1000456c       0x28 CMakeFiles/rp2040_node.dir/C_/Program_Files/Raspberry_Pi/Pico_SDK_v1.5.1/pico-sdk/src/rp2_common/hardware_uart/uart.c.obj
                0x1000456c                uart_set_translate_crlf
 .text.uart_init
                0x10004594       0x80 CMakeFiles/rp2040_node.dir/C_/Program_Files/Raspberry_Pi/Pico_SDK_v1.5.1/pico-sdk/src/rp2_common/hardware_uart/uart.c.obj
                0x10004594                uart_init
 .text.clock_configure
                0x10004614      0x108 CMakeFiles/rp2040_node.dir/C_/Program_Files/Raspberry_Pi/Pico_SDK_v1.5.1/pico-sdk/src/rp2_common/hardware_clocks/clocks.c.obj
                0x10004614                clock_configure
 .text.clocks_init
                0x1000471c      0x100 CMakeFiles/rp2040_node.dir/C_/Program_Files/Raspberry_Pi/Pico_SDK_v1.5.1/pico-sdk/src/rp2_common/hardware_clocks/clocks.c.obj
                0x1000471c                clocks_init
 .text.clock_get_hz
                0x1000481c        0xc CMakeFiles/rp2040_node.dir/C_/Program_Files/Raspberry_Pi/Pico_SDK_v1.5.1/pico-sdk/src/rp2_common/hardware_clocks/clocks.c.obj
                0x1000481c                clock_get_hz
 .text.pll_init
                0x10004828      0x120 CMakeFiles/rp2040_node.dir/C_/Program_Files/Raspberry_Pi/Pico_SDK_v1.5.1/pico-sdk/src/rp2_common/hardware_pll/pll.c.obj
                0x10004828                pll_init
 .text.watchdog_start_tick
                0x10004948       0x10 CMakeFiles/rp2040_node.dir/C_/Program_Files/Raspberry_Pi/Pico_SDK_v1.5.1/pico-sdk/src/rp2_common/hardware_watchdog/watchdog.c.obj
                0x10004948                watchdog_start_tick
 .text.xosc_init
                0x10004958       0x2c CMakeFiles/rp2040_node.dir/C_/Program_Files/Raspberry_Pi/Pico_SDK_v1.5.1/pico-sdk/src/rp2_common/hardware_xosc/xosc.c.obj
                0x10004958                xosc_init
 .text._exit    0x10004984        0x4 CMakeFiles/rp2040_node.dir/C_/Program_Files/Raspberry_Pi/Pico_SDK_v1.5.1/pico-sdk/src/rp2_common/pico_runtime/runtime.c.obj
                0x10004984                _exit
 .text.exit     0x10004988        0x6 CMakeFiles/rp2040_node.dir/C_/Program_Files/Raspberry_Pi/Pico_SDK_v1.5.1/pico-sdk/src/rp2_common/pico_runtime/runtime.c.obj
                0x10004988                exit
 *fill*         0x1000498e        0x2 
 .text.__assert_func
                0x10004990       0x3c CMakeFiles/rp2040_node.dir/C_/Program_Files/Raspberry_Pi/Pico_SDK_v1.5.1/pico-sdk/src/rp2_common/pico_runtime/runtime.c.obj
                0x10004990                __assert_func
 .text.runtime_init
                0x100049cc       0xf8 CMakeFiles/rp2040_node.dir/C_/Program_Files/Raspberry_Pi/Pico_SDK_v1.5.1/pico-sdk/src/rp2_common/pico_runtime/runtime.c.obj
                0x100049cc                runtime_init
 .text.panic    0x10004ac4       0x30 CMakeFiles/rp2040_node.dir/C_/Program_Files/Raspberry_Pi/Pico_SDK_v1.5.1/pico-sdk/src/rp2_common/pico_runtime/runtime.c.obj
                0x10004ac4                panic
 .text._out_null
                0x10004af4        0x2 CMakeFiles/rp2040_node.dir/C_/Program_Files/Raspberry_Pi/Pico_SDK_v1.5.1/pico-sdk/src/rp2_common/pico_printf/printf.c.obj
 .text._out_fct
                0x10004af6        0xe CMakeFiles/rp2040_node.dir/C_/Program_Files/Raspberry_Pi/Pico_SDK_v1.5.1/pico-sdk/src/rp2_common/pico_printf/printf.c.obj
 .text._atoi    0x10004b04       0x24 CMakeFiles/rp2040_node.dir/C_/Program_Files/Raspberry_Pi/Pico_SDK_v1.5.1/pico-sdk/src/rp2_common/pico_printf/printf.c.obj
 .text._out_rev
                0x10004b28       0xae CMakeFiles/rp2040_node.dir/C_/Program_Files/Raspberry_Pi/Pico_SDK_v1.5.1/pico-sdk/src/rp2_common/pico_printf/printf.c.obj
 .text._ntoa_format
                0x10004bd6      0x112 CMakeFiles/rp2040_node.dir/C_/Program_Files/Raspberry_Pi/Pico_SDK_v1.5.1/pico-sdk/src/rp2_common/pico_printf/printf.c.obj
 .text._ntoa_long
                0x10004ce8       0xbc CMakeFiles/rp2040_node.dir/C_/Program_Files/Raspberry_Pi/Pico_SDK_v1.5.1/pico-sdk/src/rp2_common/pico_printf/printf.c.obj
 .text._ntoa_long_long
                0x10004da4       0xe2 CMakeFiles/rp2040_node.dir/C_/Program_Files/Raspberry_Pi/Pico_SDK_v1.5.1/pico-sdk/src/rp2_common/pico_printf/printf.c.obj
 *fill*         0x10004e86        0x2 
 .text._etoa    0x10004e88      0x414 CMakeFiles/rp2040_node.dir/C_/Program_Files/Raspberry_Pi/Pico_SDK_v1.5.1/pico-sdk/src/rp2_common/pico_printf/printf.c.obj
 .text._ftoa    0x1000529c      0x354 CMakeFiles/rp2040_node.dir/C_/Program_Files/Raspberry_Pi/Pico_SDK_v1.5.1/pico-sdk/src/rp2_common/pico_printf/printf.c.obj
 .text._vsnprintf
                0x100055f0      0x624 CMakeFiles/rp2040_node.dir/C_/Program_Files/Raspberry_Pi/Pico_SDK_v1.5.1/pico-sdk/src/rp2_common/pico_printf/printf.c.obj
 .text.vfctprintf
                0x10005c14       0x20 CMakeFiles/rp2040_node.dir/C_/Program_Files/Raspberry_Pi/Pico_SDK_v1.5.1/pico-sdk/src/rp2_common/pico_printf/printf.c.obj
                0x10005c14                vfctprintf
 .text          0x10005c34       0x10 CMakeFiles/rp2040_node.dir/C_/Program_Files/Raspberry_Pi/Pico_SDK_v1.5.1/pico-sdk/src/rp2_common/pico_bit_ops/bit_ops_aeabi.S.obj
 .text.rom_func_lookup
                0x10005c44       0x10 CMakeFiles/rp2040_node.dir/C_/Program_Files/Raspberry_Pi/Pico_SDK_v1.5.1/pico-sdk/src/rp2_common/pico_bootrom/bootrom.c.obj
                0x10005c44                rom_func_lookup
 .text.rom_data_lookup
                0x10005c54       0x10 CMakeFiles/rp2040_node.dir/C_/Program_Files/Raspberry_Pi/Pico_SDK_v1.5.1/pico-sdk/src/rp2_common/pico_bootrom/bootrom.c.obj
                0x10005c54                rom_data_lookup
 .text.rom_funcs_lookup
                0x10005c64       0x36 CMakeFiles/rp2040_node.dir/C_/Program_Files/Raspberry_Pi/Pico_SDK_v1.5.1/pico-sdk/src/rp2_common/pico_bootrom/bootrom.c.obj
                0x10005c64                rom_funcs_lookup
 *fill*         0x10005c9a        0x2 
 .text.__wrap___aeabi_idiv
                0x10005c9c       0x50 CMakeFiles/rp2040_node.dir/C_/Program_Files/Raspberry_Pi/Pico_SDK_v1.5.1/pico-sdk/src/rp2_common/pico_divider/divider.S.obj
                0x10005c9c                __wrap___aeabi_idivmod
                0x10005c9c                divmod_s32s32
                0x10005c9c                div_s32s32
                0x10005c9c                __wrap___aeabi_idiv
                0x10005ca4                divmod_s32s32_unsafe
                0x10005cd0                divmod_s32s32_savestate
 .text.__wrap___aeabi_uidiv
                0x10005cec       0x4c CMakeFiles/rp2040_node.dir/C_/Program_Files/Raspberry_Pi/Pico_SDK_v1.5.1/pico-sdk/src/rp2_common/pico_divider/divider.S.obj
                0x10005cec                __wrap___aeabi_uidiv
                0x10005cec                __wrap___aeabi_uidivmod
                0x10005cec                div_u32u32
                0x10005cec                divmod_u32u32
                0x10005cf4                divmod_u32u32_unsafe
                0x10005d1c                divmod_u32u32_savestate
 .text.__wrap___aeabi_ldiv
                0x10005d38      0x424 CMakeFiles/rp2040_node.dir/C_/Program_Files/Raspberry_Pi/Pico_SDK_v1.5.1/pico-sdk/src/rp2_common/pico_divider/divider.S.obj
                0x10005d38                div_s64s64
                0x10005d38                divmod_s64s64
                0x10005d38                __wrap___aeabi_ldivmod
                0x10005d68                divmod_u64u64
                0x10005d68                div_u64u64
                0x10005d68                __wrap___aeabi_uldivmod
                0x10005d78                divmod_u64u64_savestate
                0x10005d98                divmod_s64s64_unsafe
                0x10005e20                divmod_u64u64_unsafe
 .text.__wrap___aeabi_darithmetic
                0x1000615c       0x80 CMakeFiles/rp2040_node.dir/C_/Program_Files/Raspberry_Pi/Pico_SDK_v1.5.1/pico-sdk/src/rp2_common/pico_double/double_aeabi.S.obj
                0x1000615c                __wrap___aeabi_drsub
                0x10006162                __wrap___aeabi_dsub
                0x10006174                __wrap___aeabi_dadd
                0x10006186                __wrap___aeabi_ddiv
                0x100061c2                __wrap___aeabi_dmul
 .text.__wrap___aeabi_cdcmple
                0x100061dc       0x6c CMakeFiles/rp2040_node.dir/C_/Program_Files/Raspberry_Pi/Pico_SDK_v1.5.1/pico-sdk/src/rp2_common/pico_double/double_aeabi.S.obj
                0x100061dc                __wrap___aeabi_cdrcmple
                0x100061ec                __wrap___aeabi_cdcmpeq
                0x100061ec                __wrap___aeabi_cdcmple
 .text.__wrap___aeabi_dcmplt
                0x10006248        0xc CMakeFiles/rp2040_node.dir/C_/Program_Files/Raspberry_Pi/Pico_SDK_v1.5.1/pico-sdk/src/rp2_common/pico_double/double_aeabi.S.obj
                0x10006248                __wrap___aeabi_dcmplt
 .text.__wrap___aeabi_dcmple
                0x10006254       0x10 CMakeFiles/rp2040_node.dir/C_/Program_Files/Raspberry_Pi/Pico_SDK_v1.5.1/pico-sdk/src/rp2_common/pico_double/double_aeabi.S.obj
                0x10006254                __wrap___aeabi_dcmple
 .text.__wrap___aeabi_dcmpge
                0x10006264       0x10 CMakeFiles/rp2040_node.dir/C_/Program_Files/Raspberry_Pi/Pico_SDK_v1.5.1/pico-sdk/src/rp2_common/pico_double/double_aeabi.S.obj
                0x10006264                __wrap___aeabi_dcmpge
 .text.__wrap___aeabi_dcmpgt
                0x10006274        0xa CMakeFiles/rp2040_node.dir/C_/Program_Files/Raspberry_Pi/Pico_SDK_v1.5.1/pico-sdk/src/rp2_common/pico_double/double_aeabi.S.obj
                0x10006274                __wrap___aeabi_dcmpgt
 .text.__wrap___aeabi_dcmpun
                0x1000627e       0x1c CMakeFiles/rp2040_node.dir/C_/Program_Files/Raspberry_Pi/Pico_SDK_v1.5.1/pico-sdk/src/rp2_common/pico_double/double_aeabi.S.obj
                0x1000627e                __wrap___aeabi_dcmpun
 *fill*         0x1000629a        0x2 
 .text.__wrap___aeabi_i2d
                0x1000629c       0x38 CMakeFiles/rp2040_node.dir/C_/Program_Files/Raspberry_Pi/Pico_SDK_v1.5.1/pico-sdk/src/rp2_common/pico_double/double_aeabi.S.obj
                0x1000629c                __wrap___aeabi_ui2d
                0x100062a4                __wrap___aeabi_i2d
 .text.__wrap___aeabi_d2iz
                0x100062d4       0x48 CMakeFiles/rp2040_node.dir/C_/Program_Files/Raspberry_Pi/Pico_SDK_v1.5.1/pico-sdk/src/rp2_common/pico_double/double_aeabi.S.obj
                0x100062d4                double2int_z
                0x100062d4                __wrap___aeabi_d2iz
 .text.__wrap___aeabi_d2uiz
                0x1000631c       0x18 CMakeFiles/rp2040_node.dir/C_/Program_Files/Raspberry_Pi/Pico_SDK_v1.5.1/pico-sdk/src/rp2_common/pico_double/double_aeabi.S.obj
                0x1000631c                __wrap___aeabi_d2uiz
                0x1000631c                double2uint
 .text.__wrap___aeabi_d2f
                0x10006334       0x18 CMakeFiles/rp2040_node.dir/C_/Program_Files/Raspberry_Pi/Pico_SDK_v1.5.1/pico-sdk/src/rp2_common/pico_double/double_aeabi.S.obj
                0x10006334                __wrap___aeabi_d2f
 .text.__aeabi_double_init
                0x1000634c       0xc8 CMakeFiles/rp2040_node.dir/C_/Program_Files/Raspberry_Pi/Pico_SDK_v1.5.1/pico-sdk/src/rp2_common/pico_double/double_init_rom.c.obj
                0x1000634c                __aeabi_double_init
 .text.double_table_shim_on_use_helper
                0x10006414       0x34 CMakeFiles/rp2040_node.dir/C_/Program_Files/Raspberry_Pi/Pico_SDK_v1.5.1/pico-sdk/src/rp2_common/pico_double/double_v1_rom_shim.S.obj
                0x10006414                double_table_shim_on_use_helper
 .text.__wrap___aeabi_dsub
                0x10006448       0x10 CMakeFiles/rp2040_node.dir/C_/Program_Files/Raspberry_Pi/Pico_SDK_v1.5.1/pico-sdk/src/rp2_common/pico_double/double_v1_rom_shim.S.obj
                0x10006448                drsub_shim
                0x1000644e                dsub_shim
 .text.dadd_shim
                0x10006458      0x15c CMakeFiles/rp2040_node.dir/C_/Program_Files/Raspberry_Pi/Pico_SDK_v1.5.1/pico-sdk/src/rp2_common/pico_double/double_v1_rom_shim.S.obj
                0x10006458                dadd_shim
 .text.dmul_shim
                0x100065b4      0x15c CMakeFiles/rp2040_node.dir/C_/Program_Files/Raspberry_Pi/Pico_SDK_v1.5.1/pico-sdk/src/rp2_common/pico_double/double_v1_rom_shim.S.obj
                0x100065b4                dmul_shim
 .text.ddiv_shim
                0x10006710      0x1b0 CMakeFiles/rp2040_node.dir/C_/Program_Files/Raspberry_Pi/Pico_SDK_v1.5.1/pico-sdk/src/rp2_common/pico_double/double_v1_rom_shim.S.obj
                0x10006710                ddiv_shim
 .text.double2uint_shim
                0x100068c0        0xe CMakeFiles/rp2040_node.dir/C_/Program_Files/Raspberry_Pi/Pico_SDK_v1.5.1/pico-sdk/src/rp2_common/pico_double/double_v1_rom_shim.S.obj
                0x100068c0                double2uint_shim
                0x100068c2                double2ufix_shim
 *fill*         0x100068ce        0x2 
 .text.double2uint64_shim
                0x100068d0       0x70 CMakeFiles/rp2040_node.dir/C_/Program_Files/Raspberry_Pi/Pico_SDK_v1.5.1/pico-sdk/src/rp2_common/pico_double/double_v1_rom_shim.S.obj
                0x100068d0                double2uint64_shim
                0x100068d2                double2ufix64_shim
                0x100068f2                d2fix_a
 .text.double2float_shim
                0x10006940       0x5c CMakeFiles/rp2040_node.dir/C_/Program_Files/Raspberry_Pi/Pico_SDK_v1.5.1/pico-sdk/src/rp2_common/pico_double/double_v1_rom_shim.S.obj
                0x10006940                double2float_shim
 .text.dunpacks
                0x1000699c       0x3c CMakeFiles/rp2040_node.dir/C_/Program_Files/Raspberry_Pi/Pico_SDK_v1.5.1/pico-sdk/src/rp2_common/pico_double/double_v1_rom_shim.S.obj
                0x1000699c                dunpacks
 .text.__aeabi_lmul
                0x100069d8       0x32 CMakeFiles/rp2040_node.dir/C_/Program_Files/Raspberry_Pi/Pico_SDK_v1.5.1/pico-sdk/src/rp2_common/pico_int64_ops/pico_int64_ops_aeabi.S.obj
                0x100069d8                __wrap___aeabi_lmul
 *fill*         0x10006a0a        0x2 
 .text.__wrap___aeabi_farithmetic
                0x10006a0c       0x58 CMakeFiles/rp2040_node.dir/C_/Program_Files/Raspberry_Pi/Pico_SDK_v1.5.1/pico-sdk/src/rp2_common/pico_float/float_aeabi.S.obj
                0x10006a0c                __wrap___aeabi_frsub
                0x10006a12                __wrap___aeabi_fsub
                0x10006a1c                __wrap___aeabi_fadd
                0x10006a26                __wrap___aeabi_fdiv
                0x10006a52                __wrap___aeabi_fmul
 .text.__wrap___aeabi_cfcmple
                0x10006a64       0x50 CMakeFiles/rp2040_node.dir/C_/Program_Files/Raspberry_Pi/Pico_SDK_v1.5.1/pico-sdk/src/rp2_common/pico_float/float_aeabi.S.obj
                0x10006a64                __wrap___aeabi_cfrcmple
                0x10006a70                __wrap___aeabi_cfcmple
                0x10006a70                __wrap___aeabi_cfcmpeq
 .text.__wrap___aeabi_fcmpeq
                0x10006ab4       0x10 CMakeFiles/rp2040_node.dir/C_/Program_Files/Raspberry_Pi/Pico_SDK_v1.5.1/pico-sdk/src/rp2_common/pico_float/float_aeabi.S.obj
                0x10006ab4                __wrap___aeabi_fcmpeq
 .text.__wrap___aeabi_ui2f
                0x10006ac4        0xa CMakeFiles/rp2040_node.dir/C_/Program_Files/Raspberry_Pi/Pico_SDK_v1.5.1/pico-sdk/src/rp2_common/pico_float/float_aeabi.S.obj
                0x10006ac4                __wrap___aeabi_ui2f
 *fill*         0x10006ace        0x2 
 .text.__wrap___aeabi_i2f
                0x10006ad0       0x44 CMakeFiles/rp2040_node.dir/C_/Program_Files/Raspberry_Pi/Pico_SDK_v1.5.1/pico-sdk/src/rp2_common/pico_float/float_aeabi.S.obj
                0x10006ad0                __wrap___aeabi_i2f
 .text.__wrap___aeabi_ul2f
                0x10006b14       0x20 CMakeFiles/rp2040_node.dir/C_/Program_Files/Raspberry_Pi/Pico_SDK_v1.5.1/pico-sdk/src/rp2_common/pico_float/float_aeabi.S.obj
                0x10006b18                __wrap___aeabi_ul2f
 .text.__wrap___aeabi_f2d
                0x10006b34       0x14 CMakeFiles/rp2040_node.dir/C_/Program_Files/Raspberry_Pi/Pico_SDK_v1.5.1/pico-sdk/src/rp2_common/pico_float/float_aeabi.S.obj
                0x10006b34                __wrap___aeabi_f2d
 .text.__wrap_sqrtf
                0x10006b48       0x24 CMakeFiles/rp2040_node.dir/C_/Program_Files/Raspberry_Pi/Pico_SDK_v1.5.1/pico-sdk/src/rp2_common/pico_float/float_aeabi.S.obj
                0x10006b48                __wrap_sqrtf
 .text.__wrap_atan2f
                0x10006b6c       0x14 CMakeFiles/rp2040_node.dir/C_/Program_Files/Raspberry_Pi/Pico_SDK_v1.5.1/pico-sdk/src/rp2_common/pico_float/float_aeabi.S.obj
                0x10006b6c                __wrap_atan2f
 .text.__aeabi_float_init
                0x10006b80       0xfc CMakeFiles/rp2040_node.dir/C_/Program_Files/Raspberry_Pi/Pico_SDK_v1.5.1/pico-sdk/src/rp2_common/pico_float/float_init_rom.c.obj
                0x10006b80                __aeabi_float_init
 .text.__wrap_asinf
                0x10006c7c       0x42 CMakeFiles/rp2040_node.dir/C_/Program_Files/Raspberry_Pi/Pico_SDK_v1.5.1/pico-sdk/src/rp2_common/pico_float/float_math.c.obj
                0x10006c7c                __wrap_asinf
 *fill*         0x10006cbe        0x2 
 .text.float_table_shim_on_use_helper
                0x10006cc0       0x34 CMakeFiles/rp2040_node.dir/C_/Program_Files/Raspberry_Pi/Pico_SDK_v1.5.1/pico-sdk/src/rp2_common/pico_float/float_v1_rom_shim.S.obj
                0x10006cc0                float_table_shim_on_use_helper
 .text.642float_shims
                0x10006cf4       0x44 CMakeFiles/rp2040_node.dir/C_/Program_Files/Raspberry_Pi/Pico_SDK_v1.5.1/pico-sdk/src/rp2_common/pico_float/float_v1_rom_shim.S.obj
                0x10006cf4                uint642float_shim
                0x10006cf6                ufix642float_shim
                0x10006d06                int642float_shim
                0x10006d08                fix642float_shim
 .text.fatan2_shim
                0x10006d38       0x88 CMakeFiles/rp2040_node.dir/C_/Program_Files/Raspberry_Pi/Pico_SDK_v1.5.1/pico-sdk/src/rp2_common/pico_float/float_v1_rom_shim.S.obj
                0x10006d38                fatan2_shim
 .text.float2double_shim
                0x10006dc0       0x30 CMakeFiles/rp2040_node.dir/C_/Program_Files/Raspberry_Pi/Pico_SDK_v1.5.1/pico-sdk/src/rp2_common/pico_float/float_v1_rom_shim.S.obj
                0x10006dc0                float2double_shim
 .text          0x10006df0       0x10 CMakeFiles/rp2040_node.dir/C_/Program_Files/Raspberry_Pi/Pico_SDK_v1.5.1/pico-sdk/src/rp2_common/pico_mem_ops/mem_ops_aeabi.S.obj
                0x10006df0                __aeabi_mem_init
 .text.memset   0x10006e00        0xc CMakeFiles/rp2040_node.dir/C_/Program_Files/Raspberry_Pi/Pico_SDK_v1.5.1/pico-sdk/src/rp2_common/pico_mem_ops/mem_ops_aeabi.S.obj
                0x10006e00                __wrap_memset
 .text.memcpy   0x10006e0c        0xc CMakeFiles/rp2040_node.dir/C_/Program_Files/Raspberry_Pi/Pico_SDK_v1.5.1/pico-sdk/src/rp2_common/pico_mem_ops/mem_ops_aeabi.S.obj
                0x10006e0c                __wrap_memcpy
                0x10006e0c                __wrap___aeabi_memcpy
 .text.stdio_out_chars_no_crlf
                0x10006e18        0xe CMakeFiles/rp2040_node.dir/C_/Program_Files/Raspberry_Pi/Pico_SDK_v1.5.1/pico-sdk/src/rp2_common/pico_stdio/stdio.c.obj
 *fill*         0x10006e26        0x2 
 .text.stdio_out_chars_crlf
                0x10006e28       0x80 CMakeFiles/rp2040_node.dir/C_/Program_Files/Raspberry_Pi/Pico_SDK_v1.5.1/pico-sdk/src/rp2_common/pico_stdio/stdio.c.obj
 .text.stdio_stack_buffer_flush
                0x10006ea8       0x44 CMakeFiles/rp2040_node.dir/C_/Program_Files/Raspberry_Pi/Pico_SDK_v1.5.1/pico-sdk/src/rp2_common/pico_stdio/stdio.c.obj
 .text.stdio_buffered_printer
                0x10006eec       0x20 CMakeFiles/rp2040_node.dir/C_/Program_Files/Raspberry_Pi/Pico_SDK_v1.5.1/pico-sdk/src/rp2_common/pico_stdio/stdio.c.obj
 .text.stdout_serialize_begin
                0x10006f0c       0x5c CMakeFiles/rp2040_node.dir/C_/Program_Files/Raspberry_Pi/Pico_SDK_v1.5.1/pico-sdk/src/rp2_common/pico_stdio/stdio.c.obj
                0x10006f0c                stdout_serialize_begin
 .text.stdout_serialize_end
                0x10006f68       0x10 CMakeFiles/rp2040_node.dir/C_/Program_Files/Raspberry_Pi/Pico_SDK_v1.5.1/pico-sdk/src/rp2_common/pico_stdio/stdio.c.obj
                0x10006f68                stdout_serialize_end
 .text.stdio_put_string
                0x10006f78       0x98 CMakeFiles/rp2040_node.dir/C_/Program_Files/Raspberry_Pi/Pico_SDK_v1.5.1/pico-sdk/src/rp2_common/pico_stdio/stdio.c.obj
 .text.__wrap_putchar
                0x10007010       0x1c CMakeFiles/rp2040_node.dir/C_/Program_Files/Raspberry_Pi/Pico_SDK_v1.5.1/pico-sdk/src/rp2_common/pico_stdio/stdio.c.obj
                0x10007010                __wrap_putchar
 .text.stdio_set_driver_enabled
                0x1000702c       0x2c CMakeFiles/rp2040_node.dir/C_/Program_Files/Raspberry_Pi/Pico_SDK_v1.5.1/pico-sdk/src/rp2_common/pico_stdio/stdio.c.obj
                0x1000702c                stdio_set_driver_enabled
 .text.stdio_flush
                0x10007058       0x20 CMakeFiles/rp2040_node.dir/C_/Program_Files/Raspberry_Pi/Pico_SDK_v1.5.1/pico-sdk/src/rp2_common/pico_stdio/stdio.c.obj
                0x10007058                stdio_flush
 .text.__wrap_puts
                0x10007078       0x1e CMakeFiles/rp2040_node.dir/C_/Program_Files/Raspberry_Pi/Pico_SDK_v1.5.1/pico-sdk/src/rp2_common/pico_stdio/stdio.c.obj
                0x10007078                __wrap_puts
 *fill*         0x10007096        0x2 
 .text.__wrap_vprintf
                0x10007098       0x40 CMakeFiles/rp2040_node.dir/C_/Program_Files/Raspberry_Pi/Pico_SDK_v1.5.1/pico-sdk/src/rp2_common/pico_stdio/stdio.c.obj
                0x10007098                __wrap_vprintf
 .text.__wrap_printf
                0x100070d8       0x18 CMakeFiles/rp2040_node.dir/C_/Program_Files/Raspberry_Pi/Pico_SDK_v1.5.1/pico-sdk/src/rp2_common/pico_stdio/stdio.c.obj
                0x100070d8                __wrap_printf
 .text.stdio_init_all
                0x100070f0        0xa CMakeFiles/rp2040_node.dir/C_/Program_Files/Raspberry_Pi/Pico_SDK_v1.5.1/pico-sdk/src/rp2_common/pico_stdio/stdio.c.obj
                0x100070f0                stdio_init_all
 *fill*         0x100070fa        0x2 
 .text.stdio_uart_out_chars
                0x100070fc       0x74 CMakeFiles/rp2040_node.dir/C_/Program_Files/Raspberry_Pi/Pico_SDK_v1.5.1/pico-sdk/src/rp2_common/pico_stdio_uart/stdio_uart.c.obj
 .text.stdio_uart_in_chars
                0x10007170       0x80 CMakeFiles/rp2040_node.dir/C_/Program_Files/Raspberry_Pi/Pico_SDK_v1.5.1/pico-sdk/src/rp2_common/pico_stdio_uart/stdio_uart.c.obj
                0x10007170                stdio_uart_in_chars
 .text.on_uart_rx
                0x100071f0       0x28 CMakeFiles/rp2040_node.dir/C_/Program_Files/Raspberry_Pi/Pico_SDK_v1.5.1/pico-sdk/src/rp2_common/pico_stdio_uart/stdio_uart.c.obj
 .text.stdio_uart_set_chars_available_callback
                0x10007218       0x8c CMakeFiles/rp2040_node.dir/C_/Program_Files/Raspberry_Pi/Pico_SDK_v1.5.1/pico-sdk/src/rp2_common/pico_stdio_uart/stdio_uart.c.obj
 .text.stdio_uart_init_full
                0x100072a4       0x44 CMakeFiles/rp2040_node.dir/C_/Program_Files/Raspberry_Pi/Pico_SDK_v1.5.1/pico-sdk/src/rp2_common/pico_stdio_uart/stdio_uart.c.obj
                0x100072a4                stdio_uart_init_full
 .text.stdio_uart_init
                0x100072e8       0x28 CMakeFiles/rp2040_node.dir/C_/Program_Files/Raspberry_Pi/Pico_SDK_v1.5.1/pico-sdk/src/rp2_common/pico_stdio_uart/stdio_uart.c.obj
                0x100072e8                stdio_uart_init
 .text.spi_set_baudrate
                0x10007310       0xcc CMakeFiles/rp2040_node.dir/C_/Program_Files/Raspberry_Pi/Pico_SDK_v1.5.1/pico-sdk/src/rp2_common/hardware_spi/spi.c.obj
                0x10007310                spi_set_baudrate
 .text.spi_init
                0x100073dc       0x74 CMakeFiles/rp2040_node.dir/C_/Program_Files/Raspberry_Pi/Pico_SDK_v1.5.1/pico-sdk/src/rp2_common/hardware_spi/spi.c.obj
                0x100073dc                spi_init
 .text.i2c_write_blocking_internal
                0x10007450      0x140 CMakeFiles/rp2040_node.dir/C_/Program_Files/Raspberry_Pi/Pico_SDK_v1.5.1/pico-sdk/src/rp2_common/hardware_i2c/i2c.c.obj
 .text.i2c_read_blocking_internal
                0x10007590       0xe6 CMakeFiles/rp2040_node.dir/C_/Program_Files/Raspberry_Pi/Pico_SDK_v1.5.1/pico-sdk/src/rp2_common/hardware_i2c/i2c.c.obj
 *fill*         0x10007676        0x2 
 .text.i2c_set_baudrate
                0x10007678       0xf0 CMakeFiles/rp2040_node.dir/C_/Program_Files/Raspberry_Pi/Pico_SDK_v1.5.1/pico-sdk/src/rp2_common/hardware_i2c/i2c.c.obj
                0x10007678                i2c_set_baudrate
 .text.i2c_init
                0x10007768       0x58 CMakeFiles/rp2040_node.dir/C_/Program_Files/Raspberry_Pi/Pico_SDK_v1.5.1/pico-sdk/src/rp2_common/hardware_i2c/i2c.c.obj
                0x10007768                i2c_init
 .text.i2c_write_blocking
                0x100077c0       0x18 CMakeFiles/rp2040_node.dir/C_/Program_Files/Raspberry_Pi/Pico_SDK_v1.5.1/pico-sdk/src/rp2_common/hardware_i2c/i2c.c.obj
                0x100077c0                i2c_write_blocking
 .text.i2c_read_blocking
                0x100077d8       0x18 CMakeFiles/rp2040_node.dir/C_/Program_Files/Raspberry_Pi/Pico_SDK_v1.5.1/pico-sdk/src/rp2_common/hardware_i2c/i2c.c.obj
                0x100077d8                i2c_read_blocking
 .text.strlen   0x100077f0       0x5c C:/PROGRA~1/RASPBE~1/PICOSD~1.1/GCC-AR~1/ARM-NO~1/lib/thumb/v6-m/nofp\libg.a(lib_a-strlen-stub.o)
                0x100077f0                strlen
 *(.fini)
 .fini          0x1000784c        0x4 c:/progra~1/raspbe~1/picosd~1.1/gcc-ar~1/bin/../lib/gcc/arm-none-eabi/10.3.1/thumb/v6-m/nofp/crti.o
                0x1000784c                _fini
 .fini.__stub   0x10007850       0x60 linker stubs
 *crtbegin.o(.ctors)
 *crtbegin?.o(.ctors)
 *(EXCLUDE_FILE(*crtend.o *crtend?.o) .ctors)
 *(SORT_BY_NAME(.ctors.*))
 *(.ctors)
 *crtbegin.o(.dtors)
 *crtbegin?.o(.dtors)
 *(EXCLUDE_FILE(*crtend.o *crtend?.o) .dtors)
 *(SORT_BY_NAME(.dtors.*))
 *(.dtors)
 *(.eh_frame*)
 .eh_frame      0x100078b0        0x0 c:/progra~1/raspbe~1/picosd~1.1/gcc-ar~1/bin/../lib/gcc/arm-none-eabi/10.3.1/thumb/v6-m/nofp/crtbegin.o
                0x100078b0                . = ALIGN (0x4)

.glue_7         0x100078b0        0x0
 .glue_7        0x100078b0        0x0 linker stubs

.glue_7t        0x100078b0        0x0
 .glue_7t       0x100078b0        0x0 linker stubs

.vfp11_veneer   0x100078b0        0x0
 .vfp11_veneer  0x100078b0        0x0 linker stubs

.v4_bx          0x100078b0        0x0
 .v4_bx         0x100078b0        0x0 linker stubs

.iplt           0x100078b0        0x0
 .iplt          0x100078b0        0x0 c:/progra~1/raspbe~1/picosd~1.1/gcc-ar~1/bin/../lib/gcc/arm-none-eabi/10.3.1/thumb/v6-m/nofp/crtbegin.o

.rodata         0x100078b0     0x15d0
 *(EXCLUDE_FILE(*libm.a: *libc.a:*lib_a-mem*.o *libgcc.a:) .rodata*)
 .rodata.main.str1.4
                0x100078b0       0x19 CMakeFiles/rp2040_node.dir/src/rp2040_node.cpp.obj
 *fill*         0x100078c9        0x3 
 .rodata._ZN7MCP25157setModeENS_18CANCTRL_REQOP_MODEE.str1.4
                0x100078cc       0xb5 CMakeFiles/rp2040_node.dir/D_/Subjects/CC3501/Arm/drivers/mcp2515/mcp2515.cpp.obj
 *fill*         0x10007981        0x3 
 .rodata._ZN7MCP251510setBitrateE9CAN_SPEED9CAN_CLOCK
                0x10007984       0xb0 CMakeFiles/rp2040_node.dir/D_/Subjects/CC3501/Arm/drivers/mcp2515/mcp2515.cpp.obj
 .rodata._ZN7MCP25159setFilterENS_3RXFEbm
                0x10007a34       0x18 CMakeFiles/rp2040_node.dir/D_/Subjects/CC3501/Arm/drivers/mcp2515/mcp2515.cpp.obj
 .rodata        0x10007a4c        0xb CMakeFiles/rp2040_node.dir/D_/Subjects/CC3501/Arm/drivers/mcp2515/mcp2515.cpp.obj
 *fill*         0x10007a57        0x1 
 .rodata._ZN7MCP25153RXBE
                0x10007a58        0x8 CMakeFiles/rp2040_node.dir/D_/Subjects/CC3501/Arm/drivers/mcp2515/mcp2515.cpp.obj
                0x10007a58                MCP2515::RXB
 .rodata._ZN7MCP25153TXBE
                0x10007a60        0x9 CMakeFiles/rp2040_node.dir/D_/Subjects/CC3501/Arm/drivers/mcp2515/mcp2515.cpp.obj
                0x10007a60                MCP2515::TXB
 *fill*         0x10007a69        0x3 
 .rodata._ZN13LSM9DS1Driver17WHO_AM_I_CHECK_AGEv.str1.4
                0x10007a6c       0x15 CMakeFiles/rp2040_node.dir/D_/Subjects/CC3501/Arm/drivers/LSM9DS1_driver/LSM9DS1_driver.cpp.obj
 *fill*         0x10007a81        0x3 
 .rodata._ZN13LSM9DS1Driver16WHO_AM_I_CHECK_MEv.str1.4
                0x10007a84       0x16 CMakeFiles/rp2040_node.dir/D_/Subjects/CC3501/Arm/drivers/LSM9DS1_driver/LSM9DS1_driver.cpp.obj
 *fill*         0x10007a9a        0x2 
 .rodata._ZN13LSM9DS1Driver16configurelsm9ds1Ev.str1.4
                0x10007a9c       0x15 CMakeFiles/rp2040_node.dir/D_/Subjects/CC3501/Arm/drivers/LSM9DS1_driver/LSM9DS1_driver.cpp.obj
 *fill*         0x10007ab1        0x3 
 .rodata._ZN13LSM9DS1Driver15selftestLSM9DS1Ev.str1.4
                0x10007ab4       0xbb CMakeFiles/rp2040_node.dir/D_/Subjects/CC3501/Arm/drivers/LSM9DS1_driver/LSM9DS1_driver.cpp.obj
 *fill*         0x10007b6f        0x1 
 .rodata._ZN13LSM9DS1Driver13magcalLSM9DS1EPf.str1.4
                0x10007b70       0x53 CMakeFiles/rp2040_node.dir/D_/Subjects/CC3501/Arm/drivers/LSM9DS1_driver/LSM9DS1_driver.cpp.obj
 *fill*         0x10007bc3        0x1 
 .rodata._ZN13LSM9DS1Driver11CalibrateAGEv.str1.4
                0x10007bc4      0x148 CMakeFiles/rp2040_node.dir/D_/Subjects/CC3501/Arm/drivers/LSM9DS1_driver/LSM9DS1_driver.cpp.obj
 .rodata._ZN13LSM9DS1Driver12CalibrateMagEv.str1.4
                0x10007d0c       0xbd CMakeFiles/rp2040_node.dir/D_/Subjects/CC3501/Arm/drivers/LSM9DS1_driver/LSM9DS1_driver.cpp.obj
 *fill*         0x10007dc9        0x3 
 .rodata        0x10007dcc        0x6 CMakeFiles/rp2040_node.dir/D_/Subjects/CC3501/Arm/drivers/LSM9DS1_driver/LSM9DS1_driver.cpp.obj
 *fill*         0x10007dd2        0x2 
 .rodata.make_branch.str1.4
                0x10007dd4       0x89 CMakeFiles/rp2040_node.dir/C_/Program_Files/Raspberry_Pi/Pico_SDK_v1.5.1/pico-sdk/src/rp2_common/hardware_irq/irq.c.obj
 *fill*         0x10007e5d        0x3 
 .rodata.insert_branch_and_link.str1.4
                0x10007e60       0x10 CMakeFiles/rp2040_node.dir/C_/Program_Files/Raspberry_Pi/Pico_SDK_v1.5.1/pico-sdk/src/rp2_common/hardware_irq/irq.c.obj
 .rodata.irq_set_exclusive_handler.str1.4
                0x10007e70       0x36 CMakeFiles/rp2040_node.dir/C_/Program_Files/Raspberry_Pi/Pico_SDK_v1.5.1/pico-sdk/src/rp2_common/hardware_irq/irq.c.obj
 *fill*         0x10007ea6        0x2 
 .rodata.irq_add_shared_handler.str1.4
                0x10007ea8       0xd9 CMakeFiles/rp2040_node.dir/C_/Program_Files/Raspberry_Pi/Pico_SDK_v1.5.1/pico-sdk/src/rp2_common/hardware_irq/irq.c.obj
 *fill*         0x10007f81        0x3 
 .rodata.irq_remove_handler.str1.4
                0x10007f84       0x3a CMakeFiles/rp2040_node.dir/C_/Program_Files/Raspberry_Pi/Pico_SDK_v1.5.1/pico-sdk/src/rp2_common/hardware_irq/irq.c.obj
 *fill*         0x10007fbe        0x2 
 .rodata.irq_add_tail_to_free_list.str1.4
                0x10007fc0       0x3a CMakeFiles/rp2040_node.dir/C_/Program_Files/Raspberry_Pi/Pico_SDK_v1.5.1/pico-sdk/src/rp2_common/hardware_irq/irq.c.obj
 *fill*         0x10007ffa        0x2 
 .rodata.__func__.0
                0x10007ffc       0x1a CMakeFiles/rp2040_node.dir/C_/Program_Files/Raspberry_Pi/Pico_SDK_v1.5.1/pico-sdk/src/rp2_common/hardware_irq/irq.c.obj
 *fill*         0x10008016        0x2 
 .rodata.__func__.1
                0x10008018       0x17 CMakeFiles/rp2040_node.dir/C_/Program_Files/Raspberry_Pi/Pico_SDK_v1.5.1/pico-sdk/src/rp2_common/hardware_irq/irq.c.obj
 *fill*         0x1000802f        0x1 
 .rodata.__func__.2
                0x10008030       0x13 CMakeFiles/rp2040_node.dir/C_/Program_Files/Raspberry_Pi/Pico_SDK_v1.5.1/pico-sdk/src/rp2_common/hardware_irq/irq.c.obj
 *fill*         0x10008043        0x1 
 .rodata.__func__.3
                0x10008044        0xc CMakeFiles/rp2040_node.dir/C_/Program_Files/Raspberry_Pi/Pico_SDK_v1.5.1/pico-sdk/src/rp2_common/hardware_irq/irq.c.obj
 .rodata.__func__.4
                0x10008050        0xf CMakeFiles/rp2040_node.dir/C_/Program_Files/Raspberry_Pi/Pico_SDK_v1.5.1/pico-sdk/src/rp2_common/hardware_irq/irq.c.obj
 *fill*         0x1000805f        0x1 
 .rodata.__func__.6
                0x10008060       0x1a CMakeFiles/rp2040_node.dir/C_/Program_Files/Raspberry_Pi/Pico_SDK_v1.5.1/pico-sdk/src/rp2_common/hardware_irq/irq.c.obj
 *fill*         0x1000807a        0x2 
 .rodata.str1.4
                0x1000807c       0xa5 CMakeFiles/rp2040_node.dir/C_/Program_Files/Raspberry_Pi/Pico_SDK_v1.5.1/pico-sdk/src/common/pico_sync/mutex.c.obj
                                0x125 (size before relaxing)
 *fill*         0x10008121        0x3 
 .rodata.__func__.1
                0x10008124        0xb CMakeFiles/rp2040_node.dir/C_/Program_Files/Raspberry_Pi/Pico_SDK_v1.5.1/pico-sdk/src/common/pico_sync/mutex.c.obj
 *fill*         0x1000812f        0x1 
 .rodata.__func__.3
                0x10008130       0x18 CMakeFiles/rp2040_node.dir/C_/Program_Files/Raspberry_Pi/Pico_SDK_v1.5.1/pico-sdk/src/common/pico_sync/mutex.c.obj
 .rodata.repeating_timer_callback.str1.4
                0x10008148       0x67 CMakeFiles/rp2040_node.dir/C_/Program_Files/Raspberry_Pi/Pico_SDK_v1.5.1/pico-sdk/src/common/pico_time/time.c.obj
 *fill*         0x100081af        0x1 
 .rodata.timer_pool_entry_comparator.str1.4
                0x100081b0       0x22 CMakeFiles/rp2040_node.dir/C_/Program_Files/Raspberry_Pi/Pico_SDK_v1.5.1/pico-sdk/src/common/pico_time/time.c.obj
 *fill*         0x100081d2        0x2 
 .rodata.ph_add_child_node.str1.4
                0x100081d4       0xb2 CMakeFiles/rp2040_node.dir/C_/Program_Files/Raspberry_Pi/Pico_SDK_v1.5.1/pico-sdk/src/common/pico_time/time.c.obj
 *fill*         0x10008286        0x2 
 .rodata.add_alarm_under_lock.str1.4
                0x10008288       0x28 CMakeFiles/rp2040_node.dir/C_/Program_Files/Raspberry_Pi/Pico_SDK_v1.5.1/pico-sdk/src/common/pico_time/time.c.obj
                                 0x2b (size before relaxing)
 .rodata.alarm_pool_alarm_callback.str1.4
                0x100082b0       0x98 CMakeFiles/rp2040_node.dir/C_/Program_Files/Raspberry_Pi/Pico_SDK_v1.5.1/pico-sdk/src/common/pico_time/time.c.obj
                                0x118 (size before relaxing)
 .rodata.alarm_pool_get_default.str1.4
                0x10008348       0x21 CMakeFiles/rp2040_node.dir/C_/Program_Files/Raspberry_Pi/Pico_SDK_v1.5.1/pico-sdk/src/common/pico_time/time.c.obj
 *fill*         0x10008369        0x3 
 .rodata.alarm_pool_cancel_alarm.str1.4
                0x1000836c       0x27 CMakeFiles/rp2040_node.dir/C_/Program_Files/Raspberry_Pi/Pico_SDK_v1.5.1/pico-sdk/src/common/pico_time/time.c.obj
 *fill*         0x10008393        0x1 
 .rodata.sleep_until.str1.4
                0x10008394       0x4d CMakeFiles/rp2040_node.dir/C_/Program_Files/Raspberry_Pi/Pico_SDK_v1.5.1/pico-sdk/src/common/pico_time/time.c.obj
 *fill*         0x100083e1        0x3 
 .rodata.__func__.1
                0x100083e4       0x18 CMakeFiles/rp2040_node.dir/C_/Program_Files/Raspberry_Pi/Pico_SDK_v1.5.1/pico-sdk/src/common/pico_time/time.c.obj
 .rodata.__func__.10
                0x100083fc       0x15 CMakeFiles/rp2040_node.dir/C_/Program_Files/Raspberry_Pi/Pico_SDK_v1.5.1/pico-sdk/src/common/pico_time/time.c.obj
 *fill*         0x10008411        0x3 
 .rodata.__func__.11
                0x10008414       0x1a CMakeFiles/rp2040_node.dir/C_/Program_Files/Raspberry_Pi/Pico_SDK_v1.5.1/pico-sdk/src/common/pico_time/time.c.obj
 *fill*         0x1000842e        0x2 
 .rodata.__func__.12
                0x10008430        0xa CMakeFiles/rp2040_node.dir/C_/Program_Files/Raspberry_Pi/Pico_SDK_v1.5.1/pico-sdk/src/common/pico_time/time.c.obj
 *fill*         0x1000843a        0x2 
 .rodata.__func__.3
                0x1000843c       0x17 CMakeFiles/rp2040_node.dir/C_/Program_Files/Raspberry_Pi/Pico_SDK_v1.5.1/pico-sdk/src/common/pico_time/time.c.obj
 *fill*         0x10008453        0x1 
 .rodata.__func__.4
                0x10008454       0x12 CMakeFiles/rp2040_node.dir/C_/Program_Files/Raspberry_Pi/Pico_SDK_v1.5.1/pico-sdk/src/common/pico_time/time.c.obj
 *fill*         0x10008466        0x2 
 .rodata.__func__.5
                0x10008468        0xd CMakeFiles/rp2040_node.dir/C_/Program_Files/Raspberry_Pi/Pico_SDK_v1.5.1/pico-sdk/src/common/pico_time/time.c.obj
 *fill*         0x10008475        0x3 
 .rodata.__func__.6
                0x10008478       0x12 CMakeFiles/rp2040_node.dir/C_/Program_Files/Raspberry_Pi/Pico_SDK_v1.5.1/pico-sdk/src/common/pico_time/time.c.obj
 *fill*         0x1000848a        0x2 
 .rodata.__func__.7
                0x1000848c        0xf CMakeFiles/rp2040_node.dir/C_/Program_Files/Raspberry_Pi/Pico_SDK_v1.5.1/pico-sdk/src/common/pico_time/time.c.obj
 *fill*         0x1000849b        0x1 
 .rodata.__func__.8
                0x1000849c        0xc CMakeFiles/rp2040_node.dir/C_/Program_Files/Raspberry_Pi/Pico_SDK_v1.5.1/pico-sdk/src/common/pico_time/time.c.obj
 .rodata.__func__.9
                0x100084a8       0x15 CMakeFiles/rp2040_node.dir/C_/Program_Files/Raspberry_Pi/Pico_SDK_v1.5.1/pico-sdk/src/common/pico_time/time.c.obj
 *fill*         0x100084bd        0x3 
 .rodata.hardware_alarm_claim.str1.4
                0x100084c0       0x22 CMakeFiles/rp2040_node.dir/C_/Program_Files/Raspberry_Pi/Pico_SDK_v1.5.1/pico-sdk/src/rp2_common/hardware_timer/timer.c.obj
 .rodata.busy_wait_us.str1.4
                0x100084e2       0x7d CMakeFiles/rp2040_node.dir/C_/Program_Files/Raspberry_Pi/Pico_SDK_v1.5.1/pico-sdk/src/rp2_common/hardware_timer/timer.c.obj
 *fill*         0x100084e2        0x2 
 .rodata.hardware_alarm_set_target.str1.4
                0x100084e4       0x81 CMakeFiles/rp2040_node.dir/C_/Program_Files/Raspberry_Pi/Pico_SDK_v1.5.1/pico-sdk/src/rp2_common/hardware_timer/timer.c.obj
 *fill*         0x10008565        0x3 
 .rodata.__func__.0
                0x10008568       0x1a CMakeFiles/rp2040_node.dir/C_/Program_Files/Raspberry_Pi/Pico_SDK_v1.5.1/pico-sdk/src/rp2_common/hardware_timer/timer.c.obj
 *fill*         0x10008582        0x2 
 .rodata.__func__.1
                0x10008584       0x15 CMakeFiles/rp2040_node.dir/C_/Program_Files/Raspberry_Pi/Pico_SDK_v1.5.1/pico-sdk/src/rp2_common/hardware_timer/timer.c.obj
 .rodata.ph_add_child_node.str1.4
                0x10008599       0xb2 CMakeFiles/rp2040_node.dir/C_/Program_Files/Raspberry_Pi/Pico_SDK_v1.5.1/pico-sdk/src/common/pico_util/pheap.c.obj
 *fill*         0x10008599        0x3 
 .rodata.ph_remove_any_head.str1.4
                0x1000859c       0xa8 CMakeFiles/rp2040_node.dir/C_/Program_Files/Raspberry_Pi/Pico_SDK_v1.5.1/pico-sdk/src/common/pico_util/pheap.c.obj
                                 0xbc (size before relaxing)
 .rodata.ph_remove_and_free_node.str1.4
                0x10008644       0x1e CMakeFiles/rp2040_node.dir/C_/Program_Files/Raspberry_Pi/Pico_SDK_v1.5.1/pico-sdk/src/common/pico_util/pheap.c.obj
                                 0x26 (size before relaxing)
 *fill*         0x10008662        0x2 
 .rodata.__func__.0
                0x10008664       0x18 CMakeFiles/rp2040_node.dir/C_/Program_Files/Raspberry_Pi/Pico_SDK_v1.5.1/pico-sdk/src/common/pico_util/pheap.c.obj
 .rodata.__func__.1
                0x1000867c       0x13 CMakeFiles/rp2040_node.dir/C_/Program_Files/Raspberry_Pi/Pico_SDK_v1.5.1/pico-sdk/src/common/pico_util/pheap.c.obj
 *fill*         0x1000868f        0x1 
 .rodata.__func__.2
                0x10008690       0x12 CMakeFiles/rp2040_node.dir/C_/Program_Files/Raspberry_Pi/Pico_SDK_v1.5.1/pico-sdk/src/common/pico_util/pheap.c.obj
 *fill*         0x100086a2        0x2 
 .rodata.__func__.3
                0x100086a4        0xc CMakeFiles/rp2040_node.dir/C_/Program_Files/Raspberry_Pi/Pico_SDK_v1.5.1/pico-sdk/src/common/pico_util/pheap.c.obj
 .rodata.clock_configure.str1.4
                0x100086b0       0x73 CMakeFiles/rp2040_node.dir/C_/Program_Files/Raspberry_Pi/Pico_SDK_v1.5.1/pico-sdk/src/rp2_common/hardware_clocks/clocks.c.obj
 *fill*         0x10008723        0x1 
 .rodata.__func__.1
                0x10008724       0x10 CMakeFiles/rp2040_node.dir/C_/Program_Files/Raspberry_Pi/Pico_SDK_v1.5.1/pico-sdk/src/rp2_common/hardware_clocks/clocks.c.obj
 .rodata.pll_init.str1.4
                0x10008734      0x140 CMakeFiles/rp2040_node.dir/C_/Program_Files/Raspberry_Pi/Pico_SDK_v1.5.1/pico-sdk/src/rp2_common/hardware_pll/pll.c.obj
 .rodata.__func__.0
                0x10008874        0x9 CMakeFiles/rp2040_node.dir/C_/Program_Files/Raspberry_Pi/Pico_SDK_v1.5.1/pico-sdk/src/rp2_common/hardware_pll/pll.c.obj
 *fill*         0x1000887d        0x3 
 .rodata.__assert_func.str1.4
                0x10008880       0x3f CMakeFiles/rp2040_node.dir/C_/Program_Files/Raspberry_Pi/Pico_SDK_v1.5.1/pico-sdk/src/rp2_common/pico_runtime/runtime.c.obj
                                 0x43 (size before relaxing)
 *fill*         0x100088bf        0x1 
 .rodata.runtime_init.str1.4
                0x100088c0       0x7d CMakeFiles/rp2040_node.dir/C_/Program_Files/Raspberry_Pi/Pico_SDK_v1.5.1/pico-sdk/src/rp2_common/pico_runtime/runtime.c.obj
 *fill*         0x1000893d        0x3 
 .rodata.panic.str1.4
                0x10008940       0x10 CMakeFiles/rp2040_node.dir/C_/Program_Files/Raspberry_Pi/Pico_SDK_v1.5.1/pico-sdk/src/rp2_common/pico_runtime/runtime.c.obj
                                 0x12 (size before relaxing)
 .rodata.__func__.2
                0x10008950        0xd CMakeFiles/rp2040_node.dir/C_/Program_Files/Raspberry_Pi/Pico_SDK_v1.5.1/pico-sdk/src/rp2_common/pico_runtime/runtime.c.obj
 *fill*         0x1000895d        0x3 
 .rodata._ftoa.str1.4
                0x10008960       0x15 CMakeFiles/rp2040_node.dir/C_/Program_Files/Raspberry_Pi/Pico_SDK_v1.5.1/pico-sdk/src/rp2_common/pico_printf/printf.c.obj
 *fill*         0x10008975        0x3 
 .rodata._vsnprintf
                0x10008978      0x1e0 CMakeFiles/rp2040_node.dir/C_/Program_Files/Raspberry_Pi/Pico_SDK_v1.5.1/pico-sdk/src/rp2_common/pico_printf/printf.c.obj
 .rodata.pow10.0
                0x10008b58       0x50 CMakeFiles/rp2040_node.dir/C_/Program_Files/Raspberry_Pi/Pico_SDK_v1.5.1/pico-sdk/src/rp2_common/pico_printf/printf.c.obj
 .rodata.__aeabi_double_init.str1.4
                0x10008ba8       0xb8 CMakeFiles/rp2040_node.dir/C_/Program_Files/Raspberry_Pi/Pico_SDK_v1.5.1/pico-sdk/src/rp2_common/pico_double/double_init_rom.c.obj
 .rodata.__func__.0
                0x10008c60       0x14 CMakeFiles/rp2040_node.dir/C_/Program_Files/Raspberry_Pi/Pico_SDK_v1.5.1/pico-sdk/src/rp2_common/pico_double/double_init_rom.c.obj
 .rodata.__aeabi_float_init.str1.4
                0x10008c74       0x96 CMakeFiles/rp2040_node.dir/C_/Program_Files/Raspberry_Pi/Pico_SDK_v1.5.1/pico-sdk/src/rp2_common/pico_float/float_init_rom.c.obj
                                 0x9a (size before relaxing)
 *fill*         0x10008d0a        0x2 
 .rodata.__func__.0
                0x10008d0c       0x13 CMakeFiles/rp2040_node.dir/C_/Program_Files/Raspberry_Pi/Pico_SDK_v1.5.1/pico-sdk/src/rp2_common/pico_float/float_init_rom.c.obj
 *fill*         0x10008d1f        0x1 
 .rodata.str1.4
                0x10008d20       0x44 CMakeFiles/rp2040_node.dir/C_/Program_Files/Raspberry_Pi/Pico_SDK_v1.5.1/pico-sdk/src/rp2_common/pico_standard_link/binary_info.c.obj
 .rodata.__bi_44
                0x10008d64        0xc CMakeFiles/rp2040_node.dir/C_/Program_Files/Raspberry_Pi/Pico_SDK_v1.5.1/pico-sdk/src/rp2_common/pico_standard_link/binary_info.c.obj
 .rodata.__bi_56
                0x10008d70        0xc CMakeFiles/rp2040_node.dir/C_/Program_Files/Raspberry_Pi/Pico_SDK_v1.5.1/pico-sdk/src/rp2_common/pico_standard_link/binary_info.c.obj
 .rodata.__bi_75
                0x10008d7c        0xc CMakeFiles/rp2040_node.dir/C_/Program_Files/Raspberry_Pi/Pico_SDK_v1.5.1/pico-sdk/src/rp2_common/pico_standard_link/binary_info.c.obj
 .rodata.__bi_81
                0x10008d88        0xc CMakeFiles/rp2040_node.dir/C_/Program_Files/Raspberry_Pi/Pico_SDK_v1.5.1/pico-sdk/src/rp2_common/pico_standard_link/binary_info.c.obj
 .rodata.stdout_serialize_begin.str1.4
                0x10008d94       0x7d CMakeFiles/rp2040_node.dir/C_/Program_Files/Raspberry_Pi/Pico_SDK_v1.5.1/pico-sdk/src/rp2_common/pico_stdio/stdio.c.obj
 .rodata.__func__.3
                0x10008d94       0x15 CMakeFiles/rp2040_node.dir/C_/Program_Files/Raspberry_Pi/Pico_SDK_v1.5.1/pico-sdk/src/rp2_common/pico_stdio/stdio.c.obj
 *fill*         0x10008da9        0x3 
 .rodata.crlf_str.2
                0x10008dac        0x2 CMakeFiles/rp2040_node.dir/C_/Program_Files/Raspberry_Pi/Pico_SDK_v1.5.1/pico-sdk/src/rp2_common/pico_stdio/stdio.c.obj
 *fill*         0x10008dae        0x2 
 .rodata.str1.4
                0x10008db0       0x2c CMakeFiles/rp2040_node.dir/C_/Program_Files/Raspberry_Pi/Pico_SDK_v1.5.1/pico-sdk/src/rp2_common/pico_stdio_uart/stdio_uart.c.obj
 .rodata.__bi_33.4
                0x10008ddc        0xc CMakeFiles/rp2040_node.dir/C_/Program_Files/Raspberry_Pi/Pico_SDK_v1.5.1/pico-sdk/src/rp2_common/pico_stdio_uart/stdio_uart.c.obj
 .rodata.__bi_34.5
                0x10008de8        0x8 CMakeFiles/rp2040_node.dir/C_/Program_Files/Raspberry_Pi/Pico_SDK_v1.5.1/pico-sdk/src/rp2_common/pico_stdio_uart/stdio_uart.c.obj
 .rodata.i2c_set_baudrate.str1.4
                0x10008df0       0x79 CMakeFiles/rp2040_node.dir/C_/Program_Files/Raspberry_Pi/Pico_SDK_v1.5.1/pico-sdk/src/rp2_common/hardware_i2c/i2c.c.obj
 *fill*         0x10008e69        0x3 
 .rodata.__func__.0
                0x10008e6c       0x11 CMakeFiles/rp2040_node.dir/C_/Program_Files/Raspberry_Pi/Pico_SDK_v1.5.1/pico-sdk/src/rp2_common/hardware_i2c/i2c.c.obj
                0x10008e80                . = ALIGN (0x4)
 *fill*         0x10008e7d        0x3 
 *(SORT_BY_ALIGNMENT(SORT_BY_NAME(.flashdata*)))
                0x10008e80                . = ALIGN (0x4)

.ARM.extab
 *(.ARM.extab* .gnu.linkonce.armextab.*)
                0x10008e80                __exidx_start = .

.ARM.exidx
 *(.ARM.exidx* .gnu.linkonce.armexidx.*)
                0x10008e80                __exidx_end = .
                0x10008e80                . = ALIGN (0x4)
                0x10008e80                __binary_info_start = .

.binary_info    0x10008e80       0x28
 *(.binary_info.keep.*)
 .binary_info.keep.__bi_ptr22
                0x10008e80        0x4 CMakeFiles/rp2040_node.dir/C_/Program_Files/Raspberry_Pi/Pico_SDK_v1.5.1/pico-sdk/src/rp2_common/pico_standard_link/binary_info.c.obj
 .binary_info.keep.__bi_ptr30
                0x10008e84        0x4 CMakeFiles/rp2040_node.dir/C_/Program_Files/Raspberry_Pi/Pico_SDK_v1.5.1/pico-sdk/src/rp2_common/pico_standard_link/binary_info.c.obj
 .binary_info.keep.__bi_ptr38
                0x10008e88        0x4 CMakeFiles/rp2040_node.dir/C_/Program_Files/Raspberry_Pi/Pico_SDK_v1.5.1/pico-sdk/src/rp2_common/pico_standard_link/binary_info.c.obj
 .binary_info.keep.__bi_ptr44
                0x10008e8c        0x4 CMakeFiles/rp2040_node.dir/C_/Program_Files/Raspberry_Pi/Pico_SDK_v1.5.1/pico-sdk/src/rp2_common/pico_standard_link/binary_info.c.obj
 .binary_info.keep.__bi_ptr50
                0x10008e90        0x4 CMakeFiles/rp2040_node.dir/C_/Program_Files/Raspberry_Pi/Pico_SDK_v1.5.1/pico-sdk/src/rp2_common/pico_standard_link/binary_info.c.obj
 .binary_info.keep.__bi_ptr56
                0x10008e94        0x4 CMakeFiles/rp2040_node.dir/C_/Program_Files/Raspberry_Pi/Pico_SDK_v1.5.1/pico-sdk/src/rp2_common/pico_standard_link/binary_info.c.obj
 .binary_info.keep.__bi_ptr75
                0x10008e98        0x4 CMakeFiles/rp2040_node.dir/C_/Program_Files/Raspberry_Pi/Pico_SDK_v1.5.1/pico-sdk/src/rp2_common/pico_standard_link/binary_info.c.obj
 .binary_info.keep.__bi_ptr81
                0x10008e9c        0x4 CMakeFiles/rp2040_node.dir/C_/Program_Files/Raspberry_Pi/Pico_SDK_v1.5.1/pico-sdk/src/rp2_common/pico_standard_link/binary_info.c.obj
 *(.binary_info.*)
 .binary_info.__bi_ptr33
                0x10008ea0        0x4 CMakeFiles/rp2040_node.dir/C_/Program_Files/Raspberry_Pi/Pico_SDK_v1.5.1/pico-sdk/src/rp2_common/pico_stdio_uart/stdio_uart.c.obj
 .binary_info.__bi_ptr34
                0x10008ea4        0x4 CMakeFiles/rp2040_node.dir/C_/Program_Files/Raspberry_Pi/Pico_SDK_v1.5.1/pico-sdk/src/rp2_common/pico_stdio_uart/stdio_uart.c.obj
                0x10008ea8                __binary_info_end = .

.rel.dyn        0x10008ea8        0x0
 .rel.iplt      0x10008ea8        0x0 c:/progra~1/raspbe~1/picosd~1.1/gcc-ar~1/bin/../lib/gcc/arm-none-eabi/10.3.1/thumb/v6-m/nofp/crtbegin.o
                0x10008ea8                . = ALIGN (0x4)

.ram_vector_table
                0x20000000       0xc0
 *(.ram_vector_table)
 .ram_vector_table
                0x20000000       0xc0 CMakeFiles/rp2040_node.dir/C_/Program_Files/Raspberry_Pi/Pico_SDK_v1.5.1/pico-sdk/src/rp2_common/pico_runtime/runtime.c.obj
                0x20000000                ram_vector_table

.data           0x200000c0      0x2fc load address 0x10008ea8
                0x200000c0                __data_start__ = .
 *(vtable)
 *(.time_critical*)
 .time_critical.mutex_try_enter
                0x200000c0       0x46 CMakeFiles/rp2040_node.dir/C_/Program_Files/Raspberry_Pi/Pico_SDK_v1.5.1/pico-sdk/src/common/pico_sync/mutex.c.obj
                0x200000c0                mutex_try_enter
 *fill*         0x20000106        0x2 
 .time_critical.mutex_enter_block_until
                0x20000108       0x8c CMakeFiles/rp2040_node.dir/C_/Program_Files/Raspberry_Pi/Pico_SDK_v1.5.1/pico-sdk/src/common/pico_sync/mutex.c.obj
                0x20000108                mutex_enter_block_until
 .time_critical.mutex_try_enter_block_until
                0x20000194       0x34 CMakeFiles/rp2040_node.dir/C_/Program_Files/Raspberry_Pi/Pico_SDK_v1.5.1/pico-sdk/src/common/pico_sync/mutex.c.obj
                0x20000194                mutex_try_enter_block_until
 .time_critical.mutex_exit
                0x200001c8       0x4c CMakeFiles/rp2040_node.dir/C_/Program_Files/Raspberry_Pi/Pico_SDK_v1.5.1/pico-sdk/src/common/pico_sync/mutex.c.obj
                0x200001c8                mutex_exit
 .time_critical.spi_write_blocking
                0x20000214       0x3a CMakeFiles/rp2040_node.dir/C_/Program_Files/Raspberry_Pi/Pico_SDK_v1.5.1/pico-sdk/src/rp2_common/hardware_spi/spi.c.obj
                0x20000214                spi_write_blocking
 .time_critical.spi_read_blocking
                0x2000024e       0x3e CMakeFiles/rp2040_node.dir/C_/Program_Files/Raspberry_Pi/Pico_SDK_v1.5.1/pico-sdk/src/rp2_common/hardware_spi/spi.c.obj
                0x2000024e                spi_read_blocking
 *(.text*)
 .text          0x2000028c        0x4 C:/PROGRA~1/RASPBE~1/PICOSD~1.1/GCC-AR~1/lib/gcc/ARM-NO~1/103~1.1/thumb/v6-m/nofp\libgcc.a(_dvmd_tls.o)
                0x2000028c                __aeabi_idiv0
                0x2000028c                __aeabi_ldiv0
 .text.__stub   0x20000290       0x20 linker stubs
                0x200002b0                . = ALIGN (0x4)
 *(.rodata*)
                0x200002b0                . = ALIGN (0x4)
 *(.data*)
 .data.PI       0x200002b0        0x4 CMakeFiles/rp2040_node.dir/src/rp2040_node.cpp.obj
                0x200002b0                PI
 .data.Abw      0x200002b4        0x1 CMakeFiles/rp2040_node.dir/D_/Subjects/CC3501/Arm/drivers/LSM9DS1_driver/LSM9DS1_driver.cpp.obj
                0x200002b4                Abw
 .data.Aodr     0x200002b5        0x1 CMakeFiles/rp2040_node.dir/D_/Subjects/CC3501/Arm/drivers/LSM9DS1_driver/LSM9DS1_driver.cpp.obj
                0x200002b5                Aodr
 .data.Gbw      0x200002b6        0x1 CMakeFiles/rp2040_node.dir/D_/Subjects/CC3501/Arm/drivers/LSM9DS1_driver/LSM9DS1_driver.cpp.obj
                0x200002b6                Gbw
 .data.Godr     0x200002b7        0x1 CMakeFiles/rp2040_node.dir/D_/Subjects/CC3501/Arm/drivers/LSM9DS1_driver/LSM9DS1_driver.cpp.obj
                0x200002b7                Godr
 .data.GyroMeasError
                0x200002b8        0x4 CMakeFiles/rp2040_node.dir/D_/Subjects/CC3501/Arm/drivers/LSM9DS1_driver/LSM9DS1_driver.cpp.obj
                0x200002b8                GyroMeasError
 .data.LSM9DS1_ADDR_AG
                0x200002bc        0x1 CMakeFiles/rp2040_node.dir/D_/Subjects/CC3501/Arm/drivers/LSM9DS1_driver/LSM9DS1_driver.cpp.obj
                0x200002bc                LSM9DS1_ADDR_AG
 .data.LSM9DS1_ADDR_M
                0x200002bd        0x1 CMakeFiles/rp2040_node.dir/D_/Subjects/CC3501/Arm/drivers/LSM9DS1_driver/LSM9DS1_driver.cpp.obj
                0x200002bd                LSM9DS1_ADDR_M
 .data.Mmode    0x200002be        0x1 CMakeFiles/rp2040_node.dir/D_/Subjects/CC3501/Arm/drivers/LSM9DS1_driver/LSM9DS1_driver.cpp.obj
                0x200002be                Mmode
 .data.Modr     0x200002bf        0x1 CMakeFiles/rp2040_node.dir/D_/Subjects/CC3501/Arm/drivers/LSM9DS1_driver/LSM9DS1_driver.cpp.obj
                0x200002bf                Modr
 .data.q        0x200002c0       0x10 CMakeFiles/rp2040_node.dir/D_/Subjects/CC3501/Arm/drivers/LSM9DS1_driver/LSM9DS1_driver.cpp.obj
                0x200002c0                q
 .data.striped_spin_lock_num
                0x200002d0        0x1 CMakeFiles/rp2040_node.dir/C_/Program_Files/Raspberry_Pi/Pico_SDK_v1.5.1/pico-sdk/src/rp2_common/hardware_sync/sync.c.obj
 *fill*         0x200002d1        0x3 
 .data          0x200002d4       0x48 CMakeFiles/rp2040_node.dir/C_/Program_Files/Raspberry_Pi/Pico_SDK_v1.5.1/pico-sdk/src/rp2_common/hardware_irq/irq_handler_chain.S.obj
                0x200002d4                irq_handler_chain_slots
                0x20000304                irq_handler_chain_first_slot
                0x2000030e                irq_handler_chain_remove_tail
 .data.default_alarm_pool
                0x2000031c       0x18 CMakeFiles/rp2040_node.dir/C_/Program_Files/Raspberry_Pi/Pico_SDK_v1.5.1/pico-sdk/src/common/pico_time/time.c.obj
 .data.default_alarm_pool_heap
                0x20000334       0x10 CMakeFiles/rp2040_node.dir/C_/Program_Files/Raspberry_Pi/Pico_SDK_v1.5.1/pico-sdk/src/common/pico_time/time.c.obj
 *fill*         0x20000344        0xc 
 .data.aeabi_bits_funcs
                0x20000350       0x10 CMakeFiles/rp2040_node.dir/C_/Program_Files/Raspberry_Pi/Pico_SDK_v1.5.1/pico-sdk/src/rp2_common/pico_bit_ops/bit_ops_aeabi.S.obj
                0x20000350                aeabi_bits_funcs
                0x20000360                aeabi_bits_funcs_end
 .data.aeabi_mem_funcs
                0x20000360       0x10 CMakeFiles/rp2040_node.dir/C_/Program_Files/Raspberry_Pi/Pico_SDK_v1.5.1/pico-sdk/src/rp2_common/pico_mem_ops/mem_ops_aeabi.S.obj
                0x20000360                aeabi_mem_funcs
                0x20000370                aeabi_mem_funcs_end
 .data.stdio_uart
                0x20000370       0x18 CMakeFiles/rp2040_node.dir/C_/Program_Files/Raspberry_Pi/Pico_SDK_v1.5.1/pico-sdk/src/rp2_common/pico_stdio_uart/stdio_uart.c.obj
                0x20000370                stdio_uart
 .data.i2c0_inst
                0x20000388        0x8 CMakeFiles/rp2040_node.dir/C_/Program_Files/Raspberry_Pi/Pico_SDK_v1.5.1/pico-sdk/src/rp2_common/hardware_i2c/i2c.c.obj
                0x20000388                i2c0_inst
 .data.i2c1_inst
                0x20000390        0x8 CMakeFiles/rp2040_node.dir/C_/Program_Files/Raspberry_Pi/Pico_SDK_v1.5.1/pico-sdk/src/rp2_common/hardware_i2c/i2c.c.obj
                0x20000390                i2c1_inst
                0x20000398                . = ALIGN (0x4)
 *(.after_data.*)
                0x20000398                . = ALIGN (0x4)
                0x20000398                PROVIDE (__mutex_array_start = .)
 *(SORT_BY_NAME(.mutex_array.*))
 *(.mutex_array)
 .mutex_array   0x20000398        0x8 CMakeFiles/rp2040_node.dir/C_/Program_Files/Raspberry_Pi/Pico_SDK_v1.5.1/pico-sdk/src/rp2_common/pico_stdio/stdio.c.obj
                0x200003a0                PROVIDE (__mutex_array_end = .)
                0x200003a0                . = ALIGN (0x4)
                0x200003a0                PROVIDE (__preinit_array_start = .)
 *(SORT_BY_NAME(.preinit_array.*))
 .preinit_array.00001
                0x200003a0        0x4 CMakeFiles/rp2040_node.dir/C_/Program_Files/Raspberry_Pi/Pico_SDK_v1.5.1/pico-sdk/src/rp2_common/pico_mem_ops/mem_ops_aeabi.S.obj
 .preinit_array.00010
                0x200003a4        0x4 CMakeFiles/rp2040_node.dir/C_/Program_Files/Raspberry_Pi/Pico_SDK_v1.5.1/pico-sdk/src/rp2_common/pico_bit_ops/bit_ops_aeabi.S.obj
 .preinit_array.00020
                0x200003a8        0x4 CMakeFiles/rp2040_node.dir/C_/Program_Files/Raspberry_Pi/Pico_SDK_v1.5.1/pico-sdk/src/rp2_common/pico_double/double_aeabi.S.obj
 .preinit_array.00020
                0x200003ac        0x4 CMakeFiles/rp2040_node.dir/C_/Program_Files/Raspberry_Pi/Pico_SDK_v1.5.1/pico-sdk/src/rp2_common/pico_float/float_aeabi.S.obj
 *(.preinit_array)
                0x200003b0                PROVIDE (__preinit_array_end = .)
                0x200003b0                . = ALIGN (0x4)
                0x200003b0                PROVIDE (__init_array_start = .)
 *(SORT_BY_NAME(.init_array.*))
 *(.init_array)
 .init_array    0x200003b0        0x4 c:/progra~1/raspbe~1/picosd~1.1/gcc-ar~1/bin/../lib/gcc/arm-none-eabi/10.3.1/thumb/v6-m/nofp/crtbegin.o
 .init_array    0x200003b4        0x4 CMakeFiles/rp2040_node.dir/src/rp2040_node.cpp.obj
 .init_array    0x200003b8        0x4 CMakeFiles/rp2040_node.dir/D_/Subjects/CC3501/Arm/drivers/LSM9DS1_driver/LSM9DS1_driver.cpp.obj
                0x200003bc                PROVIDE (__init_array_end = .)
                0x200003bc                . = ALIGN (0x4)
                [!provide]                PROVIDE (__fini_array_start = .)
 *(SORT_BY_NAME(.fini_array.*))
 *(.fini_array)
                [!provide]                PROVIDE (__fini_array_end = .)
 *(.jcr)
                0x200003bc                . = ALIGN (0x4)
                0x200003bc                __data_end__ = .
                0x10008ea8                __etext = LOADADDR (.data)

.igot.plt       0x200003bc        0x0 load address 0x100091a4
 .igot.plt      0x200003bc        0x0 c:/progra~1/raspbe~1/picosd~1.1/gcc-ar~1/bin/../lib/gcc/arm-none-eabi/10.3.1/thumb/v6-m/nofp/crtbegin.o

.uninitialized_data
                0x200003bc        0x0 load address 0x100091a4
                0x200003bc                . = ALIGN (0x4)
 *(.uninitialized_data*)

.scratch_x      0x20040000        0x0 load address 0x100091a4
                0x20040000                __scratch_x_start__ = .
 *(.scratch_x.*)
                0x20040000                . = ALIGN (0x4)
                0x20040000                __scratch_x_end__ = .
                0x100091a4                __scratch_x_source__ = LOADADDR (.scratch_x)

.scratch_y      0x20041000        0x0 load address 0x100091a4
                0x20041000                __scratch_y_start__ = .
 *(.scratch_y.*)
                0x20041000                . = ALIGN (0x4)
                0x20041000                __scratch_y_end__ = .
                0x100091a4                __scratch_y_source__ = LOADADDR (.scratch_y)

.bss            0x200003c0      0x498
                0x200003c0                . = ALIGN (0x4)
                0x200003c0                __bss_start__ = .
 *(SORT_BY_ALIGNMENT(SORT_BY_NAME(.bss*)))
 .bss.count     0x200003c0        0x8 CMakeFiles/rp2040_node.dir/D_/Subjects/CC3501/Arm/drivers/LSM9DS1_driver/LSM9DS1_driver.cpp.obj
                0x200003c0                count
 .bss.default_alarm_pool_entries
                0x200003c8      0x100 CMakeFiles/rp2040_node.dir/C_/Program_Files/Raspberry_Pi/Pico_SDK_v1.5.1/pico-sdk/src/common/pico_time/time.c.obj
 .bss.delt_t    0x200004c8        0x8 CMakeFiles/rp2040_node.dir/D_/Subjects/CC3501/Arm/drivers/LSM9DS1_driver/LSM9DS1_driver.cpp.obj
                0x200004c8                delt_t
 .bss.lastUpdate
                0x200004d0        0x8 CMakeFiles/rp2040_node.dir/D_/Subjects/CC3501/Arm/drivers/LSM9DS1_driver/LSM9DS1_driver.cpp.obj
                0x200004d0                lastUpdate
 .bss.sumCount  0x200004d8        0x8 CMakeFiles/rp2040_node.dir/D_/Subjects/CC3501/Arm/drivers/LSM9DS1_driver/LSM9DS1_driver.cpp.obj
                0x200004d8                sumCount
 .bss           0x200004e0       0x1c c:/progra~1/raspbe~1/picosd~1.1/gcc-ar~1/bin/../lib/gcc/arm-none-eabi/10.3.1/thumb/v6-m/nofp/crtbegin.o
 .bss.GyroMeasDrift
                0x200004fc        0x4 CMakeFiles/rp2040_node.dir/D_/Subjects/CC3501/Arm/drivers/LSM9DS1_driver/LSM9DS1_driver.cpp.obj
                0x200004fc                GyroMeasDrift
 .bss.aRes      0x20000500        0x4 CMakeFiles/rp2040_node.dir/D_/Subjects/CC3501/Arm/drivers/LSM9DS1_driver/LSM9DS1_driver.cpp.obj
                0x20000500                aRes
 .bss.accelBias
                0x20000504        0xc CMakeFiles/rp2040_node.dir/D_/Subjects/CC3501/Arm/drivers/LSM9DS1_driver/LSM9DS1_driver.cpp.obj
                0x20000504                accelBias
 .bss.accelCount
                0x20000510        0x6 CMakeFiles/rp2040_node.dir/D_/Subjects/CC3501/Arm/drivers/LSM9DS1_driver/LSM9DS1_driver.cpp.obj
                0x20000510                accelCount
 *fill*         0x20000516        0x2 
 .bss.alarm_callbacks
                0x20000518       0x10 CMakeFiles/rp2040_node.dir/C_/Program_Files/Raspberry_Pi/Pico_SDK_v1.5.1/pico-sdk/src/rp2_common/hardware_timer/timer.c.obj
 .bss.ax        0x20000528        0x4 CMakeFiles/rp2040_node.dir/D_/Subjects/CC3501/Arm/drivers/LSM9DS1_driver/LSM9DS1_driver.cpp.obj
                0x20000528                ax
 .bss.ay        0x2000052c        0x4 CMakeFiles/rp2040_node.dir/D_/Subjects/CC3501/Arm/drivers/LSM9DS1_driver/LSM9DS1_driver.cpp.obj
                0x2000052c                ay
 .bss.az        0x20000530        0x4 CMakeFiles/rp2040_node.dir/D_/Subjects/CC3501/Arm/drivers/LSM9DS1_driver/LSM9DS1_driver.cpp.obj
                0x20000530                az
 .bss.beta      0x20000534        0x4 CMakeFiles/rp2040_node.dir/D_/Subjects/CC3501/Arm/drivers/LSM9DS1_driver/LSM9DS1_driver.cpp.obj
                0x20000534                beta
 .bss.chars_available_callback
                0x20000538        0x4 CMakeFiles/rp2040_node.dir/C_/Program_Files/Raspberry_Pi/Pico_SDK_v1.5.1/pico-sdk/src/rp2_common/pico_stdio_uart/stdio_uart.c.obj
 .bss.chars_available_param
                0x2000053c        0x4 CMakeFiles/rp2040_node.dir/C_/Program_Files/Raspberry_Pi/Pico_SDK_v1.5.1/pico-sdk/src/rp2_common/pico_stdio_uart/stdio_uart.c.obj
 .bss.configured_freq
                0x20000540       0x28 CMakeFiles/rp2040_node.dir/C_/Program_Files/Raspberry_Pi/Pico_SDK_v1.5.1/pico-sdk/src/rp2_common/hardware_clocks/clocks.c.obj
 .bss.default_alarm_pool_entry_ids_high
                0x20000568       0x10 CMakeFiles/rp2040_node.dir/C_/Program_Files/Raspberry_Pi/Pico_SDK_v1.5.1/pico-sdk/src/common/pico_time/time.c.obj
 .bss.default_alarm_pool_heap_nodes
                0x20000578       0x30 CMakeFiles/rp2040_node.dir/C_/Program_Files/Raspberry_Pi/Pico_SDK_v1.5.1/pico-sdk/src/common/pico_time/time.c.obj
 .bss.deltat    0x200005a8        0x4 CMakeFiles/rp2040_node.dir/D_/Subjects/CC3501/Arm/drivers/LSM9DS1_driver/LSM9DS1_driver.cpp.obj
                0x200005a8                deltat
 .bss.drivers   0x200005ac        0x4 CMakeFiles/rp2040_node.dir/C_/Program_Files/Raspberry_Pi/Pico_SDK_v1.5.1/pico-sdk/src/rp2_common/pico_stdio/stdio.c.obj
 .bss.filter    0x200005b0        0x4 CMakeFiles/rp2040_node.dir/C_/Program_Files/Raspberry_Pi/Pico_SDK_v1.5.1/pico-sdk/src/rp2_common/pico_stdio/stdio.c.obj
 .bss.gRes      0x200005b4        0x4 CMakeFiles/rp2040_node.dir/D_/Subjects/CC3501/Arm/drivers/LSM9DS1_driver/LSM9DS1_driver.cpp.obj